AVICapSM=2
AVIStreamDataSize=2
AVIStreamEnd=2
AVIStreamEndTime=2
AVIStreamFormatSize=2
AVIStreamIsKeyFrame=2
AVIStreamLengthTime=2
AVIStreamNearestKeyFrame=2
AVIStreamNearestKeyFrameTime=2
AVIStreamNearestSample=2
AVIStreamNearestSampleTime=2
AVIStreamNextKeyFrame=2
AVIStreamNextKeyFrameTime=2
AVIStreamNextSample=2
AVIStreamNextSampleTime=2
AVIStreamPrevKeyFrame=2
AVIStreamPrevKeyFrameTime=2
AVIStreamPrevSample=2
AVIStreamPrevSampleTime=2
AVIStreamSampleSize=2
AVIStreamSampleToSample=2
AVIStreamStartTime=2
D3D12_DECODE_FILTER_REDUCTION=2
D3D12_DECODE_IS_ANISOTROPIC_FILTER=2
D3D12_DECODE_IS_COMPARISON_FILTER=2
D3D12_DECODE_MAG_FILTER=2
D3D12_DECODE_MIN_FILTER=2
D3D12_DECODE_MIP_FILTER=2
D3D12_DECODE_SHADER_4_COMPONENT_MAPPING=2
D3D12_ENCODE_ANISOTROPIC_FILTER=2
D3D12_ENCODE_BASIC_FILTER=2
D3D12_ENCODE_SHADER_4_COMPONENT_MAPPING=2
D3D12_GET_COARSE_SHADING_RATE_X_AXIS=2
D3D12_GET_COARSE_SHADING_RATE_Y_AXIS=2
D3D12_MAKE_COARSE_SHADING_RATE=2
D3D_SET_OBJECT_NAME_A=2
D3D_SET_OBJECT_NAME_N_A=2
D3D_SET_OBJECT_NAME_N_W=2
D3D_SET_OBJECT_NAME_W=2
DEFINE_AVIGUID=2
DSSPEAKER_COMBINED=2
DSSPEAKER_CONFIG=2
DSSPEAKER_GEOMETRY=2
DrawDibUpdate=2
Edit_EnableSearchWeb=2
Edit_GetCaretIndex=2
Edit_GetEndOfLine=2
Edit_GetExtendedStyle=2
Edit_GetFileLine=2
Edit_GetFileLineCount=2
Edit_GetFileLineFromChar=2
Edit_GetFileLineIndex=2
Edit_GetFileLineLength=2
Edit_GetZoom=2
Edit_SearchWeb=2
Edit_SetCaretIndex=2
Edit_SetEndOfLine=2
Edit_SetExtendedStyle=2
Edit_SetZoom=2
FromHex=2
GDIPLUS_MAX=2
GDIPLUS_MIN=2
GDIP_EMFPLUS_RECORD_TO_WMF=2
GDIP_IS_WMF_RECORDTYPE=2
GDIP_WMF_RECORD_TO_EMFPLUS=2
HTTPAPI_EQUAL_VERSION=2
HTTPAPI_GREATER_VERSION=2
HTTPAPI_LESS_VERSION=2
HTTPAPI_VERSION_GREATER_OR_EQUAL=2
HTTP_EQUAL_VERSION=2
HTTP_GREATER_EQUAL_VERSION=2
HTTP_GREATER_VERSION=2
HTTP_IS_NULL_ID=2
HTTP_LESS_EQUAL_VERSION=2
HTTP_LESS_VERSION=2
HTTP_NOT_EQUAL_VERSION=2
HTTP_SET_NULL_ID=2
HTTP_SET_VERSION=2
ICAbout=2
ICCompressBegin=2
ICCompressEnd=2
ICCompressGetFormat=2
ICCompressGetFormatSize=2
ICCompressGetSize=2
ICCompressQuery=2
ICConfigure=2
ICDecompressBegin=2
ICDecompressEnd=2
ICDecompressExEnd=2
ICDecompressGetFormat=2
ICDecompressGetFormatSize=2
ICDecompressGetPalette=2
ICDecompressOpen=2
ICDecompressQuery=2
ICDecompressSetPalette=2
ICDrawChangePalette=2
ICDrawEnd=2
ICDrawFlush=2
ICDrawGetTime=2
ICDrawOpen=2
ICDrawQuery=2
ICDrawRealize=2
ICDrawRenderBuffer=2
ICDrawSetTime=2
ICDrawStart=2
ICDrawStartPlay=2
ICDrawStop=2
ICDrawStopPlay=2
ICDrawWindow=2
ICGetBuffersWanted=2
ICGetDefaultKeyFrameRate=2
ICGetDefaultQuality=2
ICGetState=2
ICGetStateSize=2
ICQueryAbout=2
ICQueryConfigure=2
ICSetState=2
IDirect3D9_AddRef=2
IDirect3D9_CheckDepthStencilMatch=2
IDirect3D9_CheckDeviceFormat=2
IDirect3D9_CheckDeviceFormatConversion=2
IDirect3D9_CheckDeviceMultiSampleType=2
IDirect3D9_CheckDeviceType=2
IDirect3D9_CreateDevice=2
IDirect3D9_EnumAdapterModes=2
IDirect3D9_GetAdapterCount=2
IDirect3D9_GetAdapterDisplayMode=2
IDirect3D9_GetAdapterIdentifier=2
IDirect3D9_GetAdapterModeCount=2
IDirect3D9_GetAdapterMonitor=2
IDirect3D9_GetDeviceCaps=2
IDirect3D9_QueryInterface=2
IDirect3D9_RegisterSoftwareDevice=2
IDirect3D9_Release=2
IDirect3DBaseTexture9_AddRef=2
IDirect3DBaseTexture9_FreePrivateData=2
IDirect3DBaseTexture9_GenerateMipSubLevels=2
IDirect3DBaseTexture9_GetAutoGenFilterType=2
IDirect3DBaseTexture9_GetDevice=2
IDirect3DBaseTexture9_GetLOD=2
IDirect3DBaseTexture9_GetLevelCount=2
IDirect3DBaseTexture9_GetPriority=2
IDirect3DBaseTexture9_GetPrivateData=2
IDirect3DBaseTexture9_GetType=2
IDirect3DBaseTexture9_PreLoad=2
IDirect3DBaseTexture9_QueryInterface=2
IDirect3DBaseTexture9_Release=2
IDirect3DBaseTexture9_SetAutoGenFilterType=2
IDirect3DBaseTexture9_SetLOD=2
IDirect3DBaseTexture9_SetPriority=2
IDirect3DBaseTexture9_SetPrivateData=2
IDirect3DCubeTexture9_AddDirtyRect=2
IDirect3DCubeTexture9_AddRef=2
IDirect3DCubeTexture9_FreePrivateData=2
IDirect3DCubeTexture9_GenerateMipSubLevels=2
IDirect3DCubeTexture9_GetAutoGenFilterType=2
IDirect3DCubeTexture9_GetCubeMapSurface=2
IDirect3DCubeTexture9_GetDevice=2
IDirect3DCubeTexture9_GetLOD=2
IDirect3DCubeTexture9_GetLevelCount=2
IDirect3DCubeTexture9_GetLevelDesc=2
IDirect3DCubeTexture9_GetPriority=2
IDirect3DCubeTexture9_GetPrivateData=2
IDirect3DCubeTexture9_GetType=2
IDirect3DCubeTexture9_LockRect=2
IDirect3DCubeTexture9_PreLoad=2
IDirect3DCubeTexture9_QueryInterface=2
IDirect3DCubeTexture9_Release=2
IDirect3DCubeTexture9_SetAutoGenFilterType=2
IDirect3DCubeTexture9_SetLOD=2
IDirect3DCubeTexture9_SetPriority=2
IDirect3DCubeTexture9_SetPrivateData=2
IDirect3DCubeTexture9_UnlockRect=2
IDirect3DDevice9_AddRef=2
IDirect3DDevice9_BeginScene=2
IDirect3DDevice9_BeginStateBlock=2
IDirect3DDevice9_Clear=2
IDirect3DDevice9_ColorFill=2
IDirect3DDevice9_CreateAdditionalSwapChain=2
IDirect3DDevice9_CreateCubeTexture=2
IDirect3DDevice9_CreateDepthStencilSurface=2
IDirect3DDevice9_CreateIndexBuffer=2
IDirect3DDevice9_CreateOffscreenPlainSurface=2
IDirect3DDevice9_CreatePixelShader=2
IDirect3DDevice9_CreateQuery=2
IDirect3DDevice9_CreateRenderTarget=2
IDirect3DDevice9_CreateStateBlock=2
IDirect3DDevice9_CreateTexture=2
IDirect3DDevice9_CreateVertexBuffer=2
IDirect3DDevice9_CreateVertexDeclaration=2
IDirect3DDevice9_CreateVertexShader=2
IDirect3DDevice9_CreateVolumeTexture=2
IDirect3DDevice9_DeletePatch=2
IDirect3DDevice9_DrawIndexedPrimitive=2
IDirect3DDevice9_DrawIndexedPrimitiveUP=2
IDirect3DDevice9_DrawPrimitive=2
IDirect3DDevice9_DrawPrimitiveUP=2
IDirect3DDevice9_DrawRectPatch=2
IDirect3DDevice9_DrawTriPatch=2
IDirect3DDevice9_EndScene=2
IDirect3DDevice9_EndStateBlock=2
IDirect3DDevice9_EvictManagedResources=2
IDirect3DDevice9_GetAvailableTextureMem=2
IDirect3DDevice9_GetBackBuffer=2
IDirect3DDevice9_GetClipPlane=2
IDirect3DDevice9_GetClipStatus=2
IDirect3DDevice9_GetCreationParameters=2
IDirect3DDevice9_GetCurrentTexturePalette=2
IDirect3DDevice9_GetDepthStencilSurface=2
IDirect3DDevice9_GetDeviceCaps=2
IDirect3DDevice9_GetDirect3D=2
IDirect3DDevice9_GetDisplayMode=2
IDirect3DDevice9_GetFVF=2
IDirect3DDevice9_GetFrontBufferData=2
IDirect3DDevice9_GetGammaRamp=2
IDirect3DDevice9_GetIndices=2
IDirect3DDevice9_GetLight=2
IDirect3DDevice9_GetLightEnable=2
IDirect3DDevice9_GetMaterial=2
IDirect3DDevice9_GetNPatchMode=2
IDirect3DDevice9_GetNumberOfSwapChains=2
IDirect3DDevice9_GetPaletteEntries=2
IDirect3DDevice9_GetPixelShader=2
IDirect3DDevice9_GetPixelShaderConstantB=2
IDirect3DDevice9_GetPixelShaderConstantF=2
IDirect3DDevice9_GetPixelShaderConstantI=2
IDirect3DDevice9_GetRasterStatus=2
IDirect3DDevice9_GetRenderState=2
IDirect3DDevice9_GetRenderTarget=2
IDirect3DDevice9_GetRenderTargetData=2
IDirect3DDevice9_GetSamplerState=2
IDirect3DDevice9_GetScissorRect=2
IDirect3DDevice9_GetSoftwareVertexProcessing=2
IDirect3DDevice9_GetStreamSource=2
IDirect3DDevice9_GetStreamSourceFreq=2
IDirect3DDevice9_GetSwapChain=2
IDirect3DDevice9_GetTexture=2
IDirect3DDevice9_GetTextureStageState=2
IDirect3DDevice9_GetTransform=2
IDirect3DDevice9_GetVertexDeclaration=2
IDirect3DDevice9_GetVertexShader=2
IDirect3DDevice9_GetVertexShaderConstantB=2
IDirect3DDevice9_GetVertexShaderConstantF=2
IDirect3DDevice9_GetVertexShaderConstantI=2
IDirect3DDevice9_GetViewport=2
IDirect3DDevice9_LightEnable=2
IDirect3DDevice9_MultiplyTransform=2
IDirect3DDevice9_Present=2
IDirect3DDevice9_ProcessVertices=2
IDirect3DDevice9_QueryInterface=2
IDirect3DDevice9_Release=2
IDirect3DDevice9_Reset=2
IDirect3DDevice9_SetClipPlane=2
IDirect3DDevice9_SetClipStatus=2
IDirect3DDevice9_SetCurrentTexturePalette=2
IDirect3DDevice9_SetCursorPosition=2
IDirect3DDevice9_SetCursorProperties=2
IDirect3DDevice9_SetDepthStencilSurface=2
IDirect3DDevice9_SetDialogBoxMode=2
IDirect3DDevice9_SetFVF=2
IDirect3DDevice9_SetGammaRamp=2
IDirect3DDevice9_SetIndices=2
IDirect3DDevice9_SetLight=2
IDirect3DDevice9_SetMaterial=2
IDirect3DDevice9_SetNPatchMode=2
IDirect3DDevice9_SetPaletteEntries=2
IDirect3DDevice9_SetPixelShader=2
IDirect3DDevice9_SetPixelShaderConstantB=2
IDirect3DDevice9_SetPixelShaderConstantF=2
IDirect3DDevice9_SetPixelShaderConstantI=2
IDirect3DDevice9_SetRenderState=2
IDirect3DDevice9_SetRenderTarget=2
IDirect3DDevice9_SetSamplerState=2
IDirect3DDevice9_SetScissorRect=2
IDirect3DDevice9_SetSoftwareVertexProcessing=2
IDirect3DDevice9_SetStreamSource=2
IDirect3DDevice9_SetStreamSourceFreq=2
IDirect3DDevice9_SetTexture=2
IDirect3DDevice9_SetTextureStageState=2
IDirect3DDevice9_SetTransform=2
IDirect3DDevice9_SetVertexDeclaration=2
IDirect3DDevice9_SetVertexShader=2
IDirect3DDevice9_SetVertexShaderConstantB=2
IDirect3DDevice9_SetVertexShaderConstantF=2
IDirect3DDevice9_SetVertexShaderConstantI=2
IDirect3DDevice9_SetViewport=2
IDirect3DDevice9_ShowCursor=2
IDirect3DDevice9_StretchRect=2
IDirect3DDevice9_TestCooperativeLevel=2
IDirect3DDevice9_UpdateSurface=2
IDirect3DDevice9_UpdateTexture=2
IDirect3DDevice9_ValidateDevice=2
IDirect3DIndexBuffer9_AddRef=2
IDirect3DIndexBuffer9_FreePrivateData=2
IDirect3DIndexBuffer9_GetDesc=2
IDirect3DIndexBuffer9_GetDevice=2
IDirect3DIndexBuffer9_GetPriority=2
IDirect3DIndexBuffer9_GetPrivateData=2
IDirect3DIndexBuffer9_GetType=2
IDirect3DIndexBuffer9_Lock=2
IDirect3DIndexBuffer9_PreLoad=2
IDirect3DIndexBuffer9_QueryInterface=2
IDirect3DIndexBuffer9_Release=2
IDirect3DIndexBuffer9_SetPriority=2
IDirect3DIndexBuffer9_SetPrivateData=2
IDirect3DIndexBuffer9_Unlock=2
IDirect3DPixelShader9_AddRef=2
IDirect3DPixelShader9_GetDevice=2
IDirect3DPixelShader9_GetFunction=2
IDirect3DPixelShader9_QueryInterface=2
IDirect3DPixelShader9_Release=2
IDirect3DQuery9_AddRef=2
IDirect3DQuery9_GetData=2
IDirect3DQuery9_GetDataSize=2
IDirect3DQuery9_GetDevice=2
IDirect3DQuery9_GetType=2
IDirect3DQuery9_Issue=2
IDirect3DQuery9_QueryInterface=2
IDirect3DQuery9_Release=2
IDirect3DResource9_AddRef=2
IDirect3DResource9_FreePrivateData=2
IDirect3DResource9_GetDevice=2
IDirect3DResource9_GetPriority=2
IDirect3DResource9_GetPrivateData=2
IDirect3DResource9_GetType=2
IDirect3DResource9_PreLoad=2
IDirect3DResource9_QueryInterface=2
IDirect3DResource9_Release=2
IDirect3DResource9_SetPriority=2
IDirect3DResource9_SetPrivateData=2
IDirect3DStateBlock9_AddRef=2
IDirect3DStateBlock9_Apply=2
IDirect3DStateBlock9_Capture=2
IDirect3DStateBlock9_GetDevice=2
IDirect3DStateBlock9_QueryInterface=2
IDirect3DStateBlock9_Release=2
IDirect3DSurface9_AddRef=2
IDirect3DSurface9_FreePrivateData=2
IDirect3DSurface9_GetContainer=2
IDirect3DSurface9_GetDC=2
IDirect3DSurface9_GetDesc=2
IDirect3DSurface9_GetDevice=2
IDirect3DSurface9_GetPriority=2
IDirect3DSurface9_GetPrivateData=2
IDirect3DSurface9_GetType=2
IDirect3DSurface9_LockRect=2
IDirect3DSurface9_PreLoad=2
IDirect3DSurface9_QueryInterface=2
IDirect3DSurface9_Release=2
IDirect3DSurface9_ReleaseDC=2
IDirect3DSurface9_SetPriority=2
IDirect3DSurface9_SetPrivateData=2
IDirect3DSurface9_UnlockRect=2
IDirect3DSwapChain9_AddRef=2
IDirect3DSwapChain9_GetBackBuffer=2
IDirect3DSwapChain9_GetDevice=2
IDirect3DSwapChain9_GetDisplayMode=2
IDirect3DSwapChain9_GetFrontBufferData=2
IDirect3DSwapChain9_GetPresentParameters=2
IDirect3DSwapChain9_GetRasterStatus=2
IDirect3DSwapChain9_Present=2
IDirect3DSwapChain9_QueryInterface=2
IDirect3DSwapChain9_Release=2
IDirect3DTexture9_AddDirtyRect=2
IDirect3DTexture9_AddRef=2
IDirect3DTexture9_FreePrivateData=2
IDirect3DTexture9_GenerateMipSubLevels=2
IDirect3DTexture9_GetAutoGenFilterType=2
IDirect3DTexture9_GetDevice=2
IDirect3DTexture9_GetLOD=2
IDirect3DTexture9_GetLevelCount=2
IDirect3DTexture9_GetLevelDesc=2
IDirect3DTexture9_GetPriority=2
IDirect3DTexture9_GetPrivateData=2
IDirect3DTexture9_GetSurfaceLevel=2
IDirect3DTexture9_GetType=2
IDirect3DTexture9_LockRect=2
IDirect3DTexture9_PreLoad=2
IDirect3DTexture9_QueryInterface=2
IDirect3DTexture9_Release=2
IDirect3DTexture9_SetAutoGenFilterType=2
IDirect3DTexture9_SetLOD=2
IDirect3DTexture9_SetPriority=2
IDirect3DTexture9_SetPrivateData=2
IDirect3DTexture9_UnlockRect=2
IDirect3DVertexBuffer9_AddRef=2
IDirect3DVertexBuffer9_FreePrivateData=2
IDirect3DVertexBuffer9_GetDesc=2
IDirect3DVertexBuffer9_GetDevice=2
IDirect3DVertexBuffer9_GetPriority=2
IDirect3DVertexBuffer9_GetPrivateData=2
IDirect3DVertexBuffer9_GetType=2
IDirect3DVertexBuffer9_Lock=2
IDirect3DVertexBuffer9_PreLoad=2
IDirect3DVertexBuffer9_QueryInterface=2
IDirect3DVertexBuffer9_Release=2
IDirect3DVertexBuffer9_SetPriority=2
IDirect3DVertexBuffer9_SetPrivateData=2
IDirect3DVertexBuffer9_Unlock=2
IDirect3DVertexDeclaration9_AddRef=2
IDirect3DVertexDeclaration9_GetDeclaration=2
IDirect3DVertexDeclaration9_GetDevice=2
IDirect3DVertexDeclaration9_QueryInterface=2
IDirect3DVertexDeclaration9_Release=2
IDirect3DVertexShader9_AddRef=2
IDirect3DVertexShader9_GetDevice=2
IDirect3DVertexShader9_GetFunction=2
IDirect3DVertexShader9_QueryInterface=2
IDirect3DVertexShader9_Release=2
IDirect3DVolume9_AddRef=2
IDirect3DVolume9_FreePrivateData=2
IDirect3DVolume9_GetContainer=2
IDirect3DVolume9_GetDesc=2
IDirect3DVolume9_GetDevice=2
IDirect3DVolume9_GetPrivateData=2
IDirect3DVolume9_LockBox=2
IDirect3DVolume9_QueryInterface=2
IDirect3DVolume9_Release=2
IDirect3DVolume9_SetPrivateData=2
IDirect3DVolume9_UnlockBox=2
IDirect3DVolumeTexture9_AddDirtyBox=2
IDirect3DVolumeTexture9_AddRef=2
IDirect3DVolumeTexture9_FreePrivateData=2
IDirect3DVolumeTexture9_GenerateMipSubLevels=2
IDirect3DVolumeTexture9_GetAutoGenFilterType=2
IDirect3DVolumeTexture9_GetDevice=2
IDirect3DVolumeTexture9_GetLOD=2
IDirect3DVolumeTexture9_GetLevelCount=2
IDirect3DVolumeTexture9_GetLevelDesc=2
IDirect3DVolumeTexture9_GetPriority=2
IDirect3DVolumeTexture9_GetPrivateData=2
IDirect3DVolumeTexture9_GetType=2
IDirect3DVolumeTexture9_GetVolumeLevel=2
IDirect3DVolumeTexture9_LockBox=2
IDirect3DVolumeTexture9_PreLoad=2
IDirect3DVolumeTexture9_QueryInterface=2
IDirect3DVolumeTexture9_Release=2
IDirect3DVolumeTexture9_SetAutoGenFilterType=2
IDirect3DVolumeTexture9_SetLOD=2
IDirect3DVolumeTexture9_SetPriority=2
IDirect3DVolumeTexture9_SetPrivateData=2
IDirect3DVolumeTexture9_UnlockBox=2
IDirectSound3DBuffer_AddRef=2
IDirectSound3DBuffer_GetAllParameters=2
IDirectSound3DBuffer_GetConeAngles=2
IDirectSound3DBuffer_GetConeOrientation=2
IDirectSound3DBuffer_GetConeOutsideVolume=2
IDirectSound3DBuffer_GetMaxDistance=2
IDirectSound3DBuffer_GetMinDistance=2
IDirectSound3DBuffer_GetMode=2
IDirectSound3DBuffer_GetPosition=2
IDirectSound3DBuffer_GetVelocity=2
IDirectSound3DBuffer_QueryInterface=2
IDirectSound3DBuffer_Release=2
IDirectSound3DBuffer_SetAllParameters=2
IDirectSound3DBuffer_SetConeAngles=2
IDirectSound3DBuffer_SetConeOrientation=2
IDirectSound3DBuffer_SetConeOutsideVolume=2
IDirectSound3DBuffer_SetMaxDistance=2
IDirectSound3DBuffer_SetMinDistance=2
IDirectSound3DBuffer_SetMode=2
IDirectSound3DBuffer_SetPosition=2
IDirectSound3DBuffer_SetVelocity=2
IDirectSound3DListener_AddRef=2
IDirectSound3DListener_CommitDeferredSettings=2
IDirectSound3DListener_GetAllParameters=2
IDirectSound3DListener_GetDistanceFactor=2
IDirectSound3DListener_GetDopplerFactor=2
IDirectSound3DListener_GetOrientation=2
IDirectSound3DListener_GetPosition=2
IDirectSound3DListener_GetRolloffFactor=2
IDirectSound3DListener_GetVelocity=2
IDirectSound3DListener_QueryInterface=2
IDirectSound3DListener_Release=2
IDirectSound3DListener_SetAllParameters=2
IDirectSound3DListener_SetDistanceFactor=2
IDirectSound3DListener_SetDopplerFactor=2
IDirectSound3DListener_SetOrientation=2
IDirectSound3DListener_SetPosition=2
IDirectSound3DListener_SetRolloffFactor=2
IDirectSound3DListener_SetVelocity=2
IDirectSound8_AddRef=2
IDirectSound8_Compact=2
IDirectSound8_CreateSoundBuffer=2
IDirectSound8_DuplicateSoundBuffer=2
IDirectSound8_GetCaps=2
IDirectSound8_GetSpeakerConfig=2
IDirectSound8_Initialize=2
IDirectSound8_QueryInterface=2
IDirectSound8_Release=2
IDirectSound8_SetCooperativeLevel=2
IDirectSound8_SetSpeakerConfig=2
IDirectSound8_VerifyCertification=2
IDirectSoundBuffer8_AcquireResources=2
IDirectSoundBuffer8_AddRef=2
IDirectSoundBuffer8_GetCaps=2
IDirectSoundBuffer8_GetCurrentPosition=2
IDirectSoundBuffer8_GetFormat=2
IDirectSoundBuffer8_GetFrequency=2
IDirectSoundBuffer8_GetObjectInPath=2
IDirectSoundBuffer8_GetPan=2
IDirectSoundBuffer8_GetStatus=2
IDirectSoundBuffer8_GetVolume=2
IDirectSoundBuffer8_Initialize=2
IDirectSoundBuffer8_Lock=2
IDirectSoundBuffer8_Play=2
IDirectSoundBuffer8_QueryInterface=2
IDirectSoundBuffer8_Release=2
IDirectSoundBuffer8_Restore=2
IDirectSoundBuffer8_SetCurrentPosition=2
IDirectSoundBuffer8_SetFX=2
IDirectSoundBuffer8_SetFormat=2
IDirectSoundBuffer8_SetFrequency=2
IDirectSoundBuffer8_SetPan=2
IDirectSoundBuffer8_SetVolume=2
IDirectSoundBuffer8_Stop=2
IDirectSoundBuffer8_Unlock=2
IDirectSoundBuffer_AddRef=2
IDirectSoundBuffer_GetCaps=2
IDirectSoundBuffer_GetCurrentPosition=2
IDirectSoundBuffer_GetFormat=2
IDirectSoundBuffer_GetFrequency=2
IDirectSoundBuffer_GetPan=2
IDirectSoundBuffer_GetStatus=2
IDirectSoundBuffer_GetVolume=2
IDirectSoundBuffer_Initialize=2
IDirectSoundBuffer_Lock=2
IDirectSoundBuffer_Play=2
IDirectSoundBuffer_QueryInterface=2
IDirectSoundBuffer_Release=2
IDirectSoundBuffer_Restore=2
IDirectSoundBuffer_SetCurrentPosition=2
IDirectSoundBuffer_SetFormat=2
IDirectSoundBuffer_SetFrequency=2
IDirectSoundBuffer_SetPan=2
IDirectSoundBuffer_SetVolume=2
IDirectSoundBuffer_Stop=2
IDirectSoundBuffer_Unlock=2
IDirectSoundCaptureBuffer8_AddRef=2
IDirectSoundCaptureBuffer8_GetCaps=2
IDirectSoundCaptureBuffer8_GetCurrentPosition=2
IDirectSoundCaptureBuffer8_GetFXStatus=2
IDirectSoundCaptureBuffer8_GetFormat=2
IDirectSoundCaptureBuffer8_GetObjectInPath=2
IDirectSoundCaptureBuffer8_GetStatus=2
IDirectSoundCaptureBuffer8_Initialize=2
IDirectSoundCaptureBuffer8_Lock=2
IDirectSoundCaptureBuffer8_QueryInterface=2
IDirectSoundCaptureBuffer8_Release=2
IDirectSoundCaptureBuffer8_Start=2
IDirectSoundCaptureBuffer8_Stop=2
IDirectSoundCaptureBuffer8_Unlock=2
IDirectSoundCaptureBuffer_AddRef=2
IDirectSoundCaptureBuffer_GetCaps=2
IDirectSoundCaptureBuffer_GetCurrentPosition=2
IDirectSoundCaptureBuffer_GetFormat=2
IDirectSoundCaptureBuffer_GetStatus=2
IDirectSoundCaptureBuffer_Initialize=2
IDirectSoundCaptureBuffer_Lock=2
IDirectSoundCaptureBuffer_QueryInterface=2
IDirectSoundCaptureBuffer_Release=2
IDirectSoundCaptureBuffer_Start=2
IDirectSoundCaptureBuffer_Stop=2
IDirectSoundCaptureBuffer_Unlock=2
IDirectSoundCaptureFXAec_AddRef=2
IDirectSoundCaptureFXAec_GetAllParameters=2
IDirectSoundCaptureFXAec_QueryInterface=2
IDirectSoundCaptureFXAec_Release=2
IDirectSoundCaptureFXAec_SetAllParameters=2
IDirectSoundCaptureFXNoiseSuppress_AddRef=2
IDirectSoundCaptureFXNoiseSuppress_GetAllParameters=2
IDirectSoundCaptureFXNoiseSuppress_QueryInterface=2
IDirectSoundCaptureFXNoiseSuppress_Release=2
IDirectSoundCaptureFXNoiseSuppress_SetAllParameters=2
IDirectSoundCapture_AddRef=2
IDirectSoundCapture_CreateCaptureBuffer=2
IDirectSoundCapture_GetCaps=2
IDirectSoundCapture_Initialize=2
IDirectSoundCapture_QueryInterface=2
IDirectSoundCapture_Release=2
IDirectSoundFXChorus_AddRef=2
IDirectSoundFXChorus_GetAllParameters=2
IDirectSoundFXChorus_QueryInterface=2
IDirectSoundFXChorus_Release=2
IDirectSoundFXChorus_SetAllParameters=2
IDirectSoundFXCompressor_AddRef=2
IDirectSoundFXCompressor_GetAllParameters=2
IDirectSoundFXCompressor_QueryInterface=2
IDirectSoundFXCompressor_Release=2
IDirectSoundFXCompressor_SetAllParameters=2
IDirectSoundFXDistortion_AddRef=2
IDirectSoundFXDistortion_GetAllParameters=2
IDirectSoundFXDistortion_QueryInterface=2
IDirectSoundFXDistortion_Release=2
IDirectSoundFXDistortion_SetAllParameters=2
IDirectSoundFXEcho_AddRef=2
IDirectSoundFXEcho_GetAllParameters=2
IDirectSoundFXEcho_QueryInterface=2
IDirectSoundFXEcho_Release=2
IDirectSoundFXEcho_SetAllParameters=2
IDirectSoundFXFlanger_AddRef=2
IDirectSoundFXFlanger_GetAllParameters=2
IDirectSoundFXFlanger_QueryInterface=2
IDirectSoundFXFlanger_Release=2
IDirectSoundFXFlanger_SetAllParameters=2
IDirectSoundFXGargle_AddRef=2
IDirectSoundFXGargle_GetAllParameters=2
IDirectSoundFXGargle_QueryInterface=2
IDirectSoundFXGargle_Release=2
IDirectSoundFXGargle_SetAllParameters=2
IDirectSoundFXI3DL2Reverb_AddRef=2
IDirectSoundFXI3DL2Reverb_GetAllParameters=2
IDirectSoundFXI3DL2Reverb_GetPreset=2
IDirectSoundFXI3DL2Reverb_QueryInterface=2
IDirectSoundFXI3DL2Reverb_Release=2
IDirectSoundFXI3DL2Reverb_SetAllParameters=2
IDirectSoundFXI3DL2Reverb_SetPreset=2
IDirectSoundFXParamEq_AddRef=2
IDirectSoundFXParamEq_GetAllParameters=2
IDirectSoundFXParamEq_QueryInterface=2
IDirectSoundFXParamEq_Release=2
IDirectSoundFXParamEq_SetAllParameters=2
IDirectSoundFXWavesReverb_AddRef=2
IDirectSoundFXWavesReverb_GetAllParameters=2
IDirectSoundFXWavesReverb_QueryInterface=2
IDirectSoundFXWavesReverb_Release=2
IDirectSoundFXWavesReverb_SetAllParameters=2
IDirectSoundFullDuplex_AddRef=2
IDirectSoundFullDuplex_Initialize=2
IDirectSoundFullDuplex_QueryInterface=2
IDirectSoundFullDuplex_Release=2
IDirectSoundNotify_AddRef=2
IDirectSoundNotify_QueryInterface=2
IDirectSoundNotify_Release=2
IDirectSoundNotify_SetNotificationPositions=2
IDirectSound_AddRef=2
IDirectSound_Compact=2
IDirectSound_CreateSoundBuffer=2
IDirectSound_DuplicateSoundBuffer=2
IDirectSound_GetCaps=2
IDirectSound_GetSpeakerConfig=2
IDirectSound_Initialize=2
IDirectSound_QueryInterface=2
IDirectSound_Release=2
IDirectSound_SetCooperativeLevel=2
IDirectSound_SetSpeakerConfig=2
IKsPropertySet_AddRef=2
IKsPropertySet_Get=2
IKsPropertySet_QueryInterface=2
IKsPropertySet_QuerySupport=2
IKsPropertySet_Release=2
IKsPropertySet_Set=2
INADDR_BROADCAST=2
IN_CLASSD=2
IN_MULTICAST=2
IReferenceClock_AddRef=2
IReferenceClock_AdvisePeriodic=2
IReferenceClock_AdviseTime=2
IReferenceClock_GetTime=2
IReferenceClock_QueryInterface=2
IReferenceClock_Release=2
IReferenceClock_Unadvise=2
IUnknown_AddRef=2
IUnknown_QueryInterface=2
IUnknown_Release=2
IsKeyReadCopyNumberBypassCache=2
MAKEAVICKID=2
MAKE_AVIERR=2
MAKE_D3DHRESULT=2
MAKE_D3DSTATUS=2
MAKE_DSHRESULT=2
MAKE_SAPI_ERROR=2
MAKE_SAPI_HRESULT=2
MAKE_SAPI_SCODE=2
MCIWndCanConfig=2
MCIWndCanEject=2
MCIWndCanPlay=2
MCIWndCanRecord=2
MCIWndCanSave=2
MCIWndCanWindow=2
MCIWndChangeStyles=2
MCIWndClose=2
MCIWndDestroy=2
MCIWndEject=2
MCIWndEnd=2
MCIWndGetActiveTimer=2
MCIWndGetAlias=2
MCIWndGetDest=2
MCIWndGetDevice=2
MCIWndGetDeviceID=2
MCIWndGetEnd=2
MCIWndGetError=2
MCIWndGetFileName=2
MCIWndGetInactiveTimer=2
MCIWndGetLength=2
MCIWndGetMode=2
MCIWndGetPalette=2
MCIWndGetPosition=2
MCIWndGetPositionString=2
MCIWndGetRepeat=2
MCIWndGetSource=2
MCIWndGetSpeed=2
MCIWndGetStart=2
MCIWndGetStyles=2
MCIWndGetTimeFormat=2
MCIWndGetVolume=2
MCIWndGetZoom=2
MCIWndHome=2
MCIWndNew=2
MCIWndOpen=2
MCIWndOpenDialog=2
MCIWndOpenInterface=2
MCIWndPaletteKick=2
MCIWndPause=2
MCIWndPlay=2
MCIWndPlayFrom=2
MCIWndPlayFromTo=2
MCIWndPlayReverse=2
MCIWndPlayTo=2
MCIWndPutDest=2
MCIWndPutSource=2
MCIWndRealize=2
MCIWndRecord=2
MCIWndResume=2
MCIWndReturnString=2
MCIWndSave=2
MCIWndSaveDialog=2
MCIWndSeek=2
MCIWndSendString=2
MCIWndSetActiveTimer=2
MCIWndSetInactiveTimer=2
MCIWndSetOwner=2
MCIWndSetPalette=2
MCIWndSetRepeat=2
MCIWndSetSpeed=2
MCIWndSetTimeFormat=2
MCIWndSetTimers=2
MCIWndSetVolume=2
MCIWndSetZoom=2
MCIWndStep=2
MCIWndStop=2
MCIWndUseFrames=2
MCIWndUseTime=2
MCIWndValidateMedia=2
MKFOURCC=2
PropSheet_AddPage=2
PropSheet_Apply=2
PropSheet_CancelToClose=2
PropSheet_Changed=2
PropSheet_EnableWizButtons=2
PropSheet_GetCurrentPageHwnd=2
PropSheet_GetResult=2
PropSheet_GetTabControl=2
PropSheet_HwndToIndex=2
PropSheet_IdToIndex=2
PropSheet_IndexToHwnd=2
PropSheet_IndexToId=2
PropSheet_IndexToPage=2
PropSheet_InsertPage=2
PropSheet_IsDialogMessage=2
PropSheet_PageToIndex=2
PropSheet_PressButton=2
PropSheet_QuerySiblings=2
PropSheet_RebootSystem=2
PropSheet_RecalcPageSizes=2
PropSheet_RemovePage=2
PropSheet_RestartWindows=2
PropSheet_SetButtonText=2
PropSheet_SetCurSel=2
PropSheet_SetCurSelByID=2
PropSheet_SetFinishText=2
PropSheet_SetHeaderSubTitle=2
PropSheet_SetHeaderTitle=2
PropSheet_SetNextText=2
PropSheet_SetTitle=2
PropSheet_SetWizButtons=2
PropSheet_ShowWizButtons=2
PropSheet_UnChanged=2
RVA_TO_ADDR=2
SCMBUS_FUNCTION=2
SCM_LOGICAL_DEVICE_FUNCTION=2
SCM_PHYSICAL_DEVICE_FUNCTION=2
SOMAXCONN_HINT=2
SPFEI=2
SetReadCopyNumberBypassCacheToKey=2
StreamFromFOURCC=2
TWOCCFromFOURCC=2
TXTLOG_LEVEL=2
ToHex=2
WSAAsyncGetHostByAddr=2
WSAAsyncGetHostByName=2
WspiapiFree=2
WspiapiMalloc=2
WspiapiSwap=2
_WINSOCK_DEPRECATED_BY=2
_WS2_32_WINSOCK_SWAP_LONG=2
_WS2_32_WINSOCK_SWAP_LONGLONG=2
_WSPIAPI_COUNTOF=2
_WSPIAPI_SPRINTF_S_1=2
_WSPIAPI_STRCAT_S=2
_WSPIAPI_STRCPY_S=2
_WSPIAPI_STRNCPY_S=2
aviTWOCC=2
capCaptureAbort=2
capCaptureGetSetup=2
capCaptureSequence=2
capCaptureSequenceNoFile=2
capCaptureSetSetup=2
capCaptureSingleFrame=2
capCaptureSingleFrameClose=2
capCaptureSingleFrameOpen=2
capCaptureStop=2
capDlgVideoCompression=2
capDlgVideoDisplay=2
capDlgVideoFormat=2
capDlgVideoSource=2
capDriverConnect=2
capDriverDisconnect=2
capDriverGetCaps=2
capDriverGetName=2
capDriverGetVersion=2
capEditCopy=2
capFileAlloc=2
capFileGetCaptureFile=2
capFileSaveAs=2
capFileSaveDIB=2
capFileSetCaptureFile=2
capFileSetInfoChunk=2
capGetAudioFormat=2
capGetAudioFormatSize=2
capGetMCIDeviceName=2
capGetStatus=2
capGetUserData=2
capGetVideoFormat=2
capGetVideoFormatSize=2
capGrabFrame=2
capGrabFrameNoStop=2
capOverlay=2
capPaletteAuto=2
capPaletteManual=2
capPaletteOpen=2
capPalettePaste=2
capPaletteSave=2
capPreview=2
capPreviewRate=2
capPreviewScale=2
capSetAudioFormat=2
capSetCallbackOnCapControl=2
capSetCallbackOnError=2
capSetCallbackOnFrame=2
capSetCallbackOnStatus=2
capSetCallbackOnVideoStream=2
capSetCallbackOnWaveStream=2
capSetCallbackOnYield=2
capSetMCIDeviceName=2
capSetScrollPos=2
capSetUserData=2
capSetVideoFormat=2
gethostbyaddr=2
gethostbyname=2
inet_addr=2
inet_ntoa=2
sp_countof=2
