)
ACMDRIVERDETAILSA
ACMDRIVERDETAILSW
ACMFILTERCHOOSEA
ACMFILTERCHOOSEW
ACMFILTERDETAILSA
ACMFILTERDETAILSW
ACMFILTERTAGDETAILSA
ACMFILTERTAGDETAILSW
ACMFORMATCHOOSEA
ACMFORMATCHOOSEW
ACMFORMATDETAILSA
ACMFORMATDETAILSW
ACMFORMATTAGDETAILSA
ACMFORMATTAGDETAILSW
ACMSTREAMHEADER
ADDRESS
ADDRESS64
APC_CALLBACK_DATA
API_VERSION
ASYNC_DUPLICATE_EXTENTS_STATUS
AVICOMPRESSOPTIONS
AVIFILEINFOA
AVIFILEINFOW
AVIINDEXENTRY
AVIPALCHANGE
AVISTREAMINFOA
AVISTREAMINFOW
AVIStreamHeader
AdditionalSignalInfo
Allocate
Apc
AsyncIDebugApplicationNodeEvents
AsyncIDebugApplicationNodeEventsVtbl
AtaPort
BasicInformation
BitmapWritesUserLevel
Block
BlockPrefetch
BlurParams
BootSectors
Bounds
BrightnessContrastParams
BusSpecificData
CABINET_INFO
CABINET_INFO_A
CABINET_INFO_W
CAPDRIVERCAPS
CAPINFOCHUNK
CAPSTATUS
CAPTUREPARMS
CHANNEL_CAPS
CMINVOKECOMMANDINFOEX_REMOTE
COINSTALLER_CONTEXT_DATA
COMPRESS_ALLOCATION_ROUTINES
COMPVARS
COPYFILE2_EXTENDED_PARAMETERS_V2
CPU_INFORMATION
CSV_QUERY_VOLUME_ID
CSV_SET_VOLUME_ID
Char
ChunkFinished
ChunkStarted
ColorBalanceParams
ColorCurveParams
ColorLUTParams
ColorMap
ColorMatrix
ColorPalette
Constant
ConstantBufferView
D3D12_AUTO_BREADCRUMB_NODE
D3D12_AUTO_BREADCRUMB_NODE1
D3D12_BARRIER_GROUP
D3D12_BARRIER_SUBRESOURCE_RANGE
D3D12_BLEND_DESC
D3D12_BOX
D3D12_BUFFER_BARRIER
D3D12_BUFFER_RTV
D3D12_BUFFER_SRV
D3D12_BUFFER_UAV
D3D12_BUILD_RAYTRACING_ACCELERATION_STRUCTURE_DESC
D3D12_BUILD_RAYTRACING_ACCELERATION_STRUCTURE_INPUTS
D3D12_BUILD_RAYTRACING_ACCELERATION_STRUCTURE_TOOLS_VISUALIZATION_HEADER
D3D12_CACHED_PIPELINE_STATE
D3D12_CLEAR_VALUE
D3D12_COMMAND_QUEUE_DESC
D3D12_COMMAND_SIGNATURE_DESC
D3D12_COMPUTE_PIPELINE_STATE_DESC
D3D12_CONSTANT_BUFFER_VIEW_DESC
D3D12_CPU_DESCRIPTOR_HANDLE
D3D12_DEBUG_COMMAND_LIST_GPU_BASED_VALIDATION_SETTINGS
D3D12_DEBUG_DEVICE_GPU_BASED_VALIDATION_SETTINGS
D3D12_DEBUG_DEVICE_GPU_SLOWDOWN_PERFORMANCE_FACTOR
D3D12_DEPTH_STENCILOP_DESC
D3D12_DEPTH_STENCIL_DESC
D3D12_DEPTH_STENCIL_DESC1
D3D12_DEPTH_STENCIL_VALUE
D3D12_DEPTH_STENCIL_VIEW_DESC
D3D12_DESCRIPTOR_HEAP_DESC
D3D12_DESCRIPTOR_RANGE
D3D12_DESCRIPTOR_RANGE1
D3D12_DEVICE_CONFIGURATION_DESC
D3D12_DEVICE_REMOVED_EXTENDED_DATA
D3D12_DEVICE_REMOVED_EXTENDED_DATA1
D3D12_DEVICE_REMOVED_EXTENDED_DATA2
D3D12_DEVICE_REMOVED_EXTENDED_DATA3
D3D12_DISCARD_REGION
D3D12_DISPATCH_ARGUMENTS
D3D12_DISPATCH_MESH_ARGUMENTS
D3D12_DISPATCH_RAYS_DESC
D3D12_DRAW_ARGUMENTS
D3D12_DRAW_INDEXED_ARGUMENTS
D3D12_DRED_ALLOCATION_NODE
D3D12_DRED_ALLOCATION_NODE1
D3D12_DRED_AUTO_BREADCRUMBS_OUTPUT
D3D12_DRED_AUTO_BREADCRUMBS_OUTPUT1
D3D12_DRED_BREADCRUMB_CONTEXT
D3D12_DRED_PAGE_FAULT_OUTPUT
D3D12_DRED_PAGE_FAULT_OUTPUT1
D3D12_DRED_PAGE_FAULT_OUTPUT2
D3D12_DXIL_LIBRARY_DESC
D3D12_DXIL_SUBOBJECT_TO_EXPORTS_ASSOCIATION
D3D12_EXISTING_COLLECTION_DESC
D3D12_EXPORT_DESC
D3D12_FEATURE_DATA_ARCHITECTURE
D3D12_FEATURE_DATA_ARCHITECTURE1
D3D12_FEATURE_DATA_COMMAND_QUEUE_PRIORITY
D3D12_FEATURE_DATA_CROSS_NODE
D3D12_FEATURE_DATA_D3D12_OPTIONS
D3D12_FEATURE_DATA_D3D12_OPTIONS1
D3D12_FEATURE_DATA_D3D12_OPTIONS10
D3D12_FEATURE_DATA_D3D12_OPTIONS11
D3D12_FEATURE_DATA_D3D12_OPTIONS12
D3D12_FEATURE_DATA_D3D12_OPTIONS13
D3D12_FEATURE_DATA_D3D12_OPTIONS19
D3D12_FEATURE_DATA_D3D12_OPTIONS2
D3D12_FEATURE_DATA_D3D12_OPTIONS20
D3D12_FEATURE_DATA_D3D12_OPTIONS3
D3D12_FEATURE_DATA_D3D12_OPTIONS4
D3D12_FEATURE_DATA_D3D12_OPTIONS5
D3D12_FEATURE_DATA_D3D12_OPTIONS6
D3D12_FEATURE_DATA_D3D12_OPTIONS7
D3D12_FEATURE_DATA_D3D12_OPTIONS8
D3D12_FEATURE_DATA_D3D12_OPTIONS9
D3D12_FEATURE_DATA_DISPLAYABLE
D3D12_FEATURE_DATA_EXISTING_HEAPS
D3D12_FEATURE_DATA_FEATURE_LEVELS
D3D12_FEATURE_DATA_FORMAT_INFO
D3D12_FEATURE_DATA_FORMAT_SUPPORT
D3D12_FEATURE_DATA_GPU_VIRTUAL_ADDRESS_SUPPORT
D3D12_FEATURE_DATA_MULTISAMPLE_QUALITY_LEVELS
D3D12_FEATURE_DATA_PROTECTED_RESOURCE_SESSION_SUPPORT
D3D12_FEATURE_DATA_PROTECTED_RESOURCE_SESSION_TYPES
D3D12_FEATURE_DATA_PROTECTED_RESOURCE_SESSION_TYPE_COUNT
D3D12_FEATURE_DATA_QUERY_META_COMMAND
D3D12_FEATURE_DATA_ROOT_SIGNATURE
D3D12_FEATURE_DATA_SERIALIZATION
D3D12_FEATURE_DATA_SHADER_CACHE
D3D12_FEATURE_DATA_SHADER_MODEL
D3D12_GLOBAL_BARRIER
D3D12_GLOBAL_ROOT_SIGNATURE
D3D12_GPU_DESCRIPTOR_HANDLE
D3D12_GPU_VIRTUAL_ADDRESS_AND_STRIDE
D3D12_GPU_VIRTUAL_ADDRESS_RANGE
D3D12_GPU_VIRTUAL_ADDRESS_RANGE_AND_STRIDE
D3D12_GRAPHICS_PIPELINE_STATE_DESC
D3D12_HEAP_DESC
D3D12_HEAP_PROPERTIES
D3D12_HIT_GROUP_DESC
D3D12_INDEX_BUFFER_VIEW
D3D12_INDIRECT_ARGUMENT_DESC
D3D12_INFO_QUEUE_FILTER
D3D12_INFO_QUEUE_FILTER_DESC
D3D12_INPUT_ELEMENT_DESC
D3D12_INPUT_LAYOUT_DESC
D3D12_LOCAL_ROOT_SIGNATURE
D3D12_MEMCPY_DEST
D3D12_MESSAGE
D3D12_META_COMMAND_DESC
D3D12_META_COMMAND_PARAMETER_DESC
D3D12_MIP_REGION
D3D12_NODE_MASK
D3D12_PACKED_MIP_INFO
D3D12_PIPELINE_STATE_STREAM_DESC
D3D12_PLACED_SUBRESOURCE_FOOTPRINT
D3D12_PROTECTED_RESOURCE_SESSION_DESC
D3D12_PROTECTED_RESOURCE_SESSION_DESC1
D3D12_QUERY_DATA_PIPELINE_STATISTICS
D3D12_QUERY_DATA_PIPELINE_STATISTICS1
D3D12_QUERY_DATA_SO_STATISTICS
D3D12_QUERY_HEAP_DESC
D3D12_RANGE
D3D12_RANGE_UINT64
D3D12_RASTERIZER_DESC
D3D12_RAYTRACING_AABB
D3D12_RAYTRACING_ACCELERATION_STRUCTURE_POSTBUILD_INFO_COMPACTED_SIZE_DESC
D3D12_RAYTRACING_ACCELERATION_STRUCTURE_POSTBUILD_INFO_CURRENT_SIZE_DESC
D3D12_RAYTRACING_ACCELERATION_STRUCTURE_POSTBUILD_INFO_DESC
D3D12_RAYTRACING_ACCELERATION_STRUCTURE_POSTBUILD_INFO_SERIALIZATION_DESC
D3D12_RAYTRACING_ACCELERATION_STRUCTURE_POSTBUILD_INFO_TOOLS_VISUALIZATION_DESC
D3D12_RAYTRACING_ACCELERATION_STRUCTURE_PREBUILD_INFO
D3D12_RAYTRACING_ACCELERATION_STRUCTURE_SRV
D3D12_RAYTRACING_GEOMETRY_AABBS_DESC
D3D12_RAYTRACING_GEOMETRY_DESC
D3D12_RAYTRACING_GEOMETRY_TRIANGLES_DESC
D3D12_RAYTRACING_INSTANCE_DESC
D3D12_RAYTRACING_PIPELINE_CONFIG
D3D12_RAYTRACING_PIPELINE_CONFIG1
D3D12_RAYTRACING_SHADER_CONFIG
D3D12_RECT
D3D12_RENDER_PASS_BEGINNING_ACCESS
D3D12_RENDER_PASS_BEGINNING_ACCESS_CLEAR_PARAMETERS
D3D12_RENDER_PASS_DEPTH_STENCIL_DESC
D3D12_RENDER_PASS_ENDING_ACCESS
D3D12_RENDER_PASS_ENDING_ACCESS_RESOLVE_PARAMETERS
D3D12_RENDER_PASS_ENDING_ACCESS_RESOLVE_SUBRESOURCE_PARAMETERS
D3D12_RENDER_PASS_RENDER_TARGET_DESC
D3D12_RENDER_TARGET_BLEND_DESC
D3D12_RENDER_TARGET_VIEW_DESC
D3D12_RESOURCE_ALIASING_BARRIER
D3D12_RESOURCE_ALLOCATION_INFO
D3D12_RESOURCE_ALLOCATION_INFO1
D3D12_RESOURCE_BARRIER
D3D12_RESOURCE_DESC
D3D12_RESOURCE_DESC1
D3D12_RESOURCE_TRANSITION_BARRIER
D3D12_RESOURCE_UAV_BARRIER
D3D12_ROOT_CONSTANTS
D3D12_ROOT_DESCRIPTOR
D3D12_ROOT_DESCRIPTOR1
D3D12_ROOT_DESCRIPTOR_TABLE
D3D12_ROOT_DESCRIPTOR_TABLE1
D3D12_ROOT_PARAMETER
D3D12_ROOT_PARAMETER1
D3D12_ROOT_SIGNATURE_DESC
D3D12_ROOT_SIGNATURE_DESC1
D3D12_RT_FORMAT_ARRAY
D3D12_SAMPLER_DESC
D3D12_SAMPLE_POSITION
D3D12_SERIALIZED_DATA_DRIVER_MATCHING_IDENTIFIER
D3D12_SERIALIZED_RAYTRACING_ACCELERATION_STRUCTURE_HEADER
D3D12_SHADER_BYTECODE
D3D12_SHADER_CACHE_SESSION_DESC
D3D12_SHADER_RESOURCE_VIEW_DESC
D3D12_SO_DECLARATION_ENTRY
D3D12_STATE_OBJECT_CONFIG
D3D12_STATE_OBJECT_DESC
D3D12_STATE_SUBOBJECT
D3D12_STATIC_SAMPLER_DESC
D3D12_STREAM_OUTPUT_BUFFER_VIEW
D3D12_STREAM_OUTPUT_DESC
D3D12_SUBOBJECT_TO_EXPORTS_ASSOCIATION
D3D12_SUBRESOURCE_DATA
D3D12_SUBRESOURCE_FOOTPRINT
D3D12_SUBRESOURCE_INFO
D3D12_SUBRESOURCE_RANGE_UINT64
D3D12_SUBRESOURCE_TILING
D3D12_TEX1D_ARRAY_DSV
D3D12_TEX1D_ARRAY_RTV
D3D12_TEX1D_ARRAY_SRV
D3D12_TEX1D_ARRAY_UAV
D3D12_TEX1D_DSV
D3D12_TEX1D_RTV
D3D12_TEX1D_SRV
D3D12_TEX1D_UAV
D3D12_TEX2DMS_ARRAY_DSV
D3D12_TEX2DMS_ARRAY_RTV
D3D12_TEX2DMS_ARRAY_SRV
D3D12_TEX2DMS_DSV
D3D12_TEX2DMS_RTV
D3D12_TEX2DMS_SRV
D3D12_TEX2D_ARRAY_DSV
D3D12_TEX2D_ARRAY_RTV
D3D12_TEX2D_ARRAY_SRV
D3D12_TEX2D_ARRAY_UAV
D3D12_TEX2D_DSV
D3D12_TEX2D_RTV
D3D12_TEX2D_SRV
D3D12_TEX2D_UAV
D3D12_TEX3D_RTV
D3D12_TEX3D_SRV
D3D12_TEX3D_UAV
D3D12_TEXCUBE_ARRAY_SRV
D3D12_TEXCUBE_SRV
D3D12_TEXTURE_BARRIER
D3D12_TEXTURE_COPY_LOCATION
D3D12_TILED_RESOURCE_COORDINATE
D3D12_TILE_REGION_SIZE
D3D12_TILE_SHAPE
D3D12_UNORDERED_ACCESS_VIEW_DESC
D3D12_VERSIONED_DEVICE_REMOVED_EXTENDED_DATA
D3D12_VERSIONED_ROOT_SIGNATURE_DESC
D3D12_VERTEX_BUFFER_VIEW
D3D12_VIEWPORT
D3D12_VIEW_INSTANCE_LOCATION
D3D12_VIEW_INSTANCING_DESC
D3D12_WRITEBUFFERIMMEDIATE_PARAMETER
D3D_SHADER_MACRO
DBGHELP_DATA_REPORT_STRUCT
DEVICE_DSM_CONVERSION_OUTPUT
DEVICE_INTERNAL_STATUS_DATA
DISK_SPACE_INFORMATION
DISPLAYCONFIG_GET_MONITOR_SPECIALIZATION
DISPLAYCONFIG_SET_MONITOR_SPECIALIZATION
DRAWDIBTIME
DS3DBUFFER
DS3DLISTENER
DSBCAPS
DSBPOSITIONNOTIFY
DSBUFFERDESC
DSBUFFERDESC1
DSCAPS
DSCBCAPS
DSCBUFFERDESC
DSCBUFFERDESC1
DSCCAPS
DSCEFFECTDESC
DSCFXAec
DSCFXNoiseSuppress
DSEFFECTDESC
DSFXChorus
DSFXCompressor
DSFXDistortion
DSFXEcho
DSFXFlanger
DSFXGargle
DSFXI3DL2Reverb
DSFXParamEq
DSFXWavesReverb
Data
DataStream
DebugPropertyInfo
DebugStackFrameDescriptor
DebugStackFrameDescriptor64
DesiredStorageClass
Detailed
DeviceSpecific
DiskInfo
ENHMETAHEADER3
Ea
Error
Error_
Event
Event_
ExtendedDebugPropertyInfo
ExtentInformation
Extents
ExternalStack
FILEPATHS
FILEPATHS_A
FILEPATHS_SIGNERINFO
FILEPATHS_SIGNERINFO_A
FILEPATHS_SIGNERINFO_W
FILEPATHS_W
FILE_CASE_SENSITIVE_INFO
FILE_IN_CABINET_INFO
FILE_IN_CABINET_INFO_A
FILE_IN_CABINET_INFO_W
FS_BPIO_INFO
FS_BPIO_INPUT
FS_BPIO_OUTPUT
FS_BPIO_RESULTS
Filter
FirmwareActivationCapability
Flags
FromFileHandle
FromFragmentCache
FromFragmentCacheEx
FromMemory
GETCLIPBMETADATA
GET_DEVICE_INTERNAL_STATUS_DATA_REQUEST
GdiplusStartupInput
GdiplusStartupOutput
GenericReserved
Gpt
HEAPENTRY32
HEAPLIST32
HTTP2_SETTINGS_LIMITS_PARAM
HTTP2_WINDOW_SIZE_PARAM
HTTPAPI_VERSION
HTTP_BANDWIDTH_LIMIT_INFO
HTTP_BINDING_INFO
HTTP_BYTE_RANGE
HTTP_CACHE_POLICY
HTTP_CHANNEL_BIND_INFO
HTTP_CONNECTION_LIMIT_INFO
HTTP_COOKED_URL
HTTP_CREATE_REQUEST_QUEUE_PROPERTY_INFO
HTTP_DATA_CHUNK
HTTP_DELEGATE_REQUEST_PROPERTY_INFO
HTTP_ERROR_HEADERS_PARAM
HTTP_FLOWRATE_INFO
HTTP_KNOWN_HEADER
HTTP_LISTEN_ENDPOINT_INFO
HTTP_LOGGING_INFO
HTTP_LOG_DATA
HTTP_LOG_FIELDS_DATA
HTTP_MULTIPLE_KNOWN_HEADERS
HTTP_PERFORMANCE_PARAM
HTTP_PROPERTY_FLAGS
HTTP_PROTECTION_LEVEL_INFO
HTTP_QOS_SETTING_INFO
HTTP_QUERY_REQUEST_QUALIFIER_QUIC
HTTP_QUERY_REQUEST_QUALIFIER_TCP
HTTP_QUIC_API_TIMINGS
HTTP_QUIC_CONNECTION_API_TIMINGS
HTTP_QUIC_STREAM_API_TIMINGS
HTTP_QUIC_STREAM_REQUEST_STATS
HTTP_REQUEST
HTTP_REQUEST_AUTH_INFO
HTTP_REQUEST_CHANNEL_BIND_STATUS
HTTP_REQUEST_HEADERS
HTTP_REQUEST_INFO
HTTP_REQUEST_PROPERTY_SNI
HTTP_REQUEST_PROPERTY_STREAM_ERROR
HTTP_REQUEST_SIZING_INFO
HTTP_REQUEST_TIMING_INFO
HTTP_REQUEST_TOKEN_BINDING_INFO
HTTP_REQUEST_V1
HTTP_REQUEST_V2
HTTP_RESPONSE
HTTP_RESPONSE_HEADERS
HTTP_RESPONSE_INFO
HTTP_RESPONSE_V1
HTTP_RESPONSE_V2
HTTP_SERVER_AUTHENTICATION_BASIC_PARAMS
HTTP_SERVER_AUTHENTICATION_DIGEST_PARAMS
HTTP_SERVER_AUTHENTICATION_INFO
HTTP_SERVICE_BINDING_A
HTTP_SERVICE_BINDING_BASE
HTTP_SERVICE_BINDING_W
HTTP_SERVICE_CONFIG_CACHE_SET
HTTP_SERVICE_CONFIG_IP_LISTEN_PARAM
HTTP_SERVICE_CONFIG_IP_LISTEN_QUERY
HTTP_SERVICE_CONFIG_SETTING_SET
HTTP_SERVICE_CONFIG_SSL_CCS_KEY
HTTP_SERVICE_CONFIG_SSL_CCS_QUERY
HTTP_SERVICE_CONFIG_SSL_CCS_QUERY_EX
HTTP_SERVICE_CONFIG_SSL_CCS_SET
HTTP_SERVICE_CONFIG_SSL_CCS_SET_EX
HTTP_SERVICE_CONFIG_SSL_KEY
HTTP_SERVICE_CONFIG_SSL_KEY_EX
HTTP_SERVICE_CONFIG_SSL_PARAM
HTTP_SERVICE_CONFIG_SSL_PARAM_EX
HTTP_SERVICE_CONFIG_SSL_QUERY
HTTP_SERVICE_CONFIG_SSL_QUERY_EX
HTTP_SERVICE_CONFIG_SSL_SET
HTTP_SERVICE_CONFIG_SSL_SET_EX
HTTP_SERVICE_CONFIG_SSL_SNI_KEY
HTTP_SERVICE_CONFIG_SSL_SNI_QUERY
HTTP_SERVICE_CONFIG_SSL_SNI_QUERY_EX
HTTP_SERVICE_CONFIG_SSL_SNI_SET
HTTP_SERVICE_CONFIG_SSL_SNI_SET_EX
HTTP_SERVICE_CONFIG_TIMEOUT_SET
HTTP_SERVICE_CONFIG_URLACL_KEY
HTTP_SERVICE_CONFIG_URLACL_PARAM
HTTP_SERVICE_CONFIG_URLACL_QUERY
HTTP_SERVICE_CONFIG_URLACL_SET
HTTP_SSL_CLIENT_CERT_INFO
HTTP_SSL_INFO
HTTP_SSL_PROTOCOL_INFO
HTTP_STATE_INFO
HTTP_TIMEOUT_LIMIT_INFO
HTTP_TLS_RESTRICTIONS_PARAM
HTTP_TLS_SESSION_TICKET_KEYS_PARAM
HTTP_TRANSPORT_ADDRESS
HTTP_UNKNOWN_HEADER
HTTP_VERSION
HTTP_WSK_API_TIMINGS
HueSaturationLightnessParams
IActiveScript
IActiveScriptDebug32
IActiveScriptDebug32Vtbl
IActiveScriptDebug64
IActiveScriptDebug64Vtbl
IActiveScriptEncode
IActiveScriptEncodeVtbl
IActiveScriptError
IActiveScriptError64
IActiveScriptError64Vtbl
IActiveScriptErrorDebug
IActiveScriptErrorDebugVtbl
IActiveScriptErrorVtbl
IActiveScriptGarbageCollector
IActiveScriptGarbageCollectorVtbl
IActiveScriptHostEncode
IActiveScriptHostEncodeVtbl
IActiveScriptParse32
IActiveScriptParse32Vtbl
IActiveScriptParse64
IActiveScriptParse64Vtbl
IActiveScriptParseProcedure2_32
IActiveScriptParseProcedure2_32Vtbl
IActiveScriptParseProcedure2_64
IActiveScriptParseProcedure2_64Vtbl
IActiveScriptParseProcedure32
IActiveScriptParseProcedure32Vtbl
IActiveScriptParseProcedure64
IActiveScriptParseProcedure64Vtbl
IActiveScriptParseProcedureOld32
IActiveScriptParseProcedureOld32Vtbl
IActiveScriptParseProcedureOld64
IActiveScriptParseProcedureOld64Vtbl
IActiveScriptProperty
IActiveScriptPropertyVtbl
IActiveScriptSIPInfo
IActiveScriptSIPInfoVtbl
IActiveScriptSite
IActiveScriptSiteDebug32
IActiveScriptSiteDebug32Vtbl
IActiveScriptSiteDebug64
IActiveScriptSiteDebug64Vtbl
IActiveScriptSiteDebugEx
IActiveScriptSiteDebugExVtbl
IActiveScriptSiteInterruptPoll
IActiveScriptSiteInterruptPollVtbl
IActiveScriptSiteTraceInfo
IActiveScriptSiteTraceInfoVtbl
IActiveScriptSiteUIControl
IActiveScriptSiteUIControlVtbl
IActiveScriptSiteVtbl
IActiveScriptSiteWindow
IActiveScriptSiteWindowVtbl
IActiveScriptStats
IActiveScriptStatsVtbl
IActiveScriptStringCompare
IActiveScriptStringCompareVtbl
IActiveScriptTraceInfo
IActiveScriptTraceInfoVtbl
IActiveScriptVtbl
IApplicationDebugger
IApplicationDebuggerUI
IApplicationDebuggerUIVtbl
IApplicationDebuggerVtbl
IBindEventHandler
IBindEventHandlerVtbl
ICCOMPRESS
ICCOMPRESSFRAMES
ICDECOMPRESS
ICDECOMPRESSEX
ICDRAW
ICDRAWBEGIN
ICDRAWSUGGEST
ICINFO
ICOPEN
ICPALETTE
ICSETSTATUSPROC
ID3D10Blob
ID3D10BlobVtbl
ID3D12CommandAllocator
ID3D12CommandAllocatorVtbl
ID3D12CommandList
ID3D12CommandListVtbl
ID3D12CommandQueue
ID3D12CommandQueueVtbl
ID3D12CommandSignature
ID3D12CommandSignatureVtbl
ID3D12Debug
ID3D12Debug1
ID3D12Debug1Vtbl
ID3D12Debug2
ID3D12Debug2Vtbl
ID3D12Debug3
ID3D12Debug3Vtbl
ID3D12Debug4
ID3D12Debug4Vtbl
ID3D12Debug5
ID3D12Debug5Vtbl
ID3D12Debug6
ID3D12Debug6Vtbl
ID3D12DebugCommandList
ID3D12DebugCommandList1
ID3D12DebugCommandList1Vtbl
ID3D12DebugCommandList2
ID3D12DebugCommandList2Vtbl
ID3D12DebugCommandListVtbl
ID3D12DebugCommandQueue
ID3D12DebugCommandQueueVtbl
ID3D12DebugDevice
ID3D12DebugDevice1
ID3D12DebugDevice1Vtbl
ID3D12DebugDevice2
ID3D12DebugDevice2Vtbl
ID3D12DebugDeviceVtbl
ID3D12DebugVtbl
ID3D12DescriptorHeap
ID3D12DescriptorHeapVtbl
ID3D12Device
ID3D12Device1
ID3D12Device10
ID3D12Device10Vtbl
ID3D12Device1Vtbl
ID3D12Device2
ID3D12Device2Vtbl
ID3D12Device3
ID3D12Device3Vtbl
ID3D12Device4
ID3D12Device4Vtbl
ID3D12Device5
ID3D12Device5Vtbl
ID3D12Device6
ID3D12Device6Vtbl
ID3D12Device7
ID3D12Device7Vtbl
ID3D12Device8
ID3D12Device8Vtbl
ID3D12Device9
ID3D12Device9Vtbl
ID3D12DeviceChild
ID3D12DeviceChildVtbl
ID3D12DeviceConfiguration
ID3D12DeviceConfigurationVtbl
ID3D12DeviceFactory
ID3D12DeviceFactoryVtbl
ID3D12DeviceRemovedExtendedData
ID3D12DeviceRemovedExtendedData1
ID3D12DeviceRemovedExtendedData1Vtbl
ID3D12DeviceRemovedExtendedData2
ID3D12DeviceRemovedExtendedData2Vtbl
ID3D12DeviceRemovedExtendedDataSettings
ID3D12DeviceRemovedExtendedDataSettings1
ID3D12DeviceRemovedExtendedDataSettings1Vtbl
ID3D12DeviceRemovedExtendedDataSettingsVtbl
ID3D12DeviceRemovedExtendedDataVtbl
ID3D12DeviceVtbl
ID3D12Fence
ID3D12Fence1
ID3D12Fence1Vtbl
ID3D12FenceVtbl
ID3D12GraphicsCommandList
ID3D12GraphicsCommandList1
ID3D12GraphicsCommandList1Vtbl
ID3D12GraphicsCommandList2
ID3D12GraphicsCommandList2Vtbl
ID3D12GraphicsCommandList3
ID3D12GraphicsCommandList3Vtbl
ID3D12GraphicsCommandList4
ID3D12GraphicsCommandList4Vtbl
ID3D12GraphicsCommandList5
ID3D12GraphicsCommandList5Vtbl
ID3D12GraphicsCommandList6
ID3D12GraphicsCommandList6Vtbl
ID3D12GraphicsCommandList7
ID3D12GraphicsCommandList7Vtbl
ID3D12GraphicsCommandListVtbl
ID3D12Heap
ID3D12Heap1
ID3D12Heap1Vtbl
ID3D12HeapVtbl
ID3D12InfoQueue
ID3D12InfoQueue1
ID3D12InfoQueue1Vtbl
ID3D12InfoQueueVtbl
ID3D12LifetimeOwner
ID3D12LifetimeOwnerVtbl
ID3D12LifetimeTracker
ID3D12LifetimeTrackerVtbl
ID3D12MetaCommand
ID3D12MetaCommandVtbl
ID3D12Object
ID3D12ObjectVtbl
ID3D12Pageable
ID3D12PageableVtbl
ID3D12PipelineLibrary
ID3D12PipelineLibrary1
ID3D12PipelineLibrary1Vtbl
ID3D12PipelineLibraryVtbl
ID3D12PipelineState
ID3D12PipelineStateVtbl
ID3D12ProtectedResourceSession
ID3D12ProtectedResourceSession1
ID3D12ProtectedResourceSession1Vtbl
ID3D12ProtectedResourceSessionVtbl
ID3D12ProtectedSession
ID3D12ProtectedSessionVtbl
ID3D12QueryHeap
ID3D12QueryHeapVtbl
ID3D12Resource
ID3D12Resource1
ID3D12Resource1Vtbl
ID3D12Resource2
ID3D12Resource2Vtbl
ID3D12ResourceVtbl
ID3D12RootSignature
ID3D12RootSignatureDeserializer
ID3D12RootSignatureDeserializerVtbl
ID3D12RootSignatureVtbl
ID3D12SDKConfiguration
ID3D12SDKConfiguration1
ID3D12SDKConfiguration1Vtbl
ID3D12SDKConfigurationVtbl
ID3D12ShaderCacheSession
ID3D12ShaderCacheSessionVtbl
ID3D12SharingContract
ID3D12SharingContractVtbl
ID3D12StateObject
ID3D12StateObjectProperties
ID3D12StateObjectPropertiesVtbl
ID3D12StateObjectVtbl
ID3D12SwapChainAssistant
ID3D12SwapChainAssistantVtbl
ID3D12Tools
ID3D12ToolsVtbl
ID3D12VersionedRootSignatureDeserializer
ID3D12VersionedRootSignatureDeserializerVtbl
ID3D12VirtualizationGuestDevice
ID3D12VirtualizationGuestDeviceVtbl
ID3DBlob
ID3DDestructionNotifier
ID3DDestructionNotifierVtbl
IDebugApplication32
IDebugApplication32Vtbl
IDebugApplication64
IDebugApplication64Vtbl
IDebugApplicationNode
IDebugApplicationNodeEvents
IDebugApplicationNodeEventsVtbl
IDebugApplicationNodeVtbl
IDebugApplicationThread
IDebugApplicationThread64
IDebugApplicationThread64Vtbl
IDebugApplicationThreadVtbl
IDebugAsyncOperation
IDebugAsyncOperationCallBack
IDebugAsyncOperationCallBackVtbl
IDebugAsyncOperationVtbl
IDebugCodeContext
IDebugCodeContextVtbl
IDebugCookie
IDebugCookieVtbl
IDebugDocument
IDebugDocumentContext
IDebugDocumentContextVtbl
IDebugDocumentHelper32
IDebugDocumentHelper32Vtbl
IDebugDocumentHelper64
IDebugDocumentHelper64Vtbl
IDebugDocumentHost
IDebugDocumentHostVtbl
IDebugDocumentInfo
IDebugDocumentInfoVtbl
IDebugDocumentProvider
IDebugDocumentProviderVtbl
IDebugDocumentText
IDebugDocumentTextAuthor
IDebugDocumentTextAuthorVtbl
IDebugDocumentTextEvents
IDebugDocumentTextEventsVtbl
IDebugDocumentTextExternalAuthor
IDebugDocumentTextExternalAuthorVtbl
IDebugDocumentTextVtbl
IDebugDocumentVtbl
IDebugExpression
IDebugExpressionCallBack
IDebugExpressionCallBackVtbl
IDebugExpressionContext
IDebugExpressionContextVtbl
IDebugExpressionVtbl
IDebugExtendedProperty
IDebugExtendedPropertyVtbl
IDebugFormatter
IDebugFormatterVtbl
IDebugHelper
IDebugHelperVtbl
IDebugProperty
IDebugPropertyEnumType_All
IDebugPropertyEnumType_AllVtbl
IDebugPropertyEnumType_Arguments
IDebugPropertyEnumType_ArgumentsVtbl
IDebugPropertyEnumType_Locals
IDebugPropertyEnumType_LocalsPlusArgs
IDebugPropertyEnumType_LocalsPlusArgsVtbl
IDebugPropertyEnumType_LocalsVtbl
IDebugPropertyEnumType_Registers
IDebugPropertyEnumType_RegistersVtbl
IDebugPropertyVtbl
IDebugSessionProvider
IDebugSessionProviderVtbl
IDebugStackFrame
IDebugStackFrameSniffer
IDebugStackFrameSnifferEx32
IDebugStackFrameSnifferEx32Vtbl
IDebugStackFrameSnifferEx64
IDebugStackFrameSnifferEx64Vtbl
IDebugStackFrameSnifferVtbl
IDebugStackFrameVtbl
IDebugSyncOperation
IDebugSyncOperationVtbl
IDebugThreadCall32
IDebugThreadCall32Vtbl
IDebugThreadCall64
IDebugThreadCall64Vtbl
IEnumDebugApplicationNodes
IEnumDebugApplicationNodesVtbl
IEnumDebugCodeContexts
IEnumDebugCodeContextsVtbl
IEnumDebugExpressionContexts
IEnumDebugExpressionContextsVtbl
IEnumDebugExtendedPropertyInfo
IEnumDebugExtendedPropertyInfoVtbl
IEnumDebugPropertyInfo
IEnumDebugPropertyInfoVtbl
IEnumDebugStackFrames
IEnumDebugStackFrames64
IEnumDebugStackFrames64Vtbl
IEnumDebugStackFramesVtbl
IEnumRemoteDebugApplicationThreads
IEnumRemoteDebugApplicationThreadsVtbl
IEnumRemoteDebugApplications
IEnumRemoteDebugApplicationsVtbl
IEnumSpObjectTokens
IEnumSpObjectTokensVtbl
IGetServiceIds
IGetServiceIdsVtbl
IHandlerInfo2
IHandlerInfo2Vtbl
ILaunchUIContext
ILaunchUIContextProvider
ILaunchUIContextProviderVtbl
ILaunchUIContextVtbl
IMAGEHLP_CBA_EVENT
IMAGEHLP_CBA_EVENTW
IMAGEHLP_CBA_READ_MEMORY
IMAGEHLP_DEFERRED_SYMBOL_LOAD
IMAGEHLP_DEFERRED_SYMBOL_LOAD64
IMAGEHLP_DEFERRED_SYMBOL_LOADW64
IMAGEHLP_DUPLICATE_SYMBOL
IMAGEHLP_DUPLICATE_SYMBOL64
IMAGEHLP_GET_TYPE_INFO_PARAMS
IMAGEHLP_JIT_SYMBOLMAP
IMAGEHLP_LINE
IMAGEHLP_LINE64
IMAGEHLP_LINEW
IMAGEHLP_LINEW64
IMAGEHLP_MODULE
IMAGEHLP_MODULE64
IMAGEHLP_MODULE64_EX
IMAGEHLP_MODULEW
IMAGEHLP_MODULEW64
IMAGEHLP_MODULEW64_EX
IMAGEHLP_STACK_FRAME
IMAGEHLP_SYMBOL
IMAGEHLP_SYMBOL64
IMAGEHLP_SYMBOL64_PACKAGE
IMAGEHLP_SYMBOLW
IMAGEHLP_SYMBOLW64
IMAGEHLP_SYMBOLW64_PACKAGE
IMAGEHLP_SYMBOLW_PACKAGE
IMAGEHLP_SYMBOL_PACKAGE
IMAGEHLP_SYMBOL_SRC
IMAGE_DEBUG_INFORMATION
IMachineDebugManager
IMachineDebugManagerCookie
IMachineDebugManagerCookieVtbl
IMachineDebugManagerEvents
IMachineDebugManagerEventsVtbl
IMachineDebugManagerVtbl
IMachineGlobalObjectTable
IMachineGlobalObjectTableVtbl
INFCONTEXT
INetworkFolderInternal
INetworkFolderInternalVtbl
IPerPropertyBrowsing2
IPerPropertyBrowsing2Vtbl
IProcessDebugManager32
IProcessDebugManager32Vtbl
IProcessDebugManager64
IProcessDebugManager64Vtbl
IPropertyKeyStore
IPropertyKeyStoreVtbl
IProvideExpressionContexts
IProvideExpressionContextsVtbl
IRemoteDebugApplication
IRemoteDebugApplicationEvents
IRemoteDebugApplicationEventsVtbl
IRemoteDebugApplicationThread
IRemoteDebugApplicationThreadVtbl
IRemoteDebugApplicationVtbl
ISimpleConnectionPoint
ISimpleConnectionPointVtbl
ISortColumnArray
ISortColumnArrayVtbl
ISpAudio
ISpAudioVtbl
ISpCFGInterpreter
ISpCFGInterpreterSite
ISpCFGInterpreterSiteVtbl
ISpCFGInterpreterVtbl
ISpContainerLexicon
ISpContainerLexiconVtbl
ISpDataKey
ISpDataKeyVtbl
ISpDisplayAlternates
ISpDisplayAlternatesVtbl
ISpEnginePronunciation
ISpEnginePronunciationVtbl
ISpErrorLog
ISpErrorLogVtbl
ISpEventSink
ISpEventSinkVtbl
ISpEventSource
ISpEventSource2
ISpEventSource2Vtbl
ISpEventSourceVtbl
ISpGramCompBackend
ISpGramCompBackendVtbl
ISpGrammarBuilder
ISpGrammarBuilder2
ISpGrammarBuilder2Vtbl
ISpGrammarBuilderVtbl
ISpGrammarCompiler
ISpGrammarCompilerVtbl
ISpITNProcessor
ISpITNProcessorVtbl
ISpLexicon
ISpLexiconVtbl
ISpMMSysAudio
ISpMMSysAudioVtbl
ISpNotifySink
ISpNotifySinkVtbl
ISpNotifySource
ISpNotifySourceVtbl
ISpNotifyTranslator
ISpNotifyTranslatorVtbl
ISpObjectToken
ISpObjectTokenCategory
ISpObjectTokenCategoryVtbl
ISpObjectTokenEnumBuilder
ISpObjectTokenEnumBuilderVtbl
ISpObjectTokenInit
ISpObjectTokenInitVtbl
ISpObjectTokenVtbl
ISpObjectWithToken
ISpObjectWithTokenVtbl
ISpPhoneConverter
ISpPhoneConverterVtbl
ISpPhoneticAlphabetConverter
ISpPhoneticAlphabetConverterVtbl
ISpPhoneticAlphabetSelection
ISpPhoneticAlphabetSelectionVtbl
ISpPhrase
ISpPhrase2
ISpPhrase2Vtbl
ISpPhraseAlt
ISpPhraseAltVtbl
ISpPhraseBuilder
ISpPhraseBuilderVtbl
ISpPhraseVtbl
ISpPrivateEngineCallEx
ISpPrivateEngineCallExVtbl
ISpProperties
ISpPropertiesVtbl
ISpRecoCategory
ISpRecoCategoryVtbl
ISpRecoContext
ISpRecoContext2
ISpRecoContext2Vtbl
ISpRecoContextVtbl
ISpRecoGrammar
ISpRecoGrammar2
ISpRecoGrammar2Vtbl
ISpRecoGrammarVtbl
ISpRecoResult
ISpRecoResult2
ISpRecoResult2Vtbl
ISpRecoResultVtbl
ISpRecognizer
ISpRecognizer2
ISpRecognizer2Vtbl
ISpRecognizer3
ISpRecognizer3Vtbl
ISpRecognizerVtbl
ISpRegDataKey
ISpRegDataKeyVtbl
ISpResourceManager
ISpResourceManagerVtbl
ISpSRAlternates
ISpSRAlternates2
ISpSRAlternates2Vtbl
ISpSRAlternatesVtbl
ISpSREngine
ISpSREngine2
ISpSREngine2Vtbl
ISpSREngineSite
ISpSREngineSite2
ISpSREngineSite2Vtbl
ISpSREngineSiteVtbl
ISpSREngineVtbl
ISpSerializeState
ISpSerializeStateVtbl
ISpShortcut
ISpShortcutVtbl
ISpStream
ISpStreamFormat
ISpStreamFormatConverter
ISpStreamFormatConverterVtbl
ISpStreamFormatVtbl
ISpStreamVtbl
ISpTTSEngine
ISpTTSEngineSite
ISpTTSEngineSiteVtbl
ISpTTSEngineVtbl
ISpTaskManager
ISpTaskManagerVtbl
ISpThreadControl
ISpThreadControlVtbl
ISpTokenUI
ISpTokenUIVtbl
ISpTranscript
ISpTranscriptVtbl
ISpVoice
ISpVoiceVtbl
ISpXMLRecoResult
ISpXMLRecoResultVtbl
ISpeechAudio
ISpeechAudioBufferInfo
ISpeechAudioBufferInfoVtbl
ISpeechAudioFormat
ISpeechAudioFormatVtbl
ISpeechAudioStatus
ISpeechAudioStatusVtbl
ISpeechAudioVtbl
ISpeechBaseStream
ISpeechBaseStreamVtbl
ISpeechCustomStream
ISpeechCustomStreamVtbl
ISpeechDataKey
ISpeechDataKeyVtbl
ISpeechFileStream
ISpeechFileStreamVtbl
ISpeechGrammarRule
ISpeechGrammarRuleState
ISpeechGrammarRuleStateTransition
ISpeechGrammarRuleStateTransitionVtbl
ISpeechGrammarRuleStateTransitions
ISpeechGrammarRuleStateTransitionsVtbl
ISpeechGrammarRuleStateVtbl
ISpeechGrammarRuleVtbl
ISpeechGrammarRules
ISpeechGrammarRulesVtbl
ISpeechLexicon
ISpeechLexiconPronunciation
ISpeechLexiconPronunciationVtbl
ISpeechLexiconPronunciations
ISpeechLexiconPronunciationsVtbl
ISpeechLexiconVtbl
ISpeechLexiconWord
ISpeechLexiconWordVtbl
ISpeechLexiconWords
ISpeechLexiconWordsVtbl
ISpeechMMSysAudio
ISpeechMMSysAudioVtbl
ISpeechMemoryStream
ISpeechMemoryStreamVtbl
ISpeechObjectToken
ISpeechObjectTokenCategory
ISpeechObjectTokenCategoryVtbl
ISpeechObjectTokenVtbl
ISpeechObjectTokens
ISpeechObjectTokensVtbl
ISpeechPhoneConverter
ISpeechPhoneConverterVtbl
ISpeechPhraseAlternate
ISpeechPhraseAlternateVtbl
ISpeechPhraseAlternates
ISpeechPhraseAlternatesVtbl
ISpeechPhraseElement
ISpeechPhraseElementVtbl
ISpeechPhraseElements
ISpeechPhraseElementsVtbl
ISpeechPhraseInfo
ISpeechPhraseInfoBuilder
ISpeechPhraseInfoBuilderVtbl
ISpeechPhraseInfoVtbl
ISpeechPhraseProperties
ISpeechPhrasePropertiesVtbl
ISpeechPhraseProperty
ISpeechPhrasePropertyVtbl
ISpeechPhraseReplacement
ISpeechPhraseReplacementVtbl
ISpeechPhraseReplacements
ISpeechPhraseReplacementsVtbl
ISpeechPhraseRule
ISpeechPhraseRuleVtbl
ISpeechPhraseRules
ISpeechPhraseRulesVtbl
ISpeechRecoContext
ISpeechRecoContextVtbl
ISpeechRecoGrammar
ISpeechRecoGrammarVtbl
ISpeechRecoResult
ISpeechRecoResult2
ISpeechRecoResult2Vtbl
ISpeechRecoResultDispatch
ISpeechRecoResultDispatchVtbl
ISpeechRecoResultTimes
ISpeechRecoResultTimesVtbl
ISpeechRecoResultVtbl
ISpeechRecognizer
ISpeechRecognizerStatus
ISpeechRecognizerStatusVtbl
ISpeechRecognizerVtbl
ISpeechResourceLoader
ISpeechResourceLoaderVtbl
ISpeechTextSelectionInformation
ISpeechTextSelectionInformationVtbl
ISpeechVoice
ISpeechVoiceStatus
ISpeechVoiceStatusVtbl
ISpeechVoiceVtbl
ISpeechWaveFormatEx
ISpeechWaveFormatExVtbl
ISpeechXMLRecoResult
ISpeechXMLRecoResultVtbl
IStorageProviderCopyHook
IStorageProviderCopyHookVtbl
ISupportAllowLowerTrustActivation
ISupportAllowLowerTrustActivationVtbl
ITridentEventSink
ITridentEventSinkVtbl
Info
KDHELP
KDHELP64
LMR_QUERY_INFO_PARAM
LMR_QUERY_SESSION_INFO
LOADED_IMAGE
LevelsParams
Linear
MINIDUMP_CALLBACK_INFORMATION
MINIDUMP_CALLBACK_INPUT
MINIDUMP_CALLBACK_OUTPUT
MINIDUMP_DIRECTORY
MINIDUMP_EXCEPTION
MINIDUMP_EXCEPTION_INFORMATION
MINIDUMP_EXCEPTION_INFORMATION64
MINIDUMP_EXCEPTION_STREAM
MINIDUMP_FUNCTION_TABLE_DESCRIPTOR
MINIDUMP_FUNCTION_TABLE_STREAM
MINIDUMP_HANDLE_DATA_STREAM
MINIDUMP_HANDLE_DESCRIPTOR
MINIDUMP_HANDLE_DESCRIPTOR_2
MINIDUMP_HANDLE_DESCRIPTOR_N
MINIDUMP_HANDLE_OBJECT_INFORMATION
MINIDUMP_HANDLE_OPERATION_LIST
MINIDUMP_HEADER
MINIDUMP_INCLUDE_MODULE_CALLBACK
MINIDUMP_INCLUDE_THREAD_CALLBACK
MINIDUMP_IO_CALLBACK
MINIDUMP_LOCATION_DESCRIPTOR
MINIDUMP_LOCATION_DESCRIPTOR64
MINIDUMP_MEMORY64_LIST
MINIDUMP_MEMORY_DESCRIPTOR
MINIDUMP_MEMORY_DESCRIPTOR64
MINIDUMP_MEMORY_INFO
MINIDUMP_MEMORY_INFO_LIST
MINIDUMP_MEMORY_LIST
MINIDUMP_MISC_INFO
MINIDUMP_MISC_INFO_2
MINIDUMP_MISC_INFO_3
MINIDUMP_MISC_INFO_4
MINIDUMP_MISC_INFO_5
MINIDUMP_MISC_INFO_N
MINIDUMP_MODULE
MINIDUMP_MODULE_CALLBACK
MINIDUMP_MODULE_LIST
MINIDUMP_PROCESS_VM_COUNTERS_1
MINIDUMP_PROCESS_VM_COUNTERS_2
MINIDUMP_PROCESS_VM_COUNTERS_N
MINIDUMP_READ_MEMORY_FAILURE_CALLBACK
MINIDUMP_STRING
MINIDUMP_SYSTEM_BASIC_INFORMATION
MINIDUMP_SYSTEM_BASIC_PERFORMANCE_INFORMATION
MINIDUMP_SYSTEM_FILECACHE_INFORMATION
MINIDUMP_SYSTEM_INFO
MINIDUMP_SYSTEM_MEMORY_INFO_1
MINIDUMP_SYSTEM_MEMORY_INFO_N
MINIDUMP_SYSTEM_PERFORMANCE_INFORMATION
MINIDUMP_THREAD
MINIDUMP_THREAD_CALLBACK
MINIDUMP_THREAD_EX
MINIDUMP_THREAD_EX_CALLBACK
MINIDUMP_THREAD_EX_LIST
MINIDUMP_THREAD_INFO
MINIDUMP_THREAD_INFO_LIST
MINIDUMP_THREAD_LIST
MINIDUMP_THREAD_NAME
MINIDUMP_THREAD_NAME_LIST
MINIDUMP_TOKEN_INFO_HEADER
MINIDUMP_TOKEN_INFO_LIST
MINIDUMP_UNLOADED_MODULE
MINIDUMP_UNLOADED_MODULE_LIST
MINIDUMP_USER_RECORD
MINIDUMP_USER_STREAM
MINIDUMP_USER_STREAM_INFORMATION
MINIDUMP_VM_POST_READ_CALLBACK
MINIDUMP_VM_PRE_READ_CALLBACK
MINIDUMP_VM_QUERY_CALLBACK
MODLOAD_CVMISC
MODLOAD_DATA
MODLOAD_PDBGUID_PDBAGE
MODULEENTRY32
MODULEENTRY32W
MODULE_TYPE_INFO
MachineGlobalObjectTableRegistrationToken__
MainAVIHeader
ManufactureDate
Mbr
Metrics
Mft2WritesUserLevel
MftBitmapWritesUserLevel
MftWritesUserLevel
MinorVersion
MultiSampleCaps
NCRYPT_TPM_PERSISTENT_KEY_BLOB_HEADER
NCRYPT_TPM_PLATFORM_ATTESTATION_STATEMENT
NMSEARCHWEB
NVDIMM_N
NotifyData
OMAP
OVERRIDE_PREFETCH_PARAMETER
Options
OtherCpuInfo
PROCESSENTRY32
PROCESSENTRY32W
PROCESS_LEAP_SECOND_INFO
PROCESS_MACHINE_INFORMATION
PROPSHEETHEADERA
PROPSHEETHEADERA_V1
PROPSHEETHEADERA_V2
PROPSHEETHEADERW
PROPSHEETHEADERW_V1
PROPSHEETHEADERW_V2
PROPSHEETPAGEA
PROPSHEETPAGEA_LATEST
PROPSHEETPAGEA_V1
PROPSHEETPAGEA_V2
PROPSHEETPAGEA_V3
PROPSHEETPAGEA_V4
PROPSHEETPAGEW
PROPSHEETPAGEW_LATEST
PROPSHEETPAGEW_V1
PROPSHEETPAGEW_V2
PROPSHEETPAGEW_V3
PROPSHEETPAGEW_V4
PR_IN
PR_OUT
PSHNOTIFY
PWMFRect16
Parameters
Pepe
PollContinue
Port
ProtocolSpecific
ProtocolSpecificReserved
QOS
REDIRECTION_DESCRIPTOR
REDIRECTION_FUNCTION_DESCRIPTOR
RETRIEVAL_POINTER_COUNT
RawBytes
ReaderAndContainerParameter
Reason
Rectangular
RedEyeCorrectionParams
Region
RemovableDiskInfo
Reparse
SCM_BUS_DEDICATED_MEMORY_DEVICES_INFO
SCM_BUS_DEDICATED_MEMORY_DEVICE_INFO
SCM_BUS_DEDICATED_MEMORY_STATE
SCM_BUS_PROPERTY_QUERY
SCM_BUS_PROPERTY_SET
SCM_BUS_RUNTIME_FW_ACTIVATION_INFO
SCM_INTERLEAVED_PD_INFO
SCM_LD_INTERLEAVE_SET_INFO
SCM_LOGICAL_DEVICES
SCM_LOGICAL_DEVICE_INSTANCE
SCM_PD_DESCRIPTOR_HEADER
SCM_PD_DEVICE_HANDLE
SCM_PD_DEVICE_INFO
SCM_PD_DEVICE_SPECIFIC_INFO
SCM_PD_DEVICE_SPECIFIC_PROPERTY
SCM_PD_FIRMWARE_ACTIVATE
SCM_PD_FIRMWARE_DOWNLOAD
SCM_PD_FIRMWARE_INFO
SCM_PD_FIRMWARE_SLOT_INFO
SCM_PD_FRU_ID_STRING
SCM_PD_HEALTH_NOTIFICATION_DATA
SCM_PD_LOCATION_STRING
SCM_PD_MANAGEMENT_STATUS
SCM_PD_PASSTHROUGH_INPUT
SCM_PD_PASSTHROUGH_INVDIMM_INPUT
SCM_PD_PASSTHROUGH_INVDIMM_OUTPUT
SCM_PD_PASSTHROUGH_OUTPUT
SCM_PD_PROPERTY_QUERY
SCM_PD_PROPERTY_SET
SCM_PD_REINITIALIZE_MEDIA_INPUT
SCM_PD_REINITIALIZE_MEDIA_OUTPUT
SCM_PD_RUNTIME_FW_ACTIVATION_ARM_STATE
SCM_PD_RUNTIME_FW_ACTIVATION_INFO
SCM_PHYSICAL_DEVICES
SCM_PHYSICAL_DEVICE_INSTANCE
SCM_REGION
SCM_REGIONS
SMB_SHARE_FLUSH_AND_PURGE_INPUT
SMB_SHARE_FLUSH_AND_PURGE_OUTPUT
SOCK_NOTIFY_REGISTRATION
SOURCEFILE
SOURCEFILEW
SOURCE_MEDIA
SOURCE_MEDIA_A
SOURCE_MEDIA_W
SPAUDIOBUFFERINFO
SPAUDIOSTATUS
SPBINARYGRAMMAR
SPDISPLAYPHRASE
SPDISPLAYTOKEN
SPEVENT
SPEVENTEX
SPEVENTSOURCEINFO
SPNORMALIZATIONLIST
SPPARSEINFO
SPPATHENTRY
SPPHRASE
SPPHRASEALT
SPPHRASEALTREQUEST
SPPHRASEELEMENT
SPPHRASEPROPERTY
SPPHRASEREPLACEMENT
SPPHRASERULE
SPPHRASE_50
SPPHRASE_53
SPPROPERTYINFO
SPRECOCONTEXTSTATUS
SPRECOGNIZERSTATUS
SPRECORESULTINFO
SPRECORESULTTIMES
SPRULE
SPRULEENTRY
SPSEMANTICERRORINFO
SPSERIALIZEDEVENT
SPSERIALIZEDEVENT64
SPSERIALIZEDPHRASE
SPSERIALIZEDRESULT
SPSHORTCUTPAIR
SPSHORTCUTPAIRLIST
SPSTATEINFO
SPTEXTSELECTIONINFO
SPTMTHREADINFO
SPTRANSITIONENTRY
SPTRANSITIONPROPERTY
SPVCONTEXT
SPVOICESTATUS
SPVPITCH
SPVSTATE
SPVTEXTFRAG
SPWORD
SPWORDENTRY
SPWORDLIST
SPWORDPRONUNCIATION
SPWORDPRONUNCIATIONLIST
SP_ADDPROPERTYPAGE_DATA
SP_ALTPLATFORM_INFO
SP_ALTPLATFORM_INFO_V1
SP_ALTPLATFORM_INFO_V2
SP_ALTPLATFORM_INFO_V3
SP_BACKUP_QUEUE_PARAMS
SP_BACKUP_QUEUE_PARAMS_A
SP_BACKUP_QUEUE_PARAMS_V1
SP_BACKUP_QUEUE_PARAMS_V1_A
SP_BACKUP_QUEUE_PARAMS_V1_W
SP_BACKUP_QUEUE_PARAMS_V2
SP_BACKUP_QUEUE_PARAMS_V2_A
SP_BACKUP_QUEUE_PARAMS_V2_W
SP_BACKUP_QUEUE_PARAMS_W
SP_CLASSIMAGELIST_DATA
SP_CLASSINSTALL_HEADER
SP_DETECTDEVICE_PARAMS
SP_DEVICE_INTERFACE_DATA
SP_DEVICE_INTERFACE_DETAIL_DATA
SP_DEVICE_INTERFACE_DETAIL_DATA_A
SP_DEVICE_INTERFACE_DETAIL_DATA_W
SP_DEVINFO_DATA
SP_DEVINFO_LIST_DETAIL_DATA
SP_DEVINFO_LIST_DETAIL_DATA_A
SP_DEVINFO_LIST_DETAIL_DATA_W
SP_DEVINSTALL_PARAMS
SP_DEVINSTALL_PARAMS_A
SP_DEVINSTALL_PARAMS_W
SP_DRVINFO_DATA
SP_DRVINFO_DATA_A
SP_DRVINFO_DATA_V1
SP_DRVINFO_DATA_V1_A
SP_DRVINFO_DATA_V1_W
SP_DRVINFO_DATA_V2
SP_DRVINFO_DATA_V2_A
SP_DRVINFO_DATA_V2_W
SP_DRVINFO_DATA_W
SP_DRVINFO_DETAIL_DATA
SP_DRVINFO_DETAIL_DATA_A
SP_DRVINFO_DETAIL_DATA_W
SP_DRVINSTALL_PARAMS
SP_ENABLECLASS_PARAMS
SP_FILE_COPY_PARAMS
SP_FILE_COPY_PARAMS_A
SP_FILE_COPY_PARAMS_W
SP_INF_INFORMATION
SP_INF_SIGNER_INFO
SP_INF_SIGNER_INFO_A
SP_INF_SIGNER_INFO_V1
SP_INF_SIGNER_INFO_V1_A
SP_INF_SIGNER_INFO_V1_W
SP_INF_SIGNER_INFO_V2
SP_INF_SIGNER_INFO_V2_A
SP_INF_SIGNER_INFO_V2_W
SP_INF_SIGNER_INFO_W
SP_INSTALLWIZARD_DATA
SP_INTERFACE_DEVICE_DATA
SP_INTERFACE_DEVICE_DETAIL_DATA
SP_INTERFACE_DEVICE_DETAIL_DATA_A
SP_INTERFACE_DEVICE_DETAIL_DATA_W
SP_NEWDEVICEWIZARD_DATA
SP_ORIGINAL_FILE_INFO
SP_ORIGINAL_FILE_INFO_A
SP_ORIGINAL_FILE_INFO_W
SP_POWERMESSAGEWAKE_PARAMS
SP_POWERMESSAGEWAKE_PARAMS_A
SP_POWERMESSAGEWAKE_PARAMS_W
SP_PROPCHANGE_PARAMS
SP_PROPSHEETPAGE_REQUEST
SP_REGISTER_CONTROL_STATUS
SP_REGISTER_CONTROL_STATUSA
SP_REGISTER_CONTROL_STATUSW
SP_REMOVEDEVICE_PARAMS
SP_SELECTDEVICE_PARAMS
SP_SELECTDEVICE_PARAMS_A
SP_SELECTDEVICE_PARAMS_W
SP_TROUBLESHOOTER_PARAMS
SP_TROUBLESHOOTER_PARAMS_A
SP_TROUBLESHOOTER_PARAMS_W
SP_UNREMOVEDEVICE_PARAMS
SRCCODEINFO
SRCCODEINFOW
STACKFRAME
STACKFRAME64
STACKFRAME_EX
STORAGE_DEVICE_LED_STATE_DESCRIPTOR
STORAGE_DEVICE_SELF_ENCRYPTION_PROPERTY
STORAGE_DEVICE_SELF_ENCRYPTION_PROPERTY_V2
STORAGE_FRU_ID_DESCRIPTOR
STORAGE_HW_ENDURANCE_DATA_DESCRIPTOR
STORAGE_HW_ENDURANCE_INFO
STORAGE_PROPERTY_SET
STORAGE_PROTOCOL_DATA_DESCRIPTOR_EXT
STORAGE_PROTOCOL_DATA_SUBVALUE_GET_LOG_PAGE
STORAGE_PROTOCOL_SPECIFIC_DATA_EXT
STORAGE_REINITIALIZE_MEDIA
SYMBOL_INFO
SYMBOL_INFOW
SYMBOL_INFO_PACKAGE
SYMBOL_INFO_PACKAGEW
SYMSRV_EXTENDED_OUTPUT_DATA
SYMSRV_INDEX_INFO
SYMSRV_INDEX_INFOW
S_un
S_un_b
S_un_w
SanitizeOption
ScalarPrefetch
ScsiInformation
ScsiSenseKey
SequentialPreferredZone
SequentialRequiredZone
SerialNumberParameter
Server
ShaderResourceView
Share
SharpenParams
Smb2
StackSpecific
StorPort
StorageOffloadZeroDataToken
StreamFinished
StreamInformation
StreamStarted
THREADENTRY32
TI_FINDCHILDREN_PARAMS
TapeInfo
Target
TintParams
Trailers
TxfFileId
URL_COMPONENTS
URL_COMPONENTSW
UnorderedAccessView
VIDEOHDR
Value
VertexBuffer
WIN32_MEMORY_PARTITION_INFORMATION
WINHTTP_ASYNC_RESULT
WINHTTP_AUTOPROXY_OPTIONS
WINHTTP_CERTIFICATE_INFO
WINHTTP_CONNECTION_GROUP
WINHTTP_CONNECTION_INFO
WINHTTP_CREDS
WINHTTP_CREDS_EX
WINHTTP_CURRENT_USER_IE_PROXY_CONFIG
WINHTTP_EXTENDED_HEADER
WINHTTP_FAILED_CONNECTION_RETRIES
WINHTTP_HEADER_NAME
WINHTTP_HOST_CONNECTION_GROUP
WINHTTP_HTTP2_RECEIVE_WINDOW
WINHTTP_MATCH_CONNECTION_GUID
WINHTTP_PROXY_INFO
WINHTTP_PROXY_INFOW
WINHTTP_PROXY_NETWORKING_KEY
WINHTTP_PROXY_RESULT
WINHTTP_PROXY_RESULT_ENTRY
WINHTTP_PROXY_RESULT_EX
WINHTTP_PROXY_SETTINGS
WINHTTP_PROXY_SETTINGS_EX
WINHTTP_PROXY_SETTINGS_PARAM
WINHTTP_QUERY_CONNECTION_GROUP_RESULT
WINHTTP_REQUEST_STATS
WINHTTP_REQUEST_TIMES
WINHTTP_RESOLVER_CACHE_CONFIG
WINHTTP_SECURITY_INFO
WINHTTP_WEB_SOCKET_ASYNC_RESULT
WINHTTP_WEB_SOCKET_STATUS
WSACOMPLETION
WSANAMESPACE_INFO
WSANAMESPACE_INFOA
WSANAMESPACE_INFOEX
WSANAMESPACE_INFOEXA
WSANAMESPACE_INFOEXW
WSANAMESPACE_INFOW
WSANETWORKEVENTS
WSANSCLASSINFO
WSANSCLASSINFOA
WSANSCLASSINFOW
WSAOVERLAPPED
WSAPOLLFD
WSAPROTOCOLCHAIN
WSAPROTOCOL_INFO
WSAPROTOCOL_INFOA
WSAPROTOCOL_INFOW
WSAQUERYSET
WSAQUERYSET2
WSAQUERYSET2A
WSAQUERYSET2W
WSAQUERYSETA
WSAQUERYSETW
WSASERVICECLASSINFO
WSASERVICECLASSINFOA
WSASERVICECLASSINFOW
WSAVERSION
WSPIAPI_FUNCTION
WindowMessage
WmfPlaceableFileHeader
X86CpuInfo
XSTATE_CONFIG_FEATURE_MSC_INFO
ZoneAttributes
]
_ISpPrivateEngineCall
_ISpPrivateEngineCallVtbl
_ISpeechRecoContextEvents
_ISpeechRecoContextEventsVtbl
_ISpeechVoiceEvents
_ISpeechVoiceEventsVtbl
__VARIANT_NAME_1
__VARIANT_NAME_2
__VARIANT_NAME_3
__VARIANT_NAME_4
data
ddsExtendedHeapRestrictions
in_addr
len
midi
propertyBlob
s
smpte
u
uChar
value
}
