ABORTPROC
ACTCTX
ADDJOB_INFO_1
ADDRINFO
ADDRINFOEX
ADDRINFOT
ALG_ID
APARTMENTID
APPBREAKFLAGS
ARGB
ARGB64
ASSOCF
ASYNC_STGMEDIUM
AUXCAPS
AUXCAPS2
AXESLIST
AXISINFO
BAD_TRACK_NUMBER
BCHAR
BORDERWIDTHS
BROWSERFRAMEOPTIONS
CABINET_INFO
CALID
CALINFO_ENUMPROCA
CALINFO_ENUMPROCEXA
CALINFO_ENUMPROCEXW
CALINFO_ENUMPROCW
CALTYPE
CATID
CBT_CREATEWND
CCERT_STORE_PROV_FIND_INFO
CCRYPT_OID_INFO
CDBE_ACTIONS
CHOOSECOLOR
CHOOSEFONT
CLSN
CMSG_ATTR
CODEPAGE_ENUMPROCA
CODEPAGE_ENUMPROCW
COLOR16
CONDITION_VARIABLE
CONNECTDLGSTRUCT
CORE_PRINTER_DRIVER
CPFLAGS
CPINFOEX
CREATESTRUCT
CRITICAL_SECTION
CRITICAL_SECTION_DEBUG
CRYPT_PASSWORD_CREDENTIALS
CSECT
CSECT_HANDLE
CURRENCY
CURRENCYFMT
D3D12_GPU_VIRTUAL_ADDRESS
D3D12_PRIMITIVE
D3D12_PRIMITIVE_TOPOLOGY
D3D12_RECT
D3DCOLOR
D3DVALUE
DATATYPES_INFO_1
DATEFMT_ENUMPROCA
DATEFMT_ENUMPROCEXA
DATEFMT_ENUMPROCEXW
DATEFMT_ENUMPROCW
DBGPROP_ATTRIB_FLAGS
DBGPROP_INFO_FLAGS
DDCAPS
DECOMPRESSOR_HANDLE
DEPRECATED_HRESULT
DESKTOPENUMPROC
DESKTOPENUMPROCA
DESKTOPENUMPROCW
DEVICE_DATA_MANAGEMENT_SET_ACTION
DEVICE_DSM_ACTION
DEVMODE
DISCDLGSTRUCT
DISPID
DISPLAY_DEVICE
DI_FUNCTION
DLGPROC
DLL_DIRECTORY_COOKIE
DOCINFO
DOC_INFO_1
DOC_INFO_2
DOC_INFO_3
DRAGINFO
DRAWSTATEPROC
DRIVER_INFO_1
DRIVER_INFO_2
DRIVER_INFO_3
DRIVER_INFO_4
DRIVER_INFO_5
DRIVER_INFO_6
DRIVER_INFO_8
DrawImageAbort
EDITWORDBREAKPROC
EDITWORDBREAKPROCA
EDITWORDBREAKPROCW
ELEMENTID
ENUMLOGFONT
ENUMLOGFONTEX
ENUMLOGFONTEXDV
ENUMRESLANGPROC
ENUMRESLANGPROCA
ENUMRESLANGPROCW
ENUMRESNAMEPROC
ENUMRESNAMEPROCA
ENUMRESNAMEPROCW
ENUMRESTYPEPROC
ENUMRESTYPEPROCA
ENUMRESTYPEPROCW
ENUMTEXTMETRIC
ENUM_SERVICE_STATUS
ENUM_SERVICE_STATUS_PROCESS
EXPCMDFLAGS
EXPCMDSTATE
EXPLORERPANE
EXPLORERPANESTATE
EXPPS
EXTLOGFONT
FILEOPENDIALOGOPTIONS
FILEOP_FLAGS
FILEPATHS
FILEPATHS_SIGNERINFO
FILE_IN_CABINET_INFO
FILE_PROVIDER_EXTERNAL_INFO
FINDREPLACE
FLATPTR
FOLDERTYPEID
FONTENUMPROC
FONTENUMPROCA
FONTENUMPROCW
FORM_INFO_1
FORM_INFO_2
FOURCC
FXPT16DOT16
FXPT2DOT30
GCP_RESULTS
GEOCLASS
GEOID
GEOTYPE
GEO_ENUMNAMEPROC
GEO_ENUMPROC
GOBJENUMPROC
GPFIDL_FLAGS
GRAYSTRINGPROC
GROUP
GROUP_
GetThumbnailImageAbort
GpBrushType
GpCoordinateSpace
GpDashCap
GpDashStyle
GpFillMode
GpFlushIntention
GpHatchStyle
GpLineCap
GpLineJoin
GpMatrix
GpMatrixOrder
GpPathData
GpPenAlignment
GpPenType
GpPoint
GpPointF
GpRect
GpRectF
GpSizeF
GpStatus
GpUnit
GpWrapMode
GraphicsContainer
GraphicsState
HANIMATIONBUFFER
HCERTCHAINENGINE
HCERTSTORE
HCERTSTOREPROV
HCERT_SERVER_OCSP_RESPONSE
HCRYPTASYNC
HCRYPTDEFAULTCONTEXT
HCRYPTHASH
HCRYPTKEY
HCRYPTMSG
HCRYPTOIDFUNCADDR
HCRYPTOIDFUNCSET
HCRYPTPROV
HCRYPTPROV_LEGACY
HCRYPTPROV_OR_NCRYPT_KEY_HANDLE
HDEVINFO
HDEVNOTIFY
HDSKSPC
HDWP
HELPPOLY
HELPWININFO
HHANDLE
HIGHCONTRAST
HIMC
HIMCC
HINF
HINTERNET
HOBJECT
HOLEMENU
HOOKPROC
HPAINTBUFFER
HPCON
HPOWERNOTIFY
HPSTR
HREFTYPE
HRESULT
HSPFILELOG
HSPFILEQ
HTHEME
HTTP_CLIENT_CONNECTION_ID
HTTP_CLIENT_REQUEST_ID
HTTP_CLIENT_STREAM_ID
HTTP_CONNECTION_ID
HTTP_OPAQUE_ID
HTTP_RAW_CONNECTION_ID
HTTP_REQUEST
HTTP_REQUEST_ID
HTTP_RESPONSE
HTTP_SERVER_SESSION_ID
HTTP_SERVICE_CONFIG_CACHE_PARAM
HTTP_SERVICE_CONFIG_SETTING_PARAM
HTTP_SERVICE_CONFIG_TIMEOUT_PARAM
HTTP_URL_CONTEXT
HTTP_URL_GROUP_ID
HUSKEY
HW_PROFILE_INFO
ICONINFOEX
ICONMETRICS
ID3DBlob
IMAGEHLP_CONTEXT
IMEMENUITEMINFO
INIT_ONCE
INT16
INTERNET_PORT
INTERNET_SCHEME
ISpNotifyCallback
ISpTask
ISpThreadTask
ITEMIDLIST_ABSOLUTE
ITEMIDLIST_RELATIVE
ITEMID_CHILD
JIT_DEBUG_INFO32
JIT_DEBUG_INFO64
JOB_INFO_1
JOB_INFO_2
JOB_INFO_4
JOYCAPS
JOYCAPS2
KF_DEFINITION_FLAGS
KF_REDIRECTION_CAPABILITIES
KF_REDIRECT_FLAGS
KNOWNFOLDERID
LANGGROUPLOCALE_ENUMPROCA
LANGGROUPLOCALE_ENUMPROCW
LANGUAGEGROUP_ENUMPROCA
LANGUAGEGROUP_ENUMPROCW
LCID
LCSCSTYPE
LCSGAMUTMATCH
LCTYPE
LGRPID
LHCLIENTDOC
LHSERVER
LHSERVERDOC
LINEDDAPROC
LOCALE_ENUMPROCA
LOCALE_ENUMPROCW
LOGCOLORSPACE
LOGFONT
LPACCESSRECTLIST
LPACMDRIVERPROC
LPACTIVEDESKTOP
LPACTIVEDESKTOPP
LPADDJOB_INFO_1
LPADDREXCLUSIONCONTROL
LPADDRINFO
LPADDRTRACKINGCONTROL
LPADESKTOPP2
LPADVISESINK
LPADVISESINK2
LPADVISESINKEX
LPATTACHLIST
LPAUTHENTICATION
LPAUTHENTICATIONEX
LPAUTOCOMPLETE
LPAUTOCOMPLETE2
LPAUXCAPS
LPAUXCAPS2
LPAXESLIST
LPAXISINFO
LPBC
LPBINDCALLBACKREDIRECT
LPBINDCTX
LPBINDHOST
LPBINDING
LPBINDPROTOCOL
LPBINDSTATUSCALLBACK
LPBINDSTATUSCALLBACKEX
LPBORDERWIDTHS
LPBROWSERFRAMEOPTIONS
LPCANCELMETHODCALLS
LPCATALOGFILEINFO
LPCATINFORMATION
LPCATREGISTER
LPCBORDERWIDTHS
LPCBT_CREATEWND
LPCBYTE
LPCCOMPONENT
LPCCOMPONENTSOPT
LPCCOMPPOS
LPCCOMPSTATEINFO
LPCDLGTEMPLATE
LPCDLGTEMPLATEA
LPCDLGTEMPLATEW
LPCDS3DBUFFER
LPCDS3DLISTENER
LPCDSBCAPS
LPCDSBPOSITIONNOTIFY
LPCDSBUFFERDESC
LPCDSBUFFERDESC1
LPCDSCAPS
LPCDSCBCAPS
LPCDSCBUFFERDESC
LPCDSCCAPS
LPCDSCEFFECTDESC
LPCDSCFXAec
LPCDSCFXNoiseSuppress
LPCDSEFFECTDESC
LPCDSFXChorus
LPCDSFXCompressor
LPCDSFXDistortion
LPCDSFXEcho
LPCDSFXFlanger
LPCDSFXGargle
LPCDSFXI3DL2Reverb
LPCDSFXParamEq
LPCDSFXWavesReverb
LPCFOLDERSETTINGS
LPCGUID
LPCHOOSECOLOR
LPCHOOSEFONT
LPCHOOSEFONTA
LPCHOOSEFONTW
LPCIE4COMPONENT
LPCIEXYZ
LPCIEXYZTRIPLE
LPCITEMIDLIST
LPCLASSFACTORY
LPCLASSFACTORY2
LPCLIPFORMAT
LPCMENUINFO
LPCMENUITEMINFO
LPCMENUITEMINFOA
LPCMENUITEMINFOW
LPCMINVOKECOMMANDINFO
LPCMINVOKECOMMANDINFOEX
LPCMMCKINFO
LPCMMIOINFO
LPCODEINSTALL
LPCOMMDLGBROWSER
LPCOMMDLGBROWSER2
LPCOMPONENT
LPCOMPONENTSOPT
LPCOMPPOS
LPCOMPSTATEINFO
LPCONNECTDLGSTRUCT
LPCONNECTIONPOINT
LPCONNECTIONPOINTCONTAINER
LPCONTEXT
LPCONTEXTMENU
LPCONTEXTMENU2
LPCONTEXTMENU3
LPCONTINUECALLBACK
LPCOPYHOOKA
LPCOPYHOOKW
LPCPINFOEX
LPCPROPPRG
LPCPROPSHEETHEADERA
LPCPROPSHEETHEADERA_V1
LPCPROPSHEETHEADERA_V2
LPCPROPSHEETHEADERW
LPCPROPSHEETHEADERW_V1
LPCPROPSHEETHEADERW_V2
LPCPROPSHEETPAGEA
LPCPROPSHEETPAGEA_LATEST
LPCPROPSHEETPAGEA_V1
LPCPROPSHEETPAGEA_V2
LPCPROPSHEETPAGEA_V3
LPCPROPSHEETPAGEA_V4
LPCPROPSHEETPAGEW
LPCPROPSHEETPAGEW_LATEST
LPCPROPSHEETPAGEW_V1
LPCPROPSHEETPAGEW_V2
LPCPROPSHEETPAGEW_V3
LPCPROPSHEETPAGEW_V4
LPCQITAB
LPCREATEERRORINFO
LPCREATESTRUCT
LPCREATETYPEINFO
LPCREATETYPEINFO2
LPCREATETYPELIB
LPCREATETYPELIB2
LPCREBARBANDINFOA
LPCREBARBANDINFOW
LPCRITICAL_SECTION
LPCRITICAL_SECTION_DEBUG
LPCSCROLLINFO
LPCSECT
LPCSHCOLUMNDATA
LPCSHCOLUMNID
LPCSHCOLUMNINFO
LPCSHCOLUMNINIT
LPCSHITEMID
LPCTBBUTTON
LPCURRENCYFMT
LPCVOID
LPCWALLPAPEROPT
LPCWAVEFORMATEX
LPD3DBLOB
LPD3DCOLOR
LPD3DINCLUDE
LPD3DVALUE
LPD3DVECTOR
LPDATAADVISEHOLDER
LPDATAFILTER
LPDATAOBJECT
LPDATATYPES_INFO_1
LPDBLNODE
LPDDARGB
LPDDBLTBATCH
LPDDBLTFX
LPDDCAPS
LPDDCAPS_DX1
LPDDCAPS_DX3
LPDDCAPS_DX5
LPDDCAPS_DX6
LPDDCAPS_DX7
LPDDCOLORKEY
LPDDCORECAPS
LPDDENUMCALLBACK
LPDDENUMCALLBACKEX
LPDDGAMMARAMP
LPDDHALDDRAWFNS
LPDDHALINFO
LPDDHALMODEINFO
LPDDHAL_DDCALLBACKS
LPDDHAL_DDCOLORCONTROLCALLBACKS
LPDDHAL_DDEXEBUFCALLBACKS
LPDDHAL_DDMOTIONCOMPCALLBACKS
LPDDHAL_DDPALETTECALLBACKS
LPDDHAL_DDSURFACECALLBACKS
LPDDHAL_DDVIDEOPORTCALLBACKS
LPDDOSCAPS
LPDDOVERLAYFX
LPDDPIXELFORMAT
LPDDRGBA
LPDDSCAPS
LPDDSCAPS2
LPDEVMODE
LPDEVNAMES
LPDIRECTDRAWCALLBACKS
LPDIRECTDRAWCLIPPERCALLBACKS
LPDIRECTDRAWENUMERATEEX
LPDIRECTDRAWPALETTECALLBACKS
LPDIRECTDRAWSURFACECALLBACKS
LPDISCDLGSTRUCT
LPDISPATCH
LPDISPLAY_DEVICE
LPDLGITEMTEMPLATE
LPDLGITEMTEMPLATEA
LPDLGITEMTEMPLATEW
LPDLGTEMPLATE
LPDLGTEMPLATEA
LPDLGTEMPLATEW
LPDOCINFO
LPDOC_INFO_1
LPDOC_INFO_2
LPDOC_INFO_3
LPDRAGINFO
LPDRIVER_INFO_1
LPDRIVER_INFO_2
LPDRIVER_INFO_3
LPDRIVER_INFO_4
LPDRIVER_INFO_5
LPDRIVER_INFO_6
LPDRIVER_INFO_8
LPDROPSOURCE
LPDROPTARGET
LPDRVCALLBACK
LPENCLAVE_ROUTINE
LPENCODINGFILTERFACTORY
LPENUMACSTRING
LPENUMCATEGORYINFO
LPENUMCONNECTIONPOINTS
LPENUMCONNECTIONS
LPENUMCONTEXTPROPS
LPENUMEXTRASEARCH
LPENUMFORMATETC
LPENUMGUID
LPENUMIDLIST
LPENUMLOGFONT
LPENUMLOGFONTEX
LPENUMLOGFONTEXDV
LPENUMMONIKER
LPENUMOLEDOCUMENTVIEWS
LPENUMOLEUNDOUNITS
LPENUMOLEVERB
LPENUMSHELLIMAGESTORE
LPENUMSTATDATA
LPENUMSTATPROPSETSTG
LPENUMSTATPROPSTG
LPENUMSTATSTG
LPENUMSTRING
LPENUMTEXTMETRIC
LPENUMUNKNOWN
LPENUMVARIANT
LPENUM_SERVICE_STATUS
LPENUM_SERVICE_STATUS_PROCESS
LPERRORINFO
LPERRORLOG
LPEXCEPTION_POINTERS
LPEXCEPTION_RECORD
LPEXTERNALCONNECTION
LPEXTLOGFONT
LPEXTRACTICONA
LPEXTRACTICONW
LPEXTRACTIMAGE
LPEXTRACTIMAGE2
LPFIBER_START_ROUTINE
LPFILEVIEWERA
LPFILEVIEWERSITE
LPFILEVIEWERW
LPFINDREPLACE
LPFNSVADDPROPSHEETPAGE
LPFOLDERITEM
LPFOLDERSETTINGS
LPFONT
LPFONTDISP
LPFONTEVENTS
LPFORM_INFO_1
LPFORM_INFO_2
LPFXPT16DOT16
LPFXPT2DOT30
LPGCP_RESULTS
LPGETBINDHANDLE
LPGLOBALINTERFACETABLE
LPGUID
LPHACMDRIVER
LPHACMDRIVERID
LPHACMOBJ
LPHACMSTREAM
LPHEAPALIAS
LPHEAPALIASINFO
LPHEAPENTRY32
LPHEAPLIST32
LPHEAP_SUMMARY
LPHELPWININFO
LPHIGHCONTRAST
LPHINTERNET
LPHKL
LPHMIDI
LPHMIDIIN
LPHMIDIOUT
LPHMIDISTRM
LPHMIXER
LPHMIXEROBJ
LPHTTPNEGOTIATE
LPHTTPNEGOTIATE2
LPHTTPNEGOTIATE3
LPHTTPSECURITY
LPHWAVEIN
LPHWAVEOUT
LPHW_PROFILE_INFO
LPICONMETRICS
LPIE4COMPONENT
LPIINTERNET
LPIINTERNETBINDINFO
LPIINTERNETBINDINFOEX
LPIINTERNETPRIORITY
LPIINTERNETPROTOCOL
LPIINTERNETPROTOCOLINFO
LPIINTERNETPROTOCOLROOT
LPIINTERNETPROTOCOLSINK
LPIINTERNETPROTOCOLSINKStackable
LPIINTERNETSESSION
LPIINTERNETTHREADSWITCH
LPIMEMENUITEMINFO
LPINITIALIZESPY
LPINIT_ONCE
LPINTERNET_PORT
LPINTERNET_SCHEME
LPITEMIDLIST
LPIUNKNOWN_LIST
LPIWRAPPEDPROTOCOL
LPJIT_DEBUG_INFO32
LPJIT_DEBUG_INFO64
LPJOB_INFO_1
LPJOB_INFO_2
LPJOB_INFO_4
LPJOYCAPS
LPJOYCAPS2
LPKEYARRAY
LPLDT_ENTRY
LPLOCKBYTES
LPLOGCOLORSPACE
LPLOGFONT
LPLPDIRECTSOUND
LPLPDIRECTSOUND3DBUFFER
LPLPDIRECTSOUND3DLISTENER
LPLPDIRECTSOUND8
LPLPDIRECTSOUNDBUFFER
LPLPDIRECTSOUNDBUFFER8
LPLPDIRECTSOUNDCAPTURE
LPLPDIRECTSOUNDCAPTURE8
LPLPDIRECTSOUNDCAPTUREBUFFER
LPLPDIRECTSOUNDCAPTUREBUFFER8
LPLPDIRECTSOUNDNOTIFY
LPMALLOC
LPMALLOCSPY
LPMARSHAL
LPMARSHAL2
LPMCI_ANIM_OPEN_PARMS
LPMCI_ANIM_RECT_PARMS
LPMCI_ANIM_WINDOW_PARMS
LPMCI_INFO_PARMS
LPMCI_LOAD_PARMS
LPMCI_OPEN_PARMS
LPMCI_OVLY_LOAD_PARMS
LPMCI_OVLY_OPEN_PARMS
LPMCI_OVLY_SAVE_PARMS
LPMCI_OVLY_WINDOW_PARMS
LPMCI_SAVE_PARMS
LPMCI_SYSINFO_PARMS
LPMCI_VD_ESCAPE_PARMS
LPMCI_WAVE_OPEN_PARMS
LPMDICREATESTRUCT
LPMENUITEMINFO
LPMENUTEMPLATE
LPMENUTEMPLATEA
LPMENUTEMPLATEW
LPMESSAGEFILTER
LPMIDICALLBACK
LPMIDIINCAPS
LPMIDIINCAPS2
LPMIDIOUTCAPS
LPMIDIOUTCAPS2
LPMIXERCAPS
LPMIXERCAPS2
LPMIXERCONTROL
LPMIXERCONTROLDETAILS_LISTTEXT
LPMIXERLINE
LPMIXERLINECONTROLS
LPMMIOPROC
LPMODULEENTRY32
LPMODULEENTRY32W
LPMONIKER
LPMONIKERPROP
LPMONITORINFOEX
LPMONITOR_INFO_1
LPMONITOR_INFO_2
LPMONTHDAYSTATE
LPMSGBOXPARAMS
LPMULTIKEYHELP
LPMULTIQI
LPNETRESOURCE
LPNEWTEXTMETRIC
LPNMCLICK
LPNMHDR
LPNMSELECT
LPNONCLIENTMETRICS
LPNUMBERFMT
LPOBJECTWITHSITE
LPOFNOTIFY
LPOFNOTIFYEX
LPOLEADVISEHOLDER
LPOLECACHE
LPOLECACHE2
LPOLECACHECONTROL
LPOLECLIENTSITE
LPOLECLIENTVTBL
LPOLECOMMANDTARGET
LPOLECONTAINER
LPOLECONTROL
LPOLECONTROLSITE
LPOLEDOCUMENT
LPOLEDOCUMENTSITE
LPOLEDOCUMENTVIEW
LPOLEINPLACEACTIVEOBJECT
LPOLEINPLACEFRAME
LPOLEINPLACEOBJECT
LPOLEINPLACEOBJECTWINDOWLESS
LPOLEINPLACESITE
LPOLEINPLACESITEEX
LPOLEINPLACESITEWINDOWLESS
LPOLEINPLACEUIWINDOW
LPOLEITEMCONTAINER
LPOLELINK
LPOLEOBJECT
LPOLEOBJECTVTBL
LPOLEPARENTUNDOUNIT
LPOLERENDER
LPOLESERVERDOCVTBL
LPOLESERVERVTBL
LPOLESTREAMVTBL
LPOLETARGETDEVICE
LPOLEUNDOMANAGER
LPOLEUNDOUNIT
LPOLEUPDATE
LPOLEWINDOW
LPOPENCARDNAME
LPOPENCARDNAME_EX
LPOPENCARD_SEARCH_CRITERIA
LPOPENFILENAME
LPOPENFILENAME_NT4
LPOUTLINETEXTMETRIC
LPPAGESETUPDLG
LPPARSEDISPLAYNAME
LPPATCHARRAY
LPPATTERN
LPPERPROPERTYBROWSING
LPPERSIST
LPPERSISTFILE
LPPERSISTFOLDER
LPPERSISTMEMORY
LPPERSISTMONIKER
LPPERSISTPROPERTYBAG
LPPERSISTPROPERTYBAG2
LPPERSISTSTORAGE
LPPERSISTSTREAM
LPPERSISTSTREAMINIT
LPPICTURE
LPPICTURE2
LPPICTUREDISP
LPPOINTERINACTIVE
LPPOLYTEXT
LPPORT_INFO_1
LPPORT_INFO_2
LPPORT_INFO_3
LPPOWER_REQUEST_CONTEXT
LPPRINT
LPPRINTDLG
LPPRINTDLGEX
LPPRINTER_DEFAULTS
LPPRINTER_ENUM_VALUES
LPPRINTER_INFO_1
LPPRINTER_INFO_2
LPPRINTER_INFO_4
LPPRINTER_INFO_5
LPPRINTER_INFO_7
LPPRINTER_INFO_8
LPPRINTER_INFO_9
LPPRINTER_OPTIONS
LPPRINTPAGERANGE
LPPRINTPROCESSOR_INFO_1
LPPROCESSENTRY32
LPPROCESSENTRY32W
LPPROCESS_LIST
LPPROPERTYBAG
LPPROPERTYBAG2
LPPROPERTYNOTIFYSINK
LPPROPERTYPAGE
LPPROPERTYPAGE2
LPPROPERTYPAGESITE
LPPROPERTYSETSTORAGE
LPPROPERTYSTORAGE
LPPROPERTYSTORE
LPPROPPRG
LPPROPSHEETHEADERA
LPPROPSHEETHEADERW
LPPROPSHEETPAGEA
LPPROPSHEETPAGEA_LATEST
LPPROPSHEETPAGEW
LPPROPSHEETPAGEW_LATEST
LPPROVIDECLASSINFO
LPPROVIDECLASSINFO2
LPPROVIDEMULTIPLECLASSINFO
LPPROVIDOR_INFO_1
LPPROVIDOR_INFO_2
LPQCMINFO
LPQUERY_SERVICE_CONFIG
LPQUERY_SERVICE_LOCK_STATUS
LPQUICKACTIVATE
LPRECORDINFO
LPREFERENCE_TIME
LPREGISTERWORD
LPREMOTE_NAME_INFO
LPRGBQUAD
LPROOTSTORAGE
LPRUNNABLEOBJECT
LPRUNNINGOBJECTTABLE
LPSAFEARRAY
LPSCARDCONTEXT
LPSCARDHANDLE
LPSCARD_READERSTATE
LPSC_HANDLE
LPSERIALKEYS
LPSERVICEPROVIDER
LPSERVICE_DESCRIPTION
LPSERVICE_FAILURE_ACTIONS
LPSERVICE_REQUIRED_PRIVILEGES_INFO
LPSERVICE_TABLE_ENTRY
LPSFV_SETITEMPOS
LPSHELLBROWSER
LPSHELLEXECUTEINFO
LPSHELLEXTINIT
LPSHELLFOLDER
LPSHELLIMAGESTORE
LPSHELLPROPSHEETEXT
LPSHELLVIEW
LPSHFILEOPSTRUCT
LPSHITEMID
LPSHNAMEMAPPING
LPSIMPLEFRAMESITE
LPSOUNDSENTRY
LPSPECIFYPROPERTYPAGES
LPSTARTUPINFO
LPSTARTUPINFOEX
LPSTATDATA
LPSTDMARSHALINFO
LPSTGMEDIUM
LPSTGTRANSCONFIRMATION
LPSTORAGE
LPSTREAM
LPSTRRET
LPSTYLEBUF
LPSUPPORTERRORINFO
LPSURROGATE
LPSYNCHRONIZATION_BARRIER
LPTBBUTTONSB
LPTBINFO
LPTEXTMETRIC
LPTEXTMETRICOLE
LPTHREADENTRY32
LPTHREAD_START_ROUTINE
LPTHUMBNAILCAPTURE
LPTIMECALLBACK
LPTOP_LEVEL_EXCEPTION_FILTER
LPTPMPARAMS
LPTVITEMEX
LPTYPECHANGEEVENTS
LPTYPECOMP
LPTYPEINFO
LPTYPEINFO2
LPTYPELIB
LPTYPELIB2
LPUINT
LPUNIVERSAL_NAME_INFO
LPUNKNOWN
LPURLZONEMANAGER
LPURL_COMPONENTSW
LPVARIANT
LPVARIANTARG
LPVIDMEM
LPVIDMEMINFO
LPVIEWOBJECT
LPVIEWOBJECT2
LPVIEWOBJECTEX
LPVIEWSETTINGS
LPVMEMHEAP
LPWALLPAPEROPT
LPWAVECALLBACK
LPWAVEINCAPS
LPWAVEINCAPS2
LPWAVEOUTCAPS
LPWAVEOUTCAPS2
LPWIN32_FIND_DATA
LPWINDOWFORBINDINGUI
LPWINDOWPLACEMENT
LPWINHTTP_PROXY_INFOW
LPWINHTTP_STATUS_CALLBACK
LPWININETCACHEHINTS
LPWININETCACHEHINTS2
LPWININETFILESTREAM
LPWININETHTTPINFO
LPWININETINFO
LPWNDCLASS
LPWNDCLASSEX
LPWSADATA
LPWSAEVENT
LPWSANAMESPACE_INFO
LPWSANAMESPACE_INFOEX
LPWSANSCLASSINFO
LPWSAPROTOCOL_INFO
LPWSAQUERYSET
LPWSAQUERYSET2
LPWSASERVICECLASSINFO
LSTATUS
MCIDEVICEID
MCIERROR
MCI_ANIM_OPEN_PARMS
MCI_ANIM_WINDOW_PARMS
MCI_INFO_PARMS
MCI_LOAD_PARMS
MCI_OPEN_PARMS
MCI_OVLY_LOAD_PARMS
MCI_OVLY_OPEN_PARMS
MCI_OVLY_SAVE_PARMS
MCI_OVLY_WINDOW_PARMS
MCI_SAVE_PARMS
MCI_SYSINFO_PARMS
MCI_VD_ESCAPE_PARMS
MCI_WAVE_OPEN_PARMS
MDICREATESTRUCT
MEMBERID
MENUITEMINFO
MENUTEMPLATE
MENUTEMPLATEA
MENUTEMPLATEW
MFT_ENUM_DATA
MIDICALLBACK
MIDIINCAPS
MIDIINCAPS2
MIDIOUTCAPS
MIDIOUTCAPS2
MINIDUMP_HANDLE_DESCRIPTOR_N
MINIDUMP_MISC_INFO_N
MINIDUMP_PROCESS_VM_COUNTERS_N
MINIDUMP_SYSTEM_MEMORY_INFO_N
MIXERCAPS
MIXERCAPS2
MIXERCONTROL
MIXERCONTROLDETAILS_LISTTEXT
MIXERLINE
MIXERLINECONTROLS
MMRESULT
MMVERSION
MONHSZSTRUCT
MONITORINFOEX
MONITOR_INFO_1
MONITOR_INFO_2
MONTHDAYSTATE
MP_POPUPFLAGS
MSGBOXPARAMS
MULTIKEYHELP
NAMEENUMPROCA
NAMEENUMPROCW
NCRYPT_HANDLE
NCRYPT_HASH_HANDLE
NCRYPT_KEY_HANDLE
NCRYPT_PROV_HANDLE
NCRYPT_SECRET_HANDLE
NCryptBuffer
NCryptBufferDesc
NETRESOURCE
NEWTEXTMETRIC
NEWTEXTMETRICEX
NLS_FUNCTION
NMCII_FLAGS
NMCLICK
NMCSAEI_FLAGS
NMSELECT
NONCLIENTMETRICS
NOTIFYICONDATA
NPAUXCAPS
NPAUXCAPS2
NPDEVMODE
NPEXTLOGFONT
NPIMEMENUITEMINFO
NPJOYCAPS
NPJOYCAPS2
NPLOGFONT
NPMIDIINCAPS
NPMIDIINCAPS2
NPMIDIOUTCAPS
NPMIDIOUTCAPS2
NPNEWTEXTMETRIC
NPOUTLINETEXTMETRIC
NPPATTERN
NPPOLYTEXT
NPREGISTERWORD
NPSTYLEBUF
NPTEXTMETRIC
NPWAVEINCAPS
NPWAVEINCAPS2
NPWAVEOUTCAPS
NPWAVEOUTCAPS2
NPWNDCLASS
NPWNDCLASSEX
NSTCECLICKTYPE
NSTCEHITTEST
NSTCITEMSTATE
NSTCROOTSTYLE
NSTCSTYLE
NUMBERFMT
OFNOTIFY
OFNOTIFYEX
OLDFONTENUMPROC
OLECLIPFORMAT
OLE_COLOR
OLE_HANDLE
OLE_XPOS_HIMETRIC
OLE_XSIZE_HIMETRIC
OLE_YPOS_HIMETRIC
OLE_YSIZE_HIMETRIC
OPENCARDNAME
OPENCARDNAME_EX
OPENCARD_SEARCH_CRITERIA
OPENFILENAME
OPENFILENAME_NT4
OPEN_AS_INFO_FLAGS
OPEN_PRINTER_PROPS_INFO
OPERATION_ID
OPPROGDLGF
OUTLINETEXTMETRIC
PACTCTX
PADDJOB_INFO_1
PADDRINFOEX
PADDRINFOT
PAGESETUPDLG
PARSEDURL
PATTERN
PAUXCAPS
PAUXCAPS2
PAXESLIST
PAXISINFO
PBAD_MEMORY_CALLBACK_ROUTINE
PBAD_TRACK_NUMBER
PCABINET_INFO
PCACTCTX
PCACTCTXA
PCACTCTXW
PCACTCTX_SECTION_KEYED_DATA
PCACTCTX_SECTION_KEYED_DATA_2600
PCACTCTX_SECTION_KEYED_DATA_ASSEMBLY_METADATA
PCCERT_CHAIN_CONTEXT
PCCERT_CHAIN_ELEMENT
PCCERT_CONTEXT
PCCERT_CRL_CONTEXT_PAIR
PCCERT_ENHKEY_USAGE
PCCERT_EXTENSION
PCCERT_SELECT_CHAIN_PARA
PCCERT_SELECT_CRITERIA
PCCERT_SERVER_OCSP_RESPONSE_CONTEXT
PCCERT_SIMPLE_CHAIN
PCCERT_STORE_PROV_FIND_INFO
PCCERT_STRONG_SIGN_PARA
PCCHOOSEFONT
PCCHOOSEFONTA
PCCHOOSEFONTW
PCCMINVOKECOMMANDINFO
PCCMINVOKECOMMANDINFOEX
PCCOMBOEXITEMA
PCCOMBOEXITEMW
PCCRL_CONTEXT
PCCRYPT_OID_INFO
PCCTL_CONTEXT
PCCTL_USAGE
PCDELEGATEITEMID
PCDEVNAMES
PCGESTUREINFO
PCMSG_ATTR
PCOMPRESSOR_HANDLE
PCONDITION_VARIABLE
PCONNECTIONPOINT
PCONNECTIONPOINTCONTAINER
PCORE_PRINTER_DRIVER
PCPRINTPAGERANGE
PCRAWINPUTDEVICE
PCREDIRECTION_DESCRIPTOR
PCREDIRECTION_FUNCTION_DESCRIPTOR
PCRITICAL_SECTION
PCRITICAL_SECTION_DEBUG
PCRYPT_PASSWORD_CREDENTIALS
PCSFV_SETITEMPOS
PCSPPHONEID
PCTOUCHINPUT
PCUSERIALIZEDPROPSTORAGE
PDATATYPES_INFO_1
PDECOMPRESSOR_HANDLE
PDELEGATEITEMID
PDETAILSINFO
PDEVMODE
PDISPLAY_DEVICE
PDLGITEMTEMPLATE
PDLGITEMTEMPLATEA
PDLGITEMTEMPLATEW
PDLL_DIRECTORY_COOKIE
PDMODE
PDOC_INFO_1
PDOC_INFO_2
PDOC_INFO_3
PDRIVER_INFO_1
PDRIVER_INFO_2
PDRIVER_INFO_3
PDRIVER_INFO_4
PDRIVER_INFO_5
PDRIVER_INFO_6
PDRIVER_INFO_8
PDRVCALLBACK
PENUMACSTRING
PENUMCONNECTIONPOINTS
PENUMCONNECTIONS
PENUMLOGFONTEXDV
PENUMTEXTMETRIC
PEN_FLAGS
PEN_MASK
PERCEIVEDFLAG
PERSIST_SPROPSTORE_FLAGS
PEXTLOGFONT
PFILEPATHS
PFILEPATHS_SIGNERINFO
PFILE_IN_CABINET_INFO
PFILE_PROVIDER_EXTERNAL_INFO
PFOLDERSETTINGS
PFORM_INFO_1
PFORM_INFO_2
PHACMDRIVER
PHACMDRIVERID
PHACMOBJ
PHACMSTREAM
PHCRYPTASYNC
PHDEVNOTIFY
PHEAPENTRY32
PHEAPLIST32
PHELPWININFO
PHPOWERNOTIFY
PHTTP_CLIENT_CONNECTION_ID
PHTTP_CLIENT_REQUEST_ID
PHTTP_CLIENT_STREAM_ID
PHTTP_CONNECTION_ID
PHTTP_OPAQUE_ID
PHTTP_RAW_CONNECTION_ID
PHTTP_REQUEST
PHTTP_REQUEST_ID
PHTTP_RESPONSE
PHTTP_SERVER_SESSION_ID
PHTTP_SERVICE_CONFIG_CACHE_PARAM
PHTTP_SERVICE_CONFIG_SETTING_PARAM
PHTTP_SERVICE_CONFIG_TIMEOUT_PARAM
PHTTP_URL_GROUP_ID
PHUSKEY
PIActiveScriptParse
PIActiveScriptParseProcedure
PIActiveScriptParseProcedure2
PIActiveScriptParseProcedureOld
PICONINFO
PICONINFOEX
PICONMETRICS
PIMAGEHLP_CONTEXT
PIMEMENUITEMINFO
PINIT_ONCE
PJOB_INFO_1
PJOB_INFO_2
PJOB_INFO_4
PJOYCAPS
PJOYCAPS2
PLOGFONT
PMCI_ANIM_OPEN_PARMS
PMCI_ANIM_RECT_PARMS
PMCI_ANIM_WINDOW_PARMS
PMCI_LOAD_PARMS
PMCI_OPEN_PARMS
PMCI_OVLY_LOAD_PARMS
PMCI_OVLY_OPEN_PARMS
PMCI_OVLY_SAVE_PARMS
PMCI_OVLY_WINDOW_PARMS
PMCI_SAVE_PARMS
PMCI_SYSINFO_PARMS
PMCI_VD_ESCAPE_PARMS
PMCI_WAVE_OPEN_PARMS
PMFT_ENUM_DATA
PMIDIINCAPS
PMIDIINCAPS2
PMIDIOUTCAPS
PMIDIOUTCAPS2
PMINIDUMP_HANDLE_DESCRIPTOR_N
PMINIDUMP_MISC_INFO_N
PMINIDUMP_PROCESS_VM_COUNTERS_N
PMINIDUMP_SYSTEM_MEMORY_INFO_N
PMIXERCAPS
PMIXERCAPS2
PMIXERCONTROL
PMIXERCONTROLDETAILS_LISTTEXT
PMIXERLINE
PMIXERLINECONTROLS
PMODULEENTRY32
PMODULEENTRY32W
PMONHSZSTRUCT
PMONITOR_INFO_1
PMONITOR_INFO_2
PMSGBOXPARAMS
PMULTIKEYHELP
PNCryptBuffer
PNCryptBufferDesc
PNEWTEXTMETRIC
PNONCLIENTMETRICS
PNOTIFYICONDATA
POINTER_FLAGS
POINTER_INPUT_TYPE
POLEUPDATE
POLYTEXT
POPENCARDNAME
POPENCARDNAME_EX
POPENCARD_SEARCH_CRITERIA
POPEN_PRINTER_PROPS_INFO
PORT_INFO_1
PORT_INFO_2
PORT_INFO_3
POUTLINETEXTMETRIC
POWER_REQUEST_CONTEXT
PPARSEDURL
PPATTERN
PPOLYTEXT
PPORT_INFO_1
PPORT_INFO_2
PPORT_INFO_3
PPOWER_REQUEST_CONTEXT
PPRINTER_CONNECTION_INFO_1
PPRINTER_DEFAULTS
PPRINTER_ENUM_VALUES
PPRINTER_INFO_1
PPRINTER_INFO_2
PPRINTER_INFO_4
PPRINTER_INFO_5
PPRINTER_INFO_7
PPRINTER_INFO_8
PPRINTER_INFO_9
PPRINTER_OPTIONS
PPRINTPROCESSOR_INFO_1
PPROCESSENTRY32
PPROCESSENTRY32W
PPROPPRG
PPROVIDOR_INFO_1
PPROVIDOR_INFO_2
PPVALUE
PQUERYHANDLER
PREAD_USN_JOURNAL_DATA
PREGISTERWORD
PRINTDLG
PRINTDLGEX
PRINTEROP_FLAGS
PRINTER_CONNECTION_INFO_1
PRINTER_DEFAULTS
PRINTER_ENUM_VALUES
PRINTER_INFO_1
PRINTER_INFO_2
PRINTER_INFO_4
PRINTER_INFO_5
PRINTER_INFO_7
PRINTER_INFO_8
PRINTER_INFO_9
PRINTER_OPTIONS
PRINTPROCESSOR_INFO_1
PROPENUMPROC
PROPENUMPROCA
PROPENUMPROCEX
PROPENUMPROCEXA
PROPENUMPROCEXW
PROPENUMPROCW
PROPERTYUI_FLAGS
PROPERTYUI_FORMAT_FLAGS
PROPERTYUI_NAME_FLAGS
PROPSHEETHEADERA
PROPSHEETHEADERW
PROPSHEETPAGEA
PROPSHEETPAGEA_LATEST
PROPSHEETPAGEW
PROPSHEETPAGEW_LATEST
PROPSHEETPAGE_RESOURCE
PROPVAR_PAD1
PROPVAR_PAD2
PROPVAR_PAD3
PROVIDOR_INFO_1
PROVIDOR_INFO_2
PRPCOLEMESSAGE
PSCARDCONTEXT
PSCARDHANDLE
PSCARD_READERSTATE
PSC_NOTIFICATION_CALLBACK
PSERVICE_CONTROL_STATUS_REASON_PARAMS
PSERVICE_NOTIFY
PSERVICE_NOTIFYA
PSERVICE_NOTIFYW
PSERVICE_NOTIFY_2
PSOLE_AUTHENTICATION_SERVICE
PSOURCE_MEDIA
PSPPHONEID
PSP_ADDPROPERTYPAGE_DATA
PSP_ALTPLATFORM_INFO
PSP_BACKUP_QUEUE_PARAMS
PSP_BACKUP_QUEUE_PARAMS_A
PSP_BACKUP_QUEUE_PARAMS_V1
PSP_BACKUP_QUEUE_PARAMS_V2
PSP_BACKUP_QUEUE_PARAMS_W
PSP_DEVICE_INTERFACE_DETAIL_DATA
PSP_DEVINFO_LIST_DETAIL_DATA
PSP_DEVINSTALL_PARAMS
PSP_DRVINFO_DATA
PSP_DRVINFO_DATA_A
PSP_DRVINFO_DATA_V1
PSP_DRVINFO_DATA_V2
PSP_DRVINFO_DATA_W
PSP_DRVINFO_DETAIL_DATA
PSP_FILE_COPY_PARAMS
PSP_INF_SIGNER_INFO
PSP_INF_SIGNER_INFO_A
PSP_INF_SIGNER_INFO_V1
PSP_INF_SIGNER_INFO_V2
PSP_INF_SIGNER_INFO_W
PSP_INTERFACE_DEVICE_DATA
PSP_INTERFACE_DEVICE_DETAIL_DATA
PSP_INTERFACE_DEVICE_DETAIL_DATA_A
PSP_INTERFACE_DEVICE_DETAIL_DATA_W
PSP_LOG_TOKEN
PSP_ORIGINAL_FILE_INFO
PSP_POWERMESSAGEWAKE_PARAMS
PSP_REGISTER_CONTROL_STATUS
PSP_SELECTDEVICE_PARAMS
PSP_TROUBLESHOOTER_PARAMS
PSRWLOCK
PSTYLEBUF
PSYNCHRONIZATION_BARRIER
PTEXTMETRIC
PTHREADENTRY32
PUMS_COMPLETION_LIST
PUMS_CONTEXT
PUMS_SCHEDULER_ENTRY_POINT
PUSERIALIZEDPROPSTORAGE
PUSN_JOURNAL_DATA
PUSN_RECORD
PVALENT
PVALUE
PWAVEINCAPS
PWAVEINCAPS2
PWAVEOUTCAPS
PWAVEOUTCAPS2
PWIN32_FIND_DATA
PWINDOWPLACEMENT
PWNDCLASS
PWNDCLASSEX
PWSANAMESPACE_INFO
PWSANAMESPACE_INFOEX
PWSANSCLASSINFO
PWSAQUERYSET
PWSAQUERYSET2
PWSASERVICECLASSINFO
PixelFormat
QUERY_SERVICE_CONFIG
QUERY_SERVICE_LOCK_STATUS
READ_USN_JOURNAL_DATA
REFCATID
REFERENCE_TIME
REGISTERWORD
REGSAM
REMOTE_NAME_INFO
RPCOLEDATAREP
RVA
RVA64
SCARDCONTEXT
SCARDHANDLE
SCARD_READERSTATE
SCRIPTTHREADID
SC_LOCK
SECURITY_STATUS
SENDASYNCPROC
SERIALKEYS
SERVICE_CONTROL_STATUS_REASON_PARAMS
SERVICE_DESCRIPTION
SERVICE_FAILURE_ACTIONS
SERVICE_NOTIFY
SERVICE_NOTIFYA
SERVICE_NOTIFYW
SERVICE_NOTIFY_2
SERVICE_REQUIRED_PRIVILEGES_INFO
SERVICE_TABLE_ENTRY
SET_PARTITION_INFORMATION_GPT
SET_PARTITION_INFORMATION_MBR
SFBS_FLAGS
SFGAOF
SHCOLSTATEF
SHCOLUMNID
SHCONTF
SHCT_FLAGS
SHELLEXECUTEINFO
SHELLVIEWID
SHFILEINFO
SHFILEOPSTRUCT
SHGDNF
SHNAMEMAPPING
SICHINTF
SIIGBF
SNB
SOCKET
SORTDIRECTION
SOUNDSENTRY
SOURCE_MEDIA
SOURCE_TEXT_ATTR
SPBEGINF
SPINITF
SPPHONEID
SP_ADDPROPERTYPAGE_DATA
SP_ALTPLATFORM_INFO
SP_BACKUP_QUEUE_PARAMS
SP_BACKUP_QUEUE_PARAMS_A
SP_BACKUP_QUEUE_PARAMS_V1
SP_BACKUP_QUEUE_PARAMS_V2
SP_BACKUP_QUEUE_PARAMS_W
SP_DEVICE_INTERFACE_DETAIL_DATA
SP_DEVINFO_LIST_DETAIL_DATA
SP_DEVINSTALL_PARAMS
SP_DRVINFO_DATA
SP_DRVINFO_DATA_A
SP_DRVINFO_DATA_V1
SP_DRVINFO_DATA_V2
SP_DRVINFO_DATA_W
SP_DRVINFO_DETAIL_DATA
SP_FILE_COPY_PARAMS
SP_INF_SIGNER_INFO
SP_INF_SIGNER_INFO_A
SP_INF_SIGNER_INFO_V1
SP_INF_SIGNER_INFO_V2
SP_INF_SIGNER_INFO_W
SP_INTERFACE_DEVICE_DATA
SP_INTERFACE_DEVICE_DETAIL_DATA
SP_INTERFACE_DEVICE_DETAIL_DATA_A
SP_INTERFACE_DEVICE_DETAIL_DATA_W
SP_LOG_TOKEN
SP_ORIGINAL_FILE_INFO
SP_POWERMESSAGEWAKE_PARAMS
SP_REGISTER_CONTROL_STATUS
SP_SELECTDEVICE_PARAMS
SP_TROUBLESHOOTER_PARAMS
SRRF
SRWLOCK
STARTUPINFO
STARTUPINFOEX
STGFMT
STGMEDIUM
STGTRANSCONFIRMATION
STIF_FLAGS
STYLEBUF
SV3CVW3_FLAGS
SVGIO
SVSIF
SYNCHRONIZATION_BARRIER
SpeechLanguageId
TASKDIALOG_COMMON_BUTTON_FLAGS
TASKDIALOG_FLAGS
TASKOWNERID
TEXTMETRIC
TEXTMETRICOLE
TEXT_DOC_ATTR
THREAD_STATE
TIMEFMT_ENUMPROCA
TIMEFMT_ENUMPROCW
TIMERPROC
TOUCH_FLAGS
TOUCH_MASK
TRANSFER_ADVISE_STATE
TRANSFER_SOURCE_FLAGS
TVITEMEX
UILANGUAGE_ENUMPROCA
UILANGUAGE_ENUMPROCW
UINT16
UNIVERSAL_NAME_INFO
URL_COMPONENTSW
USN_JOURNAL_DATA
USN_RECORD
VALENT
VARIANTARG
WAVECALLBACK
WAVEINCAPS
WAVEINCAPS2
WAVEOUTCAPS
WAVEOUTCAPS2
WIN32_FIND_DATA
WINHTTP_PROXY_CHANGE_REGISTRATION_HANDLE
WINHTTP_PROXY_INFOW
WINSTAENUMPROC
WINSTAENUMPROCA
WINSTAENUMPROCW
WNDCLASS
WNDCLASSEX
WNDENUMPROC
WSAEVENT
WSANAMESPACE_INFO
WSANAMESPACE_INFOEX
WSANSCLASSINFO
WSAPROTOCOL_INFO
WSAQUERYSET
WSAQUERYSET2
WSASERVICECLASSINFO
dwControl
socklen_t
u_char
u_int
u_int64
u_long
u_short
wireASYNC_STGMEDIUM
wireFLAG_STGMEDIUM
wirePIDL
wirePSAFEARRAY
wireSNB
wireSTGMEDIUM
