ARP_SEND_REPLY
BSSID_INFO
CAlignOffsetAlloc
CBcj2Dec
CBcj2Enc
CBuf
CCriticalSection
CDynBuf
CFileInStream
CFileOutStream
CFileSeqInStream
CLookToRead2
CLzma2Dec
CLzma2DecMtProps
CLzma2EncProps
CLzmaDec
CLzmaEncProps
CLzmaProps
CMatchFinder
CMatchFinderMt
CMixCoder
CMtCoder
CMtCoderBlock
CMtCoderThread
CMtDec
CMtDecCallbackInfo
CMtDecThread
CMtProgress
CMtProgressThunk
CMtSync
CNtfsFileTime
CPpmd7
CPpmd7_RangeDec
CPpmd7z_RangeEnc
CPpmd_See
CPpmd_State
CPpmd_State2
CPpmd_State4
CSecToLook
CSecToRead
CSha256
CSzAr
CSzArEx
CSzBitUi32s
CSzBitUi64s
CSzBond
CSzCoderInfo
CSzData
CSzFile
CSzFolder
CXzBcFilterStateBase
CXzBlock
CXzBlockSizes
CXzCheck
CXzDecMtProps
CXzFilter
CXzFilterProps
CXzProps
CXzStatInfo
CXzStream
CXzUnpacker
CXzs
DNS_DOH_SERVER_SETTINGS
DNS_INTERFACE_SETTINGS
DNS_INTERFACE_SETTINGS3
DNS_INTERFACE_SETTINGS4
DNS_INTERFACE_SETTINGS_EX
DNS_SERVER_PROPERTY
DNS_SERVER_PROPERTY_TYPES
DNS_SETTINGS
DNS_SETTINGS2
DOT11_ACCESSNETWORKOPTIONS
DOT11_ADDITIONAL_IE
DOT11_ANQP_QUERY_COMPLETE_PARAMETERS
DOT11_AP_JOIN_REQUEST
DOT11_ASSOCIATION_COMPLETION_PARAMETERS
DOT11_ASSOCIATION_INFO_EX
DOT11_ASSOCIATION_INFO_LIST
DOT11_ASSOCIATION_PARAMS
DOT11_ASSOCIATION_START_PARAMETERS
DOT11_AUTH_ALGORITHM_LIST
DOT11_AUTH_CIPHER_PAIR
DOT11_AUTH_CIPHER_PAIR_LIST
DOT11_AVAILABLE_CHANNEL_LIST
DOT11_AVAILABLE_FREQUENCY_LIST
DOT11_BSSID_CANDIDATE
DOT11_BSSID_LIST
DOT11_BSS_DESCRIPTION
DOT11_BSS_ENTRY
DOT11_BSS_ENTRY_PHY_SPECIFIC_INFO
DOT11_BYTE_ARRAY
DOT11_CAN_SUSTAIN_AP_PARAMETERS
DOT11_CHANNEL_HINT
DOT11_CIPHER_ALGORITHM_LIST
DOT11_CIPHER_DEFAULT_KEY_VALUE
DOT11_CIPHER_KEY_MAPPING_KEY_VALUE
DOT11_CONNECTION_COMPLETION_PARAMETERS
DOT11_CONNECTION_START_PARAMETERS
DOT11_COUNTERS_ENTRY
DOT11_COUNTRY_OR_REGION_STRING_LIST
DOT11_CURRENT_OFFLOAD_CAPABILITY
DOT11_CURRENT_OPERATION_MODE
DOT11_CURRENT_OPTIONAL_CAPABILITY
DOT11_DATA_RATE_MAPPING_ENTRY
DOT11_DATA_RATE_MAPPING_TABLE
DOT11_DEFAULT_WEP_OFFLOAD
DOT11_DEFAULT_WEP_UPLOAD
DOT11_DISASSOCIATE_PEER_REQUEST
DOT11_DISASSOCIATION_PARAMETERS
DOT11_DIVERSITY_SELECTION_RX
DOT11_DIVERSITY_SELECTION_RX_LIST
DOT11_ENCAP_ENTRY
DOT11_ERP_PHY_ATTRIBUTES
DOT11_EXTAP_ATTRIBUTES
DOT11_EXTAP_RECV_CONTEXT
DOT11_EXTAP_SEND_CONTEXT
DOT11_EXTSTA_ATTRIBUTES
DOT11_EXTSTA_CAPABILITY
DOT11_EXTSTA_RECV_CONTEXT
DOT11_EXTSTA_SEND_CONTEXT
DOT11_FRAGMENT_DESCRIPTOR
DOT11_GO_NEGOTIATION_CONFIRMATION_SEND_COMPLETE_PARAMETERS
DOT11_GO_NEGOTIATION_REQUEST_SEND_COMPLETE_PARAMETERS
DOT11_GO_NEGOTIATION_RESPONSE_SEND_COMPLETE_PARAMETERS
DOT11_HOPPING_PATTERN_ENTRY
DOT11_HOPPING_PATTERN_ENTRY_LIST
DOT11_HRDSSS_PHY_ATTRIBUTES
DOT11_IBSS_PARAMS
DOT11_INCOMING_ASSOC_COMPLETION_PARAMETERS
DOT11_INCOMING_ASSOC_DECISION
DOT11_INCOMING_ASSOC_DECISION_V2
DOT11_INCOMING_ASSOC_REQUEST_RECEIVED_PARAMETERS
DOT11_INCOMING_ASSOC_STARTED_PARAMETERS
DOT11_INVITATION_REQUEST_SEND_COMPLETE_PARAMETERS
DOT11_INVITATION_RESPONSE_SEND_COMPLETE_PARAMETERS
DOT11_IV48_COUNTER
DOT11_JOIN_REQUEST
DOT11_KEY_ALGO_BIP
DOT11_KEY_ALGO_BIP_GMAC_256
DOT11_KEY_ALGO_CCMP
DOT11_KEY_ALGO_GCMP
DOT11_KEY_ALGO_GCMP_256
DOT11_KEY_ALGO_TKIP_MIC
DOT11_LINK_QUALITY_ENTRY
DOT11_LINK_QUALITY_PARAMETERS
DOT11_MAC_ADDRESS_LIST
DOT11_MAC_FRAME_STATISTICS
DOT11_MAC_INFO
DOT11_MAC_PARAMETERS
DOT11_MANUFACTURING_CALLBACK_PARAMETERS
DOT11_MANUFACTURING_FUNCTIONAL_TEST_QUERY_ADC
DOT11_MANUFACTURING_FUNCTIONAL_TEST_RX
DOT11_MANUFACTURING_FUNCTIONAL_TEST_TX
DOT11_MANUFACTURING_SELF_TEST_QUERY_RESULTS
DOT11_MANUFACTURING_SELF_TEST_SET_PARAMS
DOT11_MANUFACTURING_TEST
DOT11_MANUFACTURING_TEST_QUERY_DATA
DOT11_MANUFACTURING_TEST_SET_DATA
DOT11_MANUFACTURING_TEST_SLEEP
DOT11_MD_CAPABILITY_ENTRY_LIST
DOT11_MPDU_MAX_LENGTH_INDICATION
DOT11_MULTI_DOMAIN_CAPABILITY_ENTRY
DOT11_NIC_SPECIFIC_EXTENSION
DOT11_OFDM_PHY_ATTRIBUTES
DOT11_OFFLOAD_CAPABILITY
DOT11_OFFLOAD_NETWORK
DOT11_OFFLOAD_NETWORK_LIST_INFO
DOT11_OFFLOAD_NETWORK_STATUS_PARAMETERS
DOT11_OI
DOT11_OPERATION_MODE_CAPABILITY
DOT11_OPTIONAL_CAPABILITY
DOT11_PEER_INFO
DOT11_PEER_INFO_LIST
DOT11_PEER_STATISTICS
DOT11_PER_MSDU_COUNTERS
DOT11_PHY_ATTRIBUTES
DOT11_PHY_FRAME_STATISTICS
DOT11_PHY_FREQUENCY_ADOPTED_PARAMETERS
DOT11_PHY_ID_LIST
DOT11_PHY_STATE_PARAMETERS
DOT11_PHY_TYPE_INFO
DOT11_PHY_TYPE_LIST
DOT11_PMKID_CANDIDATE_LIST_PARAMETERS
DOT11_PMKID_ENTRY
DOT11_PMKID_LIST
DOT11_PORT_STATE_NOTIFICATION
DOT11_POWER_MGMT_AUTO_MODE_ENABLED_INFO
DOT11_POWER_MGMT_MODE
DOT11_POWER_MGMT_MODE_STATUS_INFO
DOT11_PRIVACY_EXEMPTION
DOT11_PRIVACY_EXEMPTION_LIST
DOT11_PROVISION_DISCOVERY_REQUEST_SEND_COMPLETE_PARAMETERS
DOT11_PROVISION_DISCOVERY_RESPONSE_SEND_COMPLETE_PARAMETERS
DOT11_QOS_PARAMS
DOT11_QOS_TX_DURATION
DOT11_QOS_TX_MEDIUM_TIME
DOT11_RATE_SET
DOT11_RECEIVED_GO_NEGOTIATION_CONFIRMATION_PARAMETERS
DOT11_RECEIVED_GO_NEGOTIATION_REQUEST_PARAMETERS
DOT11_RECEIVED_GO_NEGOTIATION_RESPONSE_PARAMETERS
DOT11_RECEIVED_INVITATION_REQUEST_PARAMETERS
DOT11_RECEIVED_INVITATION_RESPONSE_PARAMETERS
DOT11_RECEIVED_PROVISION_DISCOVERY_REQUEST_PARAMETERS
DOT11_RECEIVED_PROVISION_DISCOVERY_RESPONSE_PARAMETERS
DOT11_RECV_CONTEXT
DOT11_RECV_EXTENSION_INFO
DOT11_RECV_EXTENSION_INFO_V2
DOT11_RECV_SENSITIVITY
DOT11_RECV_SENSITIVITY_LIST
DOT11_REG_DOMAINS_SUPPORT_VALUE
DOT11_REG_DOMAIN_VALUE
DOT11_RESET_REQUEST
DOT11_ROAMING_COMPLETION_PARAMETERS
DOT11_ROAMING_START_PARAMETERS
DOT11_RSSI_RANGE
DOT11_SCAN_REQUEST
DOT11_SCAN_REQUEST_V2
DOT11_SEND_CONTEXT
DOT11_SEND_EXTENSION_INFO
DOT11_SEND_EXTENSION_INFO_V2
DOT11_SEND_GO_NEGOTIATION_CONFIRMATION_PARAMETERS
DOT11_SEND_GO_NEGOTIATION_REQUEST_PARAMETERS
DOT11_SEND_GO_NEGOTIATION_RESPONSE_PARAMETERS
DOT11_SEND_INVITATION_REQUEST_PARAMETERS
DOT11_SEND_INVITATION_RESPONSE_PARAMETERS
DOT11_SEND_PROVISION_DISCOVERY_REQUEST_PARAMETERS
DOT11_SEND_PROVISION_DISCOVERY_RESPONSE_PARAMETERS
DOT11_SSID
DOT11_SSID_LIST
DOT11_START_REQUEST
DOT11_STATISTICS
DOT11_STATUS_INDICATION
DOT11_STOP_AP_PARAMETERS
DOT11_SUPPORTED_ANTENNA
DOT11_SUPPORTED_ANTENNA_LIST
DOT11_SUPPORTED_DATA_RATES_VALUE
DOT11_SUPPORTED_DATA_RATES_VALUE_V1
DOT11_SUPPORTED_DATA_RATES_VALUE_V2
DOT11_SUPPORTED_DSSS_CHANNEL
DOT11_SUPPORTED_DSSS_CHANNEL_LIST
DOT11_SUPPORTED_OFDM_FREQUENCY
DOT11_SUPPORTED_OFDM_FREQUENCY_LIST
DOT11_SUPPORTED_PHY_TYPES
DOT11_SUPPORTED_POWER_LEVELS
DOT11_TKIPMIC_FAILURE_PARAMETERS
DOT11_UPDATE_IE
DOT11_VENUEINFO
DOT11_VWIFI_ATTRIBUTES
DOT11_VWIFI_COMBINATION
DOT11_VWIFI_COMBINATION_V2
DOT11_VWIFI_COMBINATION_V3
DOT11_WEP_OFFLOAD
DOT11_WEP_UPLOAD
DOT11_WFD_ADDITIONAL_IE
DOT11_WFD_ADVERTISED_SERVICE_DESCRIPTOR
DOT11_WFD_ADVERTISED_SERVICE_LIST
DOT11_WFD_ADVERTISEMENT_ID
DOT11_WFD_ATTRIBUTES
DOT11_WFD_CHANNEL
DOT11_WFD_CONFIGURATION_TIMEOUT
DOT11_WFD_DEVICE_CAPABILITY_CONFIG
DOT11_WFD_DEVICE_ENTRY
DOT11_WFD_DEVICE_INFO
DOT11_WFD_DEVICE_LISTEN_CHANNEL
DOT11_WFD_DEVICE_TYPE
DOT11_WFD_DISCOVER_COMPLETE_PARAMETERS
DOT11_WFD_DISCOVER_DEVICE_FILTER
DOT11_WFD_DISCOVER_REQUEST
DOT11_WFD_GO_INTENT
DOT11_WFD_GROUP_ID
DOT11_WFD_GROUP_JOIN_PARAMETERS
DOT11_WFD_GROUP_OWNER_CAPABILITY_CONFIG
DOT11_WFD_GROUP_OWNER_CAPABILITY_CONFIG_V2
DOT11_WFD_GROUP_START_PARAMETERS
DOT11_WFD_INVITATION_FLAGS
DOT11_WFD_SECONDARY_DEVICE_TYPE_LIST
DOT11_WFD_SERVICE_HASH_LIST
DOT11_WFD_SESSION_ID
DOT11_WFD_SESSION_INFO
DOT11_WME_AC_PARAMETERS
DOT11_WME_AC_PARAMETERS_LIST
DOT11_WME_UPDATE_IE
DOT11_WPA_TSC
DOT11_WPS_DEVICE_NAME
FIXED_INFO
FIXED_INFO_W2KSP1
GEN_GET_NETCARD_TIME
GEN_GET_TIME_CAPS
ICMPV6_ECHO_REPLY
ICMPV6_ECHO_REPLY_LH
ICMP_ECHO_REPLY
ICMP_ECHO_REPLY32
IF_COUNTED_STRING
IF_COUNTED_STRING_LH
IF_LUID
IF_PHYSICAL_ADDRESS
IF_PHYSICAL_ADDRESS_LH
IMatchFinder2
INTERFACE_HARDWARE_CROSSTIMESTAMP
INTERFACE_HARDWARE_TIMESTAMP_CAPABILITIES
INTERFACE_SOFTWARE_TIMESTAMP_CAPABILITIES
INTERFACE_TIMESTAMP_CAPABILITIES
INTERFACE_TIMESTAMP_CAPABILITY_FLAGS
IPV6_ADDRESS_EX
IP_ADAPTER_ADDRESSES
IP_ADAPTER_ADDRESSES_LH
IP_ADAPTER_ADDRESSES_XP
IP_ADAPTER_ANYCAST_ADDRESS
IP_ADAPTER_ANYCAST_ADDRESS_XP
IP_ADAPTER_DNS_SERVER_ADDRESS
IP_ADAPTER_DNS_SERVER_ADDRESS_XP
IP_ADAPTER_DNS_SUFFIX
IP_ADAPTER_GATEWAY_ADDRESS
IP_ADAPTER_GATEWAY_ADDRESS_LH
IP_ADAPTER_INDEX_MAP
IP_ADAPTER_INFO
IP_ADAPTER_MULTICAST_ADDRESS
IP_ADAPTER_MULTICAST_ADDRESS_XP
IP_ADAPTER_ORDER_MAP
IP_ADAPTER_PREFIX
IP_ADAPTER_PREFIX_XP
IP_ADAPTER_UNICAST_ADDRESS
IP_ADAPTER_UNICAST_ADDRESS_LH
IP_ADAPTER_UNICAST_ADDRESS_XP
IP_ADAPTER_WINS_SERVER_ADDRESS
IP_ADAPTER_WINS_SERVER_ADDRESS_LH
IP_ADDRESS_PREFIX
IP_ADDRESS_STRING
IP_ADDR_STRING
IP_INTERFACE_INFO
IP_INTERFACE_NAME_INFO
IP_INTERFACE_NAME_INFO_W2KSP1
IP_MASK_STRING
IP_MCAST_COUNTER_INFO
IP_OPTION_INFORMATION
IP_OPTION_INFORMATION32
IP_PER_ADAPTER_INFO
IP_PER_ADAPTER_INFO_W2KSP1
IP_UNIDIRECTIONAL_ADAPTER_ADDRESS
IStateCoder
ISzAlloc
MIBICMPINFO
MIBICMPSTATS
MIBICMPSTATS_EX
MIBICMPSTATS_EX_XPSP1
MIB_ANYCASTIPADDRESS_ROW
MIB_ANYCASTIPADDRESS_TABLE
MIB_BEST_IF
MIB_BOUNDARYROW
MIB_ICMP
MIB_ICMP_EX
MIB_ICMP_EX_XPSP1
MIB_IFNUMBER
MIB_IFROW
MIB_IFSTACK_ROW
MIB_IFSTACK_TABLE
MIB_IFSTATUS
MIB_IFTABLE
MIB_IF_ROW2
MIB_IF_TABLE2
MIB_INVERTEDIFSTACK_ROW
MIB_INVERTEDIFSTACK_TABLE
MIB_IPADDRROW
MIB_IPADDRROW_W2K
MIB_IPADDRROW_XP
MIB_IPADDRTABLE
MIB_IPDESTROW
MIB_IPDESTTABLE
MIB_IPFORWARDNUMBER
MIB_IPFORWARDROW
MIB_IPFORWARDTABLE
MIB_IPFORWARD_ROW2
MIB_IPFORWARD_TABLE2
MIB_IPINTERFACE_ROW
MIB_IPINTERFACE_TABLE
MIB_IPMCAST_BOUNDARY
MIB_IPMCAST_BOUNDARY_TABLE
MIB_IPMCAST_GLOBAL
MIB_IPMCAST_IF_ENTRY
MIB_IPMCAST_IF_TABLE
MIB_IPMCAST_MFE
MIB_IPMCAST_MFE_STATS
MIB_IPMCAST_MFE_STATS_EX
MIB_IPMCAST_MFE_STATS_EX_XP
MIB_IPMCAST_OIF
MIB_IPMCAST_OIF_STATS
MIB_IPMCAST_OIF_STATS_LH
MIB_IPMCAST_OIF_STATS_W2K
MIB_IPMCAST_OIF_W2K
MIB_IPMCAST_OIF_XP
MIB_IPMCAST_SCOPE
MIB_IPNETROW
MIB_IPNETROW_LH
MIB_IPNETROW_W2K
MIB_IPNETTABLE
MIB_IPNET_ROW2
MIB_IPNET_TABLE2
MIB_IPPATH_ROW
MIB_IPPATH_TABLE
MIB_IPSTATS
MIB_IPSTATS_LH
MIB_IPSTATS_W2K
MIB_IP_NETWORK_CONNECTION_BANDWIDTH_ESTIMATES
MIB_MCAST_LIMIT_ROW
MIB_MFE_STATS_TABLE
MIB_MFE_STATS_TABLE_EX
MIB_MFE_STATS_TABLE_EX_XP
MIB_MFE_TABLE
MIB_MULTICASTIPADDRESS_ROW
MIB_MULTICASTIPADDRESS_TABLE
MIB_OPAQUE_INFO
MIB_OPAQUE_QUERY
MIB_PROXYARP
MIB_ROUTESTATE
MIB_TCP6ROW
MIB_TCP6ROW2
MIB_TCP6ROW_OWNER_MODULE
MIB_TCP6ROW_OWNER_PID
MIB_TCP6TABLE
MIB_TCP6TABLE2
MIB_TCP6TABLE_OWNER_MODULE
MIB_TCP6TABLE_OWNER_PID
MIB_TCPROW
MIB_TCPROW2
MIB_TCPROW_LH
MIB_TCPROW_OWNER_MODULE
MIB_TCPROW_OWNER_PID
MIB_TCPROW_W2K
MIB_TCPSTATS
MIB_TCPSTATS2
MIB_TCPSTATS_LH
MIB_TCPSTATS_W2K
MIB_TCPTABLE
MIB_TCPTABLE2
MIB_TCPTABLE_OWNER_MODULE
MIB_TCPTABLE_OWNER_PID
MIB_UDP6ROW
MIB_UDP6ROW2
MIB_UDP6ROW_OWNER_MODULE
MIB_UDP6ROW_OWNER_PID
MIB_UDP6TABLE
MIB_UDP6TABLE2
MIB_UDP6TABLE_OWNER_MODULE
MIB_UDP6TABLE_OWNER_PID
MIB_UDPROW
MIB_UDPROW2
MIB_UDPROW_OWNER_MODULE
MIB_UDPROW_OWNER_PID
MIB_UDPSTATS
MIB_UDPSTATS2
MIB_UDPTABLE
MIB_UDPTABLE2
MIB_UDPTABLE_OWNER_MODULE
MIB_UDPTABLE_OWNER_PID
MIB_UNICASTIPADDRESS_ROW
MIB_UNICASTIPADDRESS_TABLE
NDIS_802_11_AI_REQFI
NDIS_802_11_AI_RESFI
NDIS_802_11_ASSOCIATION_INFORMATION
NDIS_802_11_AUTHENTICATION_ENCRYPTION
NDIS_802_11_AUTHENTICATION_EVENT
NDIS_802_11_AUTHENTICATION_REQUEST
NDIS_802_11_BSSID_LIST
NDIS_802_11_BSSID_LIST_EX
NDIS_802_11_CAPABILITY
NDIS_802_11_CONFIGURATION
NDIS_802_11_CONFIGURATION_FH
NDIS_802_11_FIXED_IEs
NDIS_802_11_KEY
NDIS_802_11_NETWORK_TYPE_LIST
NDIS_802_11_NON_BCAST_SSID_LIST
NDIS_802_11_PMKID
NDIS_802_11_PMKID_CANDIDATE_LIST
NDIS_802_11_REMOVE_KEY
NDIS_802_11_SSID
NDIS_802_11_STATISTICS
NDIS_802_11_STATUS_INDICATION
NDIS_802_11_TEST
NDIS_802_11_VARIABLE_IEs
NDIS_802_11_WEP
NDIS_CO_DEVICE_PROFILE
NDIS_CO_LINK_SPEED
NDIS_ENCAPSULATED_PACKET_TASK_OFFLOAD
NDIS_ENCAPSULATED_PACKET_TASK_OFFLOAD_V2
NDIS_GFP_ETHERNET_HEADER_FIELDS
NDIS_GFP_EXACT_MATCH_PROFILE
NDIS_GFP_HEADER_GROUP_EXACT_MATCH
NDIS_GFP_HEADER_GROUP_EXACT_MATCH_PROFILE
NDIS_GFP_HEADER_GROUP_WILDCARD_MATCH
NDIS_GFP_HEADER_GROUP_WILDCARD_MATCH_PROFILE
NDIS_GFP_IPV4_ADDRESS_WILDCARD_MATCH
NDIS_GFP_IPV4_SRC_AND_DEST_ADDRESS_WILDCARD_MATCH
NDIS_GFP_IPV6_ADDRESS_WILDCARD_MATCH
NDIS_GFP_IPV6_SRC_AND_DEST_ADDRESS_WILDCARD_MATCH
NDIS_GFP_IP_SRC_AND_DEST_ADDRESS_WILDCARD_MATCH
NDIS_GFP_TRANSPORT_PORT_WILDCARD_MATCH
NDIS_GFP_TRANSPORT_SRC_AND_DEST_PORT_WILDCARD_MATCH
NDIS_GFP_WILDCARD_MATCH_PROFILE
NDIS_GFT_BYTE_COUNTER_VALUE
NDIS_GFT_COUNTER_INFO
NDIS_GFT_COUNTER_INFO_ARRAY
NDIS_GFT_COUNTER_PARAMETERS
NDIS_GFT_COUNTER_VALUE
NDIS_GFT_COUNTER_VALUE_ARRAY
NDIS_GFT_CUSTOM_ACTION
NDIS_GFT_CUSTOM_ACTION_PROFILE
NDIS_GFT_DELETE_PROFILE_PARAMETERS
NDIS_GFT_DELETE_TABLE_PARAMETERS
NDIS_GFT_EXACT_MATCH_FLOW_ENTRY
NDIS_GFT_FLOW_ENTRY_ARRAY
NDIS_GFT_FLOW_ENTRY_ID_AND_COUNTER
NDIS_GFT_FLOW_ENTRY_ID_ARRAY
NDIS_GFT_FLOW_ENTRY_INFO_ARRAY
NDIS_GFT_FLOW_STATE
NDIS_GFT_FREE_COUNTER_PARAMETERS
NDIS_GFT_HEADER_GROUP_TRANSPOSITION
NDIS_GFT_HEADER_GROUP_TRANSPOSITION_PROFILE
NDIS_GFT_HEADER_TRANSPOSITION_PROFILE
NDIS_GFT_OFFLOAD_CAPABILITIES
NDIS_GFT_OFFLOAD_PARAMETERS
NDIS_GFT_PACKET_BYTE_COUNTER_VALUE
NDIS_GFT_PACKET_BYTE_COUNTER_VALUE_AND_STATE
NDIS_GFT_PACKET_COUNTER_VALUE
NDIS_GFT_PROFILE_INFO
NDIS_GFT_PROFILE_INFO_ARRAY
NDIS_GFT_STATISTICS
NDIS_GFT_TABLE_INFO
NDIS_GFT_TABLE_INFO_ARRAY
NDIS_GFT_TABLE_PARAMETERS
NDIS_GFT_VPORT_PARAMETERS
NDIS_GFT_WILDCARD_MATCH_FLOW_ENTRY
NDIS_GUID
NDIS_HARDWARE_CROSSTIMESTAMP
NDIS_HD_SPLIT_CURRENT_CONFIG
NDIS_HD_SPLIT_PARAMETERS
NDIS_HYPERVISOR_INFO
NDIS_IF_COUNTED_STRING
NDIS_IF_PHYSICAL_ADDRESS
NDIS_INTERFACE_INFORMATION
NDIS_INTERRUPT_MODERATION_PARAMETERS
NDIS_IPSEC_OFFLOAD_V1
NDIS_IPSEC_OFFLOAD_V2
NDIS_IP_OPER_STATE
NDIS_IP_OPER_STATUS
NDIS_IP_OPER_STATUS_INFO
NDIS_IRDA_PACKET_INFO
NDIS_ISOLATION_ID_NAME
NDIS_ISOLATION_NAME
NDIS_ISOLATION_PARAMETERS
NDIS_LINK_PARAMETERS
NDIS_LINK_SPEED
NDIS_LINK_STATE
NDIS_NDK_CAPABILITIES
NDIS_NDK_CONNECTIONS
NDIS_NDK_CONNECTION_ENTRY
NDIS_NDK_LOCAL_ENDPOINTS
NDIS_NDK_LOCAL_ENDPOINT_ENTRY
NDIS_NDK_PARAMETERS
NDIS_NDK_PERFORMANCE_COUNTERS
NDIS_NDK_REQUEST_PARAMETERS
NDIS_NDK_RESPONSE_PARAMETERS
NDIS_NDK_STATISTICS_INFO
NDIS_NIC_SWITCH_CAPABILITIES
NDIS_NIC_SWITCH_DELETE_SWITCH_PARAMETERS
NDIS_NIC_SWITCH_DELETE_VPORT_PARAMETERS
NDIS_NIC_SWITCH_FREE_VF_PARAMETERS
NDIS_NIC_SWITCH_FRIENDLYNAME
NDIS_NIC_SWITCH_INFO
NDIS_NIC_SWITCH_INFO_ARRAY
NDIS_NIC_SWITCH_PARAMETERS
NDIS_NIC_SWITCH_VF_INFO
NDIS_NIC_SWITCH_VF_INFO_ARRAY
NDIS_NIC_SWITCH_VF_PARAMETERS
NDIS_NIC_SWITCH_VPORT_INFO
NDIS_NIC_SWITCH_VPORT_INFO_ARRAY
NDIS_NIC_SWITCH_VPORT_PARAMETERS
NDIS_OFFLOAD
NDIS_OFFLOAD_PARAMETERS
NDIS_OPER_STATE
NDIS_PCI_DEVICE_CUSTOM_PROPERTIES
NDIS_PD_CAPABILITIES
NDIS_PD_CONFIG
NDIS_PM_CAPABILITIES
NDIS_PM_COUNTED_STRING
NDIS_PM_PACKET_PATTERN
NDIS_PM_PARAMETERS
NDIS_PM_PROTOCOL_OFFLOAD
NDIS_PM_WAKE_PACKET
NDIS_PM_WAKE_REASON
NDIS_PM_WAKE_UP_CAPABILITIES
NDIS_PM_WOL_PATTERN
NDIS_PNP_CAPABILITIES
NDIS_PORT
NDIS_PORT_ARRAY
NDIS_PORT_AUTHENTICATION_PARAMETERS
NDIS_PORT_CHARACTERISTICS
NDIS_PORT_STATE
NDIS_PROCESSOR_INFO_EX
NDIS_QOS_CAPABILITIES
NDIS_QOS_CLASSIFICATION_ELEMENT
NDIS_QOS_OFFLOAD_CAPABILITIES
NDIS_QOS_PARAMETERS
NDIS_QOS_SQ_PARAMETERS
NDIS_QOS_SQ_PARAMETERS_ENUM_ARRAY
NDIS_QOS_SQ_STATS
NDIS_QUEUE_NAME
NDIS_RECEIVE_FILTER_CAPABILITIES
NDIS_RECEIVE_FILTER_CLEAR_PARAMETERS
NDIS_RECEIVE_FILTER_FIELD_PARAMETERS
NDIS_RECEIVE_FILTER_GLOBAL_PARAMETERS
NDIS_RECEIVE_FILTER_INFO
NDIS_RECEIVE_FILTER_INFO_ARRAY
NDIS_RECEIVE_FILTER_MOVE_FILTER_PARAMETERS
NDIS_RECEIVE_FILTER_PARAMETERS
NDIS_RECEIVE_HASH_PARAMETERS
NDIS_RECEIVE_QUEUE_ALLOCATION_COMPLETE_ARRAY
NDIS_RECEIVE_QUEUE_ALLOCATION_COMPLETE_PARAMETERS
NDIS_RECEIVE_QUEUE_FREE_PARAMETERS
NDIS_RECEIVE_QUEUE_INFO
NDIS_RECEIVE_QUEUE_INFO_ARRAY
NDIS_RECEIVE_QUEUE_PARAMETERS
NDIS_RECEIVE_SCALE_CAPABILITIES
NDIS_RECEIVE_SCALE_PARAMETERS
NDIS_RECEIVE_SCALE_PARAMETERS_V2
NDIS_RFC6877_464XLAT_OFFLOAD
NDIS_ROUTING_DOMAIN_ENTRY
NDIS_ROUTING_DOMAIN_ID
NDIS_ROUTING_DOMAIN_ISOLATION_ENTRY
NDIS_ROUTING_DOMAIN_NAME
NDIS_RSC_STATISTICS_INFO
NDIS_RSS_PROCESSOR
NDIS_RSS_PROCESSOR_INFO
NDIS_RSS_SET_INDIRECTION_ENTRIES
NDIS_RSS_SET_INDIRECTION_ENTRY
NDIS_SRIOV_BAR_RESOURCES_INFO
NDIS_SRIOV_CAPABILITIES
NDIS_SRIOV_CONFIG_STATE_PARAMETERS
NDIS_SRIOV_OVERLYING_ADAPTER_INFO
NDIS_SRIOV_PF_LUID_INFO
NDIS_SRIOV_PROBED_BARS_INFO
NDIS_SRIOV_READ_VF_CONFIG_BLOCK_PARAMETERS
NDIS_SRIOV_READ_VF_CONFIG_SPACE_PARAMETERS
NDIS_SRIOV_RESET_VF_PARAMETERS
NDIS_SRIOV_SET_VF_POWER_STATE_PARAMETERS
NDIS_SRIOV_VF_INVALIDATE_CONFIG_BLOCK_INFO
NDIS_SRIOV_VF_SERIAL_NUMBER_INFO
NDIS_SRIOV_VF_VENDOR_DEVICE_ID_INFO
NDIS_SRIOV_WRITE_VF_CONFIG_BLOCK_PARAMETERS
NDIS_SRIOV_WRITE_VF_CONFIG_SPACE_PARAMETERS
NDIS_STATISTICS_INFO
NDIS_STATISTICS_VALUE
NDIS_STATISTICS_VALUE_EX
NDIS_SWITCH_EXTENSION_FRIENDLYNAME
NDIS_SWITCH_FEATURE_STATUS_CUSTOM
NDIS_SWITCH_FEATURE_STATUS_PARAMETERS
NDIS_SWITCH_FRIENDLYNAME
NDIS_SWITCH_NAME
NDIS_SWITCH_NIC_ARRAY
NDIS_SWITCH_NIC_FRIENDLYNAME
NDIS_SWITCH_NIC_NAME
NDIS_SWITCH_NIC_OID_REQUEST
NDIS_SWITCH_NIC_PARAMETERS
NDIS_SWITCH_NIC_SAVE_STATE
NDIS_SWITCH_OBJECT_ID
NDIS_SWITCH_OBJECT_INSTANCE_ID
NDIS_SWITCH_PARAMETERS
NDIS_SWITCH_PORT_ARRAY
NDIS_SWITCH_PORT_FEATURE_STATUS_CUSTOM
NDIS_SWITCH_PORT_FEATURE_STATUS_PARAMETERS
NDIS_SWITCH_PORT_FRIENDLYNAME
NDIS_SWITCH_PORT_NAME
NDIS_SWITCH_PORT_PARAMETERS
NDIS_SWITCH_PORT_PROPERTY_CUSTOM
NDIS_SWITCH_PORT_PROPERTY_DELETE_PARAMETERS
NDIS_SWITCH_PORT_PROPERTY_ENUM_INFO
NDIS_SWITCH_PORT_PROPERTY_ENUM_PARAMETERS
NDIS_SWITCH_PORT_PROPERTY_ISOLATION
NDIS_SWITCH_PORT_PROPERTY_PARAMETERS
NDIS_SWITCH_PORT_PROPERTY_PROFILE
NDIS_SWITCH_PORT_PROPERTY_PROFILE_CDN_LABEL
NDIS_SWITCH_PORT_PROPERTY_PROFILE_NAME
NDIS_SWITCH_PORT_PROPERTY_ROUTING_DOMAIN
NDIS_SWITCH_PORT_PROPERTY_SECURITY
NDIS_SWITCH_PORT_PROPERTY_VLAN
NDIS_SWITCH_PROPERTY_CUSTOM
NDIS_SWITCH_PROPERTY_DELETE_PARAMETERS
NDIS_SWITCH_PROPERTY_ENUM_INFO
NDIS_SWITCH_PROPERTY_ENUM_PARAMETERS
NDIS_SWITCH_PROPERTY_PARAMETERS
NDIS_SYSTEM_PROCESSOR_INFO_EX
NDIS_TCP_CONNECTION_OFFLOAD
NDIS_TCP_IP_CHECKSUM_OFFLOAD
NDIS_TCP_LARGE_SEND_OFFLOAD_V1
NDIS_TCP_LARGE_SEND_OFFLOAD_V2
NDIS_TCP_RECV_SEG_COALESCE_OFFLOAD
NDIS_TIMEOUT_DPC_REQUEST_CAPABILITIES
NDIS_TIMESTAMP_CAPABILITIES
NDIS_TIMESTAMP_CAPABILITY_FLAGS
NDIS_UDP_SEGMENTATION_OFFLOAD
NDIS_VAR_DATA_DESC
NDIS_VENDOR_NAME
NDIS_VM_FRIENDLYNAME
NDIS_VM_NAME
NDIS_VPORT_NAME
NDIS_WAN_PROTOCOL_CAPS
NDIS_WLAN_BSSID
NDIS_WLAN_BSSID_EX
NDIS_WMI_ENUM_ADAPTER
NDIS_WMI_EVENT_HEADER
NDIS_WMI_GROUP_AFFINITY
NDIS_WMI_IPSEC_OFFLOAD_V1
NDIS_WMI_METHOD_HEADER
NDIS_WMI_NDK_CAPABILITIES
NDIS_WMI_OFFLOAD
NDIS_WMI_OUTPUT_INFO
NDIS_WMI_PM_ACTIVE_CAPABILITIES
NDIS_WMI_PM_ADMIN_CONFIG
NDIS_WMI_RECEIVE_QUEUE_INFO
NDIS_WMI_RECEIVE_QUEUE_PARAMETERS
NDIS_WMI_SET_HEADER
NDIS_WMI_TCP_CONNECTION_OFFLOAD
NDIS_WMI_TCP_IP_CHECKSUM_OFFLOAD
NDIS_WMI_TCP_LARGE_SEND_OFFLOAD_V1
NDIS_WMI_TCP_LARGE_SEND_OFFLOAD_V2
NDK_ADAPTER_INFO
NDK_VERSION
NDK_WMI_ADAPTER_INFO
NETWORK_ADDRESS
NETWORK_ADDRESS_IP
NETWORK_ADDRESS_IP6
NETWORK_ADDRESS_IPX
NETWORK_ADDRESS_LIST
NET_ADDRESS_INFO
NET_IF_ALIAS
NET_IF_ALIAS_LH
NET_IF_NETWORK_GUID
NET_IF_RCV_ADDRESS
NET_IF_RCV_ADDRESS_LH
NET_LUID
NET_LUID_LH
NET_PHYSICAL_LOCATION
NET_PHYSICAL_LOCATION_LH
NL_BANDWIDTH_INFORMATION
NL_INTERFACE_OFFLOAD_ROD
NL_NETWORK_CONNECTIVITY_HINT
NL_PATH_BANDWIDTH_ROD
OFFLOAD_ALGO_INFO
OFFLOAD_IPSEC_ADD_SA
OFFLOAD_IPSEC_ADD_UDPESP_SA
OFFLOAD_IPSEC_DELETE_SA
OFFLOAD_IPSEC_DELETE_UDPESP_SA
OFFLOAD_IPSEC_UDPESP_ENCAPTYPE_ENTRY
OFFLOAD_SECURITY_ASSOCIATION
PMKID_CANDIDATE
TCPIP_OWNER_MODULE_BASIC_INFO
TCP_ESTATS_BANDWIDTH_ROD_v0
TCP_ESTATS_BANDWIDTH_RW_v0
TCP_ESTATS_DATA_ROD_v0
TCP_ESTATS_DATA_RW_v0
TCP_ESTATS_FINE_RTT_ROD_v0
TCP_ESTATS_FINE_RTT_RW_v0
TCP_ESTATS_OBS_REC_ROD_v0
TCP_ESTATS_OBS_REC_RW_v0
TCP_ESTATS_PATH_ROD_v0
TCP_ESTATS_PATH_RW_v0
TCP_ESTATS_REC_ROD_v0
TCP_ESTATS_REC_RW_v0
TCP_ESTATS_SEND_BUFF_ROD_v0
TCP_ESTATS_SEND_BUFF_RW_v0
TCP_ESTATS_SND_CONG_ROD_v0
TCP_ESTATS_SND_CONG_ROS_v0
TCP_ESTATS_SND_CONG_RW_v0
TCP_ESTATS_SYN_OPTS_ROS_v0
TCP_RESERVE_PORT_RANGE
TRANSPORT_HEADER_OFFSET
Union2
Union4
WFDSVC_CONNECTION_CAPABILITY
_NDIS_PORT
