BOOL=DWORD
BOOLEAN=BYTE
CHAR=SBYTE
DOUBLE=REAL8
DWORD32=DWORD
DWORD64=QWORD
DWORDLONG=QWORD
DWORD_PTR=XWORD
FLOAT=REAL4
INT=SDWORD
INT32=SDWORD
INT64=SQWORD
INT8=SBYTE
INT_16=SWORD
INT_PTR=SXWORD
LONG=SDWORD
LONG16=SWORD
LONG32=SDWORD
LONG64=SQWORD
LONG8=SBYTE
LONGLONG=SQWORD
LONG_PTR=SXWORD
LPCSTR==POINTER
LPCWSTR==POINTER
LPSTR=POINTER
LPVOID=POINTER
LPWSTR=POINTER
PBOOL=POINTER
PBYTE=POINTER
PCHAR=POINTER
PDWORD=POINTER
PQWORD=POINTER
PSTR=POINTER
PVOID=POINTER
PWORD=POINTER
PWSTR=POINTER
SHORT=SWORD
SIZE_T=XWORD
UCHAR=BYTE
UINT=DWORD
UINT32=DWORD
UINT64=QWORD
UINT8=BYTE
UINT_16=WORD
UINT_PTR=XWORD
ULONG=DWORD
ULONG16=WORD
ULONG32=DWORD
ULONG64=QWORD
ULONG8=BYTE
ULONGLONG=QWORD
ULONG_PTR=XWORD
USHORT=WORD
VOID=
WCHAR=WORD
__int16=SWORD
__int32=SDWORD
__int3264=SDWORD
__int64=SQWORD
__int8=SBYTE
__wchar_t=WORD
bool=BYTE
char=SBYTE
char_t=SBYTE
double=REAL8
float=REAL4
int=SDWORD
long=SDWORD
long double=REAL10
long int=SWORD
long long=SQWORD
long long int=SQWORD
longlong=SQWORD
short=SWORD
short int=SWORD
signed==SDWORD
signed __int16=SWORD
signed __int32=SDWORD
signed __int64=SQWORD
signed __int8=SBYTE
signed char=SBYTE
signed int=SDWORD
signed long=SDWORD
signed long int=SDWORD
signed long long=SQWORD
signed long long int=SQWORD
signed short=SWORD
signed short int=SWORD
size_t=XWORD
u_long=DWORD
unsigned=DWORD
unsigned __int16=WORD
unsigned __int32=DWORD
unsigned __int3264=DWORD
unsigned __int64=QWORD
unsigned __int8=BYTE
unsigned char=BYTE
unsigned int=DWORD
unsigned long=DWORD
unsigned long int=DWORD
unsigned long long=QWORD
unsigned long long int=SQWORD
unsigned longlong=QWORD
unsigned short=WORD
unsigned short int=WORD
void=
