ABORTPROC
ACCESS_MASK
ACCESS_REASON
ACTCTX
ADDJOB_INFO_1
ADDRESS_FAMILY
ADDRINFO
ADDRINFOEX
ADDRINFOT
ALG_ID
APARTMENTID
APPBREAKFLAGS
ARGB
ARGB64
ASSOCF
ASYNC_STGMEDIUM
ATOM
AUXCAPS
AUXCAPS2
AXESLIST
AXISINFO
BAD_TRACK_NUMBER
BCHAR
BCRYPT_ALG_HANDLE
BCRYPT_AUTH_TAG_LENGTHS_STRUCT
BCRYPT_HANDLE
BCRYPT_HASH_HANDLE
BCRYPT_KEY_HANDLE
BCRYPT_SECRET_HANDLE
BOOL
BOOLEAN
BORDERWIDTHS
BROWSERFRAMEOPTIONS
BSTR
BYTE
BoolInt
Byte
CABINET_INFO
CALID
CALINFO_ENUMPROCA
CALINFO_ENUMPROCEXA
CALINFO_ENUMPROCEXW
CALINFO_ENUMPROCW
CALTYPE
CATID
CAffinityMask
CAutoResetEvent
CBT_CREATEWND
CBcj2Enc_ip_signed
CBcj2Enc_ip_unsigned
CBcj2Prob
CCERT_STORE_PROV_FIND_INFO
CCHAR
CCRYPT_OID_INFO
CCpuSet
CCriticalSection
CDBE_ACTIONS
CEvent
CHAR
CHOOSECOLOR
CHOOSEFONT
CLIPFORMAT
CLSID
CLSN
CLzRef
CLzma2DecMtHandle
CLzma2EncHandle
CLzmaEncHandle
CLzmaProb
CMSGHDR
CMSG_ATTR
CManualResetEvent
CODEPAGE_ENUMPROCA
CODEPAGE_ENUMPROCW
COLOR16
COLORREF
CONDITION_VARIABLE
CONNECTDLGSTRUCT
CORE_PRINTER_DRIVER
CPFLAGS
CPINFOEX
CREATESTRUCT
CRITICAL_SECTION
CRITICAL_SECTION_DEBUG
CRM_PROTOCOL_ID
CRYPT_PASSWORD_CREDENTIALS
CSECT
CSECT_HANDLE
CSemaphore
CThread
CURRENCY
CURRENCYFMT
CXzDecMtHandle
CXzEncHandle
CXzStreamFlags
CallerContext
CredHandle
CtxtHandle
D3D12_GPU_VIRTUAL_ADDRESS
D3D12_PRIMITIVE
D3D12_PRIMITIVE_TOPOLOGY
D3D12_RECT
D3DCOLOR
D3DVALUE
DATATYPES_INFO_1
DATE
DATEFMT_ENUMPROCA
DATEFMT_ENUMPROCEXA
DATEFMT_ENUMPROCEXW
DATEFMT_ENUMPROCW
DBGPROP_ATTRIB_FLAGS
DBGPROP_INFO_FLAGS
DCIPRIMARY
DCIRVAL
DDCAPS
DECOMPRESSOR_HANDLE
DEPRECATED_HRESULT
DESKTOPENUMPROC
DESKTOPENUMPROCA
DESKTOPENUMPROCW
DEVICE_DATA_MANAGEMENT_SET_ACTION
DEVICE_DSM_ACTION
DEVMODE
DEVPROPGUID
DEVPROPID
DEVPROPTYPE
DEVPROP_BOOLEAN
DISCDLGSTRUCT
DISPID
DISPLAY_DEVICE
DI_FUNCTION
DLGPROC
DLL_DIRECTORY_COOKIE
DOCINFO
DOC_INFO_1
DOC_INFO_2
DOC_INFO_3
DOT11_ASSOC_STATUS
DOT11_DIALOG_TOKEN
DOT11_SUPPORTED_DATA_RATES_VALUE_V1
DOT11_WFD_GROUP_CAPABILITY
DOT11_WFD_MINOR_REASON_CODE
DOT11_WFD_STATUS_CODE
DOUBLE
DRAGINFO
DRAWSTATEPROC
DRIVER_INFO_1
DRIVER_INFO_2
DRIVER_INFO_3
DRIVER_INFO_4
DRIVER_INFO_5
DRIVER_INFO_6
DRIVER_INFO_8
DWORD
DWORD32
DWORD64
DWORDLONG
DWORD_PTR
DrawImageAbort
EDITWORDBREAKPROC
EDITWORDBREAKPROCA
EDITWORDBREAKPROCW
ELEMENTID
ENUMLOGFONT
ENUMLOGFONTEX
ENUMLOGFONTEXDV
ENUMRESLANGPROC
ENUMRESLANGPROCA
ENUMRESLANGPROCW
ENUMRESNAMEPROC
ENUMRESNAMEPROCA
ENUMRESNAMEPROCW
ENUMRESTYPEPROC
ENUMRESTYPEPROCA
ENUMRESTYPEPROCW
ENUMTEXTMETRIC
ENUM_SERVICE_STATUS
ENUM_SERVICE_STATUS_PROCESS
EXECUTION_STATE
EXPCMDFLAGS
EXPCMDSTATE
EXPLORERPANE
EXPLORERPANESTATE
EXPPS
EXTLOGFONT
FCHAR
FILEOPENDIALOGOPTIONS
FILEOP_FLAGS
FILEPATHS
FILEPATHS_SIGNERINFO
FILE_IN_CABINET_INFO
FILE_PROVIDER_EXTERNAL_INFO
FINDREPLACE
FIXED_INFO
FLATPTR
FLOAT
FLONG
FMTID
FOLDERTYPEID
FONTENUMPROC
FONTENUMPROCA
FONTENUMPROCW
FORM_INFO_1
FORM_INFO_2
FOURCC
FSHORT
FXPT16DOT16
FXPT2DOT30
GCP_RESULTS
GEOCLASS
GEOID
GEOTYPE
GEO_ENUMNAMEPROC
GEO_ENUMPROC
GLOBALHANDLE
GOBJENUMPROC
GPFIDL_FLAGS
GRAYSTRINGPROC
GROUP_
GetThumbnailImageAbort
GraphicsContainer
GraphicsState
HALF_PTR
HANDLE
HANDLE64
HANDLE_PTR
HANIMATIONBUFFER
HCERTCHAINENGINE
HCERTSTORE
HCERTSTOREPROV
HCERT_SERVER_OCSP_RESPONSE
HCONTEXT
HCRYPTASYNC
HCRYPTDEFAULTCONTEXT
HCRYPTHASH
HCRYPTKEY
HCRYPTMSG
HCRYPTOIDFUNCADDR
HCRYPTOIDFUNCSET
HCRYPTPROV
HCRYPTPROV_LEGACY
HCRYPTPROV_OR_NCRYPT_KEY_HANDLE
HCURSOR
HDEVINFO
HDEVNOTIFY
HDRAWDIB
HDSKSPC
HDWP
HELPPOLY
HELPWININFO
HFILE
HGDIOBJ
HGLOBAL
HHANDLE
HIGHCONTRAST
HIMC
HIMCC
HINF
HINTERNET
HLOCAL
HMETAFILEPICT
HMODULE
HOBJECT
HOLEMENU
HOOKPROC
HPAINTBUFFER
HPCON
HPOWERNOTIFY
HPSTR
HREFTYPE
HRESULT
HSPFILELOG
HSPFILEQ
HTHEME
HTTP_CLIENT_CONNECTION_ID
HTTP_CLIENT_REQUEST_ID
HTTP_CLIENT_STREAM_ID
HTTP_CONNECTION_ID
HTTP_OPAQUE_ID
HTTP_RAW_CONNECTION_ID
HTTP_REQUEST
HTTP_REQUEST_ID
HTTP_RESPONSE
HTTP_SERVER_SESSION_ID
HTTP_SERVICE_CONFIG_CACHE_PARAM
HTTP_SERVICE_CONFIG_SETTING_PARAM
HTTP_SERVICE_CONFIG_TIMEOUT_PARAM
HTTP_URL_CONTEXT
HTTP_URL_GROUP_ID
HUSKEY
HW_PROFILE_INFO
ICMPV6_ECHO_REPLY
ICONINFOEX
ICONMETRICS
ID3DBlob
IFTYPE
IF_COUNTED_STRING
IF_INDEX
IF_LUID
IF_PHYSICAL_ADDRESS
IID
IMAGEHLP_CONTEXT
IMAGE_AMD64_RUNTIME_FUNCTION_ENTRY
IMAGE_AXP64_RUNTIME_FUNCTION_ENTRY
IMAGE_DYNAMIC_RELOCATION
IMAGE_DYNAMIC_RELOCATION_V2
IMAGE_ENCLAVE_CONFIG
IMAGE_IA64_RUNTIME_FUNCTION_ENTRY
IMAGE_LOAD_CONFIG_DIRECTORY
IMAGE_NT_HEADERS
IMAGE_OPTIONAL_HEADER
IMAGE_RUNTIME_FUNCTION_ENTRY
IMAGE_THUNK_DATA
IMAGE_TLS_DIRECTORY
IMEMENUITEMINFO
INIT_ONCE
INT16
INT32
INT64
INT8
INTERNET_PORT
INTERNET_SCHEME
INT_
INT_PTR
IPAddr
IPMask
IP_ADAPTER_ADDRESSES
IP_ADAPTER_ANYCAST_ADDRESS
IP_ADAPTER_DNS_SERVER_ADDRESS
IP_ADAPTER_GATEWAY_ADDRESS
IP_ADAPTER_MULTICAST_ADDRESS
IP_ADAPTER_PREFIX
IP_ADAPTER_UNICAST_ADDRESS
IP_ADAPTER_WINS_SERVER_ADDRESS
IP_DAD_STATE
IP_INTERFACE_NAME_INFO
IP_PER_ADAPTER_INFO
IP_PREFIX_ORIGIN
IP_STATUS
IP_SUFFIX_ORIGIN
ISpNotifyCallback
ISpTask
ISpThreadTask
ISzAllocPtr
ITEMIDLIST_ABSOLUTE
ITEMIDLIST_RELATIVE
ITEMID_CHILD
I_RPC_HANDLE
I_RPC_MUTEX
Int16
Int32
Int64
JIT_DEBUG_INFO32
JIT_DEBUG_INFO64
JOBOBJECT_IO_RATE_CONTROL_INFORMATION_NATIVE_V1
JOB_INFO_1
JOB_INFO_2
JOB_INFO_4
JOYCAPS
JOYCAPS2
KAFFINITY
KF_DEFINITION_FLAGS
KF_REDIRECTION_CAPABILITIES
KF_REDIRECT_FLAGS
KNOWNFOLDERID
KSPIN_LOCK
LANGGROUPLOCALE_ENUMPROCA
LANGGROUPLOCALE_ENUMPROCW
LANGID
LANGUAGEGROUP_ENUMPROCA
LANGUAGEGROUP_ENUMPROCW
LCID
LCSCSTYPE
LCSGAMUTMATCH
LCTYPE
LGRPID
LHCLIENTDOC
LHSERVER
LHSERVERDOC
LINEDDAPROC
LOCALE_ENUMPROCA
LOCALE_ENUMPROCW
LOCALHANDLE
LOGCOLORSPACE
LOGFONT
LONG
LONG32
LONG64
LONGLONG
LONG_PTR
LP
LPACCESSRECTLIST
LPACMDRIVERPROC
LPACTIVEDESKTOP
LPACTIVEDESKTOPP
LPADDJOB_INFO_1
LPADDREXCLUSIONCONTROL
LPADDRINFO
LPADDRTRACKINGCONTROL
LPADESKTOPP2
LPADPCMCOEFSET
LPADPCMEWAVEFORMAT
LPADPCMWAVEFORMAT
LPADVISESINK
LPADVISESINK2
LPADVISESINKEX
LPAPTXWAVEFORMAT
LPARAM
LPATTACHLIST
LPAUDIOFILE_AF10WAVEFORMAT
LPAUDIOFILE_AF36WAVEFORMAT
LPAUTHENTICATION
LPAUTHENTICATIONEX
LPAUTOCOMPLETE
LPAUTOCOMPLETE2
LPAUXCAPS
LPAUXCAPS2
LPAXESLIST
LPAXISINFO
LPBC
LPBINDCALLBACKREDIRECT
LPBINDCTX
LPBINDHOST
LPBINDING
LPBINDPROTOCOL
LPBINDSTATUSCALLBACK
LPBINDSTATUSCALLBACKEX
LPBOOL
LPBORDERWIDTHS
LPBROWSERFRAMEOPTIONS
LPBSTR
LPBYTE
LPCANCELMETHODCALLS
LPCATALOGFILEINFO
LPCATINFORMATION
LPCATREGISTER
LPCBORDERWIDTHS
LPCBT_CREATEWND
LPCBYTE
LPCCH
LPCCOMPONENT
LPCCOMPONENTSOPT
LPCCOMPPOS
LPCCOMPSTATEINFO
LPCDLGTEMPLATE
LPCDLGTEMPLATEA
LPCDLGTEMPLATEW
LPCDS3DBUFFER
LPCDS3DLISTENER
LPCDSBCAPS
LPCDSBPOSITIONNOTIFY
LPCDSBUFFERDESC
LPCDSBUFFERDESC1
LPCDSCAPS
LPCDSCBCAPS
LPCDSCBUFFERDESC
LPCDSCCAPS
LPCDSCEFFECTDESC
LPCDSCFXAec
LPCDSCFXNoiseSuppress
LPCDSEFFECTDESC
LPCDSFXChorus
LPCDSFXCompressor
LPCDSFXDistortion
LPCDSFXEcho
LPCDSFXFlanger
LPCDSFXGargle
LPCDSFXI3DL2Reverb
LPCDSFXParamEq
LPCDSFXWavesReverb
LPCFOLDERSETTINGS
LPCGUID
LPCH
LPCHOOSECOLOR
LPCHOOSEFONT
LPCHOOSEFONTA
LPCHOOSEFONTW
LPCIE4COMPONENT
LPCIEXYZ
LPCIEXYZTRIPLE
LPCITEMIDLIST
LPCLASSFACTORY
LPCLASSFACTORY2
LPCLIPFORMAT
LPCLSID
LPCMENUINFO
LPCMENUITEMINFO
LPCMENUITEMINFOA
LPCMENUITEMINFOW
LPCMINVOKECOMMANDINFO
LPCMINVOKECOMMANDINFOEX
LPCMMCKINFO
LPCMMIOINFO
LPCODEINSTALL
LPCOLESTR
LPCOLORREF
LPCOMMDLGBROWSER
LPCOMMDLGBROWSER2
LPCOMPONENT
LPCOMPONENTSOPT
LPCOMPPOS
LPCOMPSTATEINFO
LPCONNECTDLGSTRUCT
LPCONNECTIONPOINT
LPCONNECTIONPOINTCONTAINER
LPCONTEXT
LPCONTEXTMENU
LPCONTEXTMENU2
LPCONTEXTMENU3
LPCONTINUECALLBACK
LPCONTRESCR10WAVEFORMAT
LPCONTRESVQLPCWAVEFORMAT
LPCOPYHOOKA
LPCOPYHOOKW
LPCPINFOEX
LPCPROPPRG
LPCPROPSHEETHEADERA
LPCPROPSHEETHEADERA_V1
LPCPROPSHEETHEADERA_V2
LPCPROPSHEETHEADERW
LPCPROPSHEETHEADERW_V1
LPCPROPSHEETHEADERW_V2
LPCPROPSHEETPAGEA
LPCPROPSHEETPAGEA_LATEST
LPCPROPSHEETPAGEA_V1
LPCPROPSHEETPAGEA_V2
LPCPROPSHEETPAGEA_V3
LPCPROPSHEETPAGEA_V4
LPCPROPSHEETPAGEW
LPCPROPSHEETPAGEW_LATEST
LPCPROPSHEETPAGEW_V1
LPCPROPSHEETPAGEW_V2
LPCPROPSHEETPAGEW_V3
LPCPROPSHEETPAGEW_V4
LPCQITAB
LPCREATEERRORINFO
LPCREATESTRUCT
LPCREATETYPEINFO
LPCREATETYPEINFO2
LPCREATETYPELIB
LPCREATETYPELIB2
LPCREATIVEADPCMWAVEFORMAT
LPCREATIVEFASTSPEECH10WAVEFORMAT
LPCREATIVEFASTSPEECH8WAVEFORMAT
LPCREBARBANDINFOA
LPCREBARBANDINFOW
LPCRECT
LPCRECTL
LPCRGNDATA
LPCRGNDATAHEADER
LPCRITICAL_SECTION
LPCRITICAL_SECTION_DEBUG
LPCSCARD_IO_REQUEST
LPCSCROLLINFO
LPCSECT
LPCSHCOLUMNDATA
LPCSHCOLUMNID
LPCSHCOLUMNINFO
LPCSHCOLUMNINIT
LPCSHITEMID
LPCSIMAADPCMWAVEFORMAT
LPCSTR
LPCTBBUTTON
LPCTCH
LPCTSTR
LPCURRENCYFMT
LPCUTSTR
LPCUWCHAR
LPCUWSTR
LPCVOID
LPCWALLPAPEROPT
LPCWAVEFORMATEX
LPCWCH
LPCWCHAR
LPCWSTR
LPCY
LPD3DBLOB
LPD3DCOLOR
LPD3DINCLUDE
LPD3DVALUE
LPD3DVECTOR
LPDATAADVISEHOLDER
LPDATAFILTER
LPDATAOBJECT
LPDATATYPES_INFO_1
LPDBLNODE
LPDCIPRIMARY
LPDDARGB
LPDDBLTBATCH
LPDDBLTFX
LPDDCAPS
LPDDCAPS_DX1
LPDDCAPS_DX3
LPDDCAPS_DX5
LPDDCAPS_DX6
LPDDCAPS_DX7
LPDDCOLORKEY
LPDDCORECAPS
LPDDENUMCALLBACK
LPDDENUMCALLBACKEX
LPDDGAMMARAMP
LPDDHALDDRAWFNS
LPDDHALINFO
LPDDHALMODEINFO
LPDDHAL_DDCALLBACKS
LPDDHAL_DDCOLORCONTROLCALLBACKS
LPDDHAL_DDEXEBUFCALLBACKS
LPDDHAL_DDMOTIONCOMPCALLBACKS
LPDDHAL_DDPALETTECALLBACKS
LPDDHAL_DDSURFACECALLBACKS
LPDDHAL_DDVIDEOPORTCALLBACKS
LPDDOSCAPS
LPDDOVERLAYFX
LPDDPIXELFORMAT
LPDDRGBA
LPDDSCAPS
LPDDSCAPS2
LPDECIMAL
LPDEVMODE
LPDEVNAMES
LPDIALOGICOKIADPCMWAVEFORMAT
LPDIGIADPCMWAVEFORMAT
LPDIGIFIXWAVEFORMAT
LPDIGIREALWAVEFORMAT
LPDIGISTDWAVEFORMAT
LPDIRECTDRAWCALLBACKS
LPDIRECTDRAWCLIPPERCALLBACKS
LPDIRECTDRAWENUMERATEEX
LPDIRECTDRAWPALETTECALLBACKS
LPDIRECTDRAWSURFACECALLBACKS
LPDISCDLGSTRUCT
LPDISPATCH
LPDISPLAY_DEVICE
LPDLGITEMTEMPLATE
LPDLGITEMTEMPLATEA
LPDLGITEMTEMPLATEW
LPDLGTEMPLATE
LPDLGTEMPLATEA
LPDLGTEMPLATEW
LPDOCINFO
LPDOC_INFO_1
LPDOC_INFO_2
LPDOC_INFO_3
LPDRAGINFO
LPDRIVER_INFO_1
LPDRIVER_INFO_2
LPDRIVER_INFO_3
LPDRIVER_INFO_4
LPDRIVER_INFO_5
LPDRIVER_INFO_6
LPDRIVER_INFO_8
LPDRMWAVEFORMAT
LPDROPSOURCE
LPDROPTARGET
LPDRVCALLBACK
LPDVIADPCMWAVEFORMAT
LPDWORD
LPECHOSC1WAVEFORMAT
LPECHOWAVEFILTER
LPENCLAVE_ROUTINE
LPENCLAVE_TARGET_FUNCTION
LPENCODINGFILTERFACTORY
LPENUMACSTRING
LPENUMCATEGORYINFO
LPENUMCONNECTIONPOINTS
LPENUMCONNECTIONS
LPENUMCONTEXTPROPS
LPENUMEXTRASEARCH
LPENUMFORMATETC
LPENUMGUID
LPENUMIDLIST
LPENUMLOGFONT
LPENUMLOGFONTEX
LPENUMLOGFONTEXDV
LPENUMMONIKER
LPENUMOLEDOCUMENTVIEWS
LPENUMOLEUNDOUNITS
LPENUMOLEVERB
LPENUMSHELLIMAGESTORE
LPENUMSTATDATA
LPENUMSTATPROPSETSTG
LPENUMSTATPROPSTG
LPENUMSTATSTG
LPENUMSTRING
LPENUMTEXTMETRIC
LPENUMUNKNOWN
LPENUMVARIANT
LPENUM_SERVICE_STATUS
LPENUM_SERVICE_STATUS_PROCESS
LPERRORINFO
LPERRORLOG
LPEXCEPTION_POINTERS
LPEXCEPTION_RECORD
LPEXTERNALCONNECTION
LPEXTLOGFONT
LPEXTRACTICONA
LPEXTRACTICONW
LPEXTRACTIMAGE
LPEXTRACTIMAGE2
LPFIBER_START_ROUTINE
LPFILEVIEWERA
LPFILEVIEWERSITE
LPFILEVIEWERW
LPFINDREPLACE
LPFMTID
LPFMTOWNS_SND_WAVEFORMAT
LPFNSVADDPROPSHEETPAGE
LPFOLDERITEM
LPFOLDERSETTINGS
LPFONT
LPFONTDISP
LPFONTEVENTS
LPFORM_INFO_1
LPFORM_INFO_2
LPFXPT16DOT16
LPFXPT2DOT30
LPG721_ADPCMWAVEFORMAT
LPG723_ADPCMWAVEFORMAT
LPGCP_RESULTS
LPGETBINDHANDLE
LPGLOBALINTERFACETABLE
LPGSM610WAVEFORMAT
LPGUID
LPHACMDRIVER
LPHACMDRIVERID
LPHACMOBJ
LPHACMSTREAM
LPHANDLE
LPHEAACWAVEFORMAT
LPHEAACWAVEINFO
LPHEAPALIAS
LPHEAPALIASINFO
LPHEAPENTRY32
LPHEAPLIST32
LPHEAP_SUMMARY
LPHELPWININFO
LPHIGHCONTRAST
LPHINTERNET
LPHKL
LPHMIDI
LPHMIDIIN
LPHMIDIOUT
LPHMIDISTRM
LPHMIXER
LPHMIXEROBJ
LPHTTPNEGOTIATE
LPHTTPNEGOTIATE2
LPHTTPNEGOTIATE3
LPHTTPSECURITY
LPHVIDEO
LPHWAVEIN
LPHWAVEOUT
LPHW_PROFILE_INFO
LPICONMETRICS
LPIE4COMPONENT
LPIID
LPIINTERNET
LPIINTERNETBINDINFO
LPIINTERNETBINDINFOEX
LPIINTERNETPRIORITY
LPIINTERNETPROTOCOL
LPIINTERNETPROTOCOLINFO
LPIINTERNETPROTOCOLROOT
LPIINTERNETPROTOCOLSINK
LPIINTERNETPROTOCOLSINKStackable
LPIINTERNETSESSION
LPIINTERNETTHREADSWITCH
LPIMAADPCMWAVEFORMAT
LPIMEMENUITEMINFO
LPINITIALIZESPY
LPINIT_ONCE
LPINT
LPINTERNET_PORT
LPINTERNET_SCHEME
LPITEMIDLIST
LPIUNKNOWN_LIST
LPIWRAPPEDPROTOCOL
LPJIT_DEBUG_INFO32
LPJIT_DEBUG_INFO64
LPJOB_INFO_1
LPJOB_INFO_2
LPJOB_INFO_4
LPJOYCAPS
LPJOYCAPS2
LPKEYARRAY
LPLDT_ENTRY
LPLOCKBYTES
LPLOGCOLORSPACE
LPLOGFONT
LPLONG
LPLPDIRECTSOUND
LPLPDIRECTSOUND3DBUFFER
LPLPDIRECTSOUND3DLISTENER
LPLPDIRECTSOUND8
LPLPDIRECTSOUNDBUFFER
LPLPDIRECTSOUNDBUFFER8
LPLPDIRECTSOUNDCAPTURE
LPLPDIRECTSOUNDCAPTURE8
LPLPDIRECTSOUNDCAPTUREBUFFER
LPLPDIRECTSOUNDCAPTUREBUFFER8
LPLPDIRECTSOUNDNOTIFY
LPMALLOC
LPMALLOCSPY
LPMARSHAL
LPMARSHAL2
LPMCI_ANIM_OPEN_PARMS
LPMCI_ANIM_RECT_PARMS
LPMCI_ANIM_WINDOW_PARMS
LPMCI_INFO_PARMS
LPMCI_LOAD_PARMS
LPMCI_OPEN_PARMS
LPMCI_OVLY_LOAD_PARMS
LPMCI_OVLY_OPEN_PARMS
LPMCI_OVLY_SAVE_PARMS
LPMCI_OVLY_WINDOW_PARMS
LPMCI_SAVE_PARMS
LPMCI_SYSINFO_PARMS
LPMCI_VD_ESCAPE_PARMS
LPMCI_WAVE_OPEN_PARMS
LPMDICREATESTRUCT
LPMEDIASPACEADPCMWAVEFORMAT
LPMENUITEMINFO
LPMENUTEMPLATE
LPMENUTEMPLATEA
LPMENUTEMPLATEW
LPMESSAGEFILTER
LPMIDICALLBACK
LPMIDIINCAPS
LPMIDIINCAPS2
LPMIDIOUTCAPS
LPMIDIOUTCAPS2
LPMIXERCAPS
LPMIXERCAPS2
LPMIXERCONTROL
LPMIXERCONTROLDETAILS_LISTTEXT
LPMIXERLINE
LPMIXERLINECONTROLS
LPMMIOPROC
LPMODULEENTRY32
LPMODULEENTRY32W
LPMONIKER
LPMONIKERPROP
LPMONITORINFOEX
LPMONITOR_INFO_1
LPMONITOR_INFO_2
LPMONTHDAYSTATE
LPMPEG1WAVEFORMAT
LPMPEGLAYER3WAVEFORMAT
LPMSAUDIO1WAVEFORMAT
LPMSGBOXPARAMS
LPMULTIKEYHELP
LPMULTIQI
LPNETRESOURCE
LPNEWTEXTMETRIC
LPNMCLICK
LPNMHDR
LPNMSELECT
LPNMS_VBXADPCMWAVEFORMAT
LPNONCLIENTMETRICS
LPNUMBERFMT
LPOBJECTWITHSITE
LPOFNOTIFY
LPOFNOTIFYEX
LPOLEADVISEHOLDER
LPOLECACHE
LPOLECACHE2
LPOLECACHECONTROL
LPOLECLIENTSITE
LPOLECLIENTVTBL
LPOLECOMMANDTARGET
LPOLECONTAINER
LPOLECONTROL
LPOLECONTROLSITE
LPOLEDOCUMENT
LPOLEDOCUMENTSITE
LPOLEDOCUMENTVIEW
LPOLEINPLACEACTIVEOBJECT
LPOLEINPLACEFRAME
LPOLEINPLACEOBJECT
LPOLEINPLACEOBJECTWINDOWLESS
LPOLEINPLACESITE
LPOLEINPLACESITEEX
LPOLEINPLACESITEWINDOWLESS
LPOLEINPLACEUIWINDOW
LPOLEITEMCONTAINER
LPOLELINK
LPOLEOBJECT
LPOLEOBJECTVTBL
LPOLEPARENTUNDOUNIT
LPOLERENDER
LPOLESERVERDOCVTBL
LPOLESERVERVTBL
LPOLESTR
LPOLESTREAMVTBL
LPOLETARGETDEVICE
LPOLEUNDOMANAGER
LPOLEUNDOUNIT
LPOLEUPDATE
LPOLEWINDOW
LPOLIADPCMWAVEFORMAT
LPOLICELPWAVEFORMAT
LPOLIGSMWAVEFORMAT
LPOLIOPRWAVEFORMAT
LPOLISBCWAVEFORMAT
LPOPENCARDNAME
LPOPENCARDNAME_EX
LPOPENCARD_SEARCH_CRITERIA
LPOPENFILENAME
LPOPENFILENAME_NT4
LPOSVERSIONINFO
LPOSVERSIONINFOEX
LPOUTLINETEXTMETRIC
LPPAGESETUPDLG
LPPARSEDISPLAYNAME
LPPATCHARRAY
LPPATTERN
LPPCMWAVEFORMAT
LPPERPROPERTYBROWSING
LPPERSIST
LPPERSISTFILE
LPPERSISTFOLDER
LPPERSISTMEMORY
LPPERSISTMONIKER
LPPERSISTPROPERTYBAG
LPPERSISTPROPERTYBAG2
LPPERSISTSTORAGE
LPPERSISTSTREAM
LPPERSISTSTREAMINIT
LPPICTURE
LPPICTURE2
LPPICTUREDISP
LPPOINTERINACTIVE
LPPOLYTEXT
LPPORT_INFO_1
LPPORT_INFO_2
LPPORT_INFO_3
LPPOWER_REQUEST_CONTEXT
LPPRINT
LPPRINTDLG
LPPRINTDLGEX
LPPRINTER_DEFAULTS
LPPRINTER_ENUM_VALUES
LPPRINTER_INFO_1
LPPRINTER_INFO_2
LPPRINTER_INFO_4
LPPRINTER_INFO_5
LPPRINTER_INFO_7
LPPRINTER_INFO_8
LPPRINTER_INFO_9
LPPRINTER_OPTIONS
LPPRINTPAGERANGE
LPPRINTPROCESSOR_INFO_1
LPPROCESSENTRY32
LPPROCESSENTRY32W
LPPROCESS_LIST
LPPROPERTYBAG
LPPROPERTYBAG2
LPPROPERTYNOTIFYSINK
LPPROPERTYPAGE
LPPROPERTYPAGE2
LPPROPERTYPAGESITE
LPPROPERTYSETSTORAGE
LPPROPERTYSTORAGE
LPPROPERTYSTORE
LPPROPPRG
LPPROPSHEETHEADERA
LPPROPSHEETHEADERW
LPPROPSHEETPAGEA
LPPROPSHEETPAGEA_LATEST
LPPROPSHEETPAGEW
LPPROPSHEETPAGEW_LATEST
LPPROVIDECLASSINFO
LPPROVIDECLASSINFO2
LPPROVIDEMULTIPLECLASSINFO
LPPROVIDOR_INFO_1
LPPROVIDOR_INFO_2
LPQCMINFO
LPQUERY_SERVICE_CONFIG
LPQUERY_SERVICE_LOCK_STATUS
LPQUICKACTIVATE
LPRECORDINFO
LPRECTL
LPREFERENCE_TIME
LPREGISTERWORD
LPREMOTE_NAME_INFO
LPRGBQUAD
LPRGNDATA
LPRGNDATAHEADER
LPROOTSTORAGE
LPRUNNABLEOBJECT
LPRUNNINGOBJECTTABLE
LPSAFEARRAY
LPSCARDCONTEXT
LPSCARDHANDLE
LPSCARD_READERSTATE
LPSCARD_T0_REQUEST
LPSCARD_T1_REQUEST
LPSC_HANDLE
LPSERIALKEYS
LPSERVICEPROVIDER
LPSERVICE_DESCRIPTION
LPSERVICE_FAILURE_ACTIONS
LPSERVICE_REQUIRED_PRIVILEGES_INFO
LPSERVICE_TABLE_ENTRY
LPSFV_SETITEMPOS
LPSHELLBROWSER
LPSHELLEXECUTEINFO
LPSHELLEXTINIT
LPSHELLFOLDER
LPSHELLIMAGESTORE
LPSHELLPROPSHEETEXT
LPSHELLVIEW
LPSHFILEOPSTRUCT
LPSHITEMID
LPSHNAMEMAPPING
LPSIERRAADPCMWAVEFORMAT
LPSIMPLEFRAMESITE
LPSIZEL
LPSOCKADDR_IN6
LPSOCKADDR_STORAGE
LPSONARCWAVEFORMAT
LPSOUNDSENTRY
LPSPECIFYPROPERTYPAGES
LPSTARTUPINFO
LPSTARTUPINFOEX
LPSTATDATA
LPSTDMARSHALINFO
LPSTGMEDIUM
LPSTGTRANSCONFIRMATION
LPSTORAGE
LPSTR
LPSTREAM
LPSTRRET
LPSTYLEBUF
LPSUPPORTERRORINFO
LPSURROGATE
LPSYNCHRONIZATION_BARRIER
LPTBBUTTONSB
LPTBINFO
LPTCH
LPTEXTMETRIC
LPTEXTMETRICOLE
LPTHREADENTRY32
LPTHREAD_START_ROUTINE
LPTHUMBNAILCAPTURE
LPTIMECALLBACK
LPTOP_LEVEL_EXCEPTION_FILTER
LPTPMPARAMS
LPTRUESPEECHWAVEFORMAT
LPTSTR
LPTVITEMEX
LPTYPECHANGEEVENTS
LPTYPECOMP
LPTYPEINFO
LPTYPEINFO2
LPTYPELIB
LPTYPELIB2
LPUINT
LPUNIVERSAL_NAME_INFO
LPUNKNOWN
LPURLZONEMANAGER
LPURL_COMPONENTSW
LPUTSTR
LPUWSTR
LPVARIANT
LPVARIANTARG
LPVIDMEM
LPVIDMEMINFO
LPVIEWOBJECT
LPVIEWOBJECT2
LPVIEWOBJECTEX
LPVIEWSETTINGS
LPVMEMHEAP
LPVOID
LPVOLUMEWAVEFILTER
LPWALLPAPEROPT
LPWAVECALLBACK
LPWAVEFILTER
LPWAVEFORMAT
LPWAVEFORMATEX
LPWAVEFORMATIEEEFLOATEX
LPWAVEFORMATPCMEX
LPWAVEINCAPS
LPWAVEINCAPS2
LPWAVEOUTCAPS
LPWAVEOUTCAPS2
LPWCH
LPWIN32_FIND_DATA
LPWINDOWFORBINDINGUI
LPWINDOWPLACEMENT
LPWINHTTP_PROXY_INFOW
LPWINHTTP_STATUS_CALLBACK
LPWININETCACHEHINTS
LPWININETCACHEHINTS2
LPWININETFILESTREAM
LPWININETHTTPINFO
LPWININETINFO
LPWMAUDIO2WAVEFORMAT
LPWMAUDIO3WAVEFORMAT
LPWNDCLASS
LPWNDCLASSEX
LPWORD
LPWSADATA
LPWSAEVENT
LPWSANAMESPACE_INFO
LPWSANAMESPACE_INFOEX
LPWSANSCLASSINFO
LPWSAPROTOCOL_INFO
LPWSAQUERYSET
LPWSAQUERYSET2
LPWSASERVICECLASSINFO
LPWSTR
LPYAMAHA_ADPCMWAVEFORMAT
LRESULT
LSTATUS
MCIDEVICEID
MCIERROR
MCI_ANIM_OPEN_PARMS
MCI_ANIM_WINDOW_PARMS
MCI_INFO_PARMS
MCI_LOAD_PARMS
MCI_OPEN_PARMS
MCI_OVLY_LOAD_PARMS
MCI_OVLY_OPEN_PARMS
MCI_OVLY_SAVE_PARMS
MCI_OVLY_WINDOW_PARMS
MCI_SAVE_PARMS
MCI_SYSINFO_PARMS
MCI_VD_ESCAPE_PARMS
MCI_WAVE_OPEN_PARMS
MDICREATESTRUCT
MEMBERID
MENUITEMINFO
MENUTEMPLATE
MENUTEMPLATEA
MENUTEMPLATEW
MFT_ENUM_DATA
MIBICMPSTATS_EX
MIB_ICMP_EX
MIB_IPADDRROW
MIB_IPFORWARD_PROTO
MIB_IPMCAST_MFE_STATS_EX
MIB_IPMCAST_OIF
MIB_IPMCAST_OIF_STATS
MIB_IPNETROW
MIB_IPSTATS
MIB_MFE_STATS_TABLE_EX
MIB_TCPROW
MIB_TCPSTATS
MIDICALLBACK
MIDIINCAPS
MIDIINCAPS2
MIDIOUTCAPS
MIDIOUTCAPS2
MIDL_uhyper
MINIDUMP_HANDLE_DESCRIPTOR_N
MINIDUMP_MISC_INFO_N
MINIDUMP_PROCESS_VM_COUNTERS_N
MINIDUMP_SYSTEM_MEMORY_INFO_N
MIXERCAPS
MIXERCAPS2
MIXERCONTROL
MIXERCONTROLDETAILS_LISTTEXT
MIXERLINE
MIXERLINECONTROLS
MMRESULT
MMVERSION
MONHSZSTRUCT
MONITORINFOEX
MONITOR_INFO_1
MONITOR_INFO_2
MONTHDAYSTATE
MP_POPUPFLAGS
MSGBOXPARAMS
MULTIKEYHELP
NAMEENUMPROCA
NAMEENUMPROCW
NCRYPT_HANDLE
NCRYPT_HASH_HANDLE
NCRYPT_KEY_HANDLE
NCRYPT_PROV_HANDLE
NCRYPT_SECRET_HANDLE
NCryptBuffer
NCryptBufferDesc
NDIS_802_11_ANTENNA
NDIS_802_11_FRAGMENTATION_THRESHOLD
NDIS_802_11_KEY_INDEX
NDIS_802_11_KEY_RSC
NDIS_802_11_RSSI
NDIS_802_11_RTS_THRESHOLD
NDIS_802_11_TX_POWER_LEVEL
NDIS_GFP_PROFILE_ID
NDIS_GFT_COUNTER_ID
NDIS_GFT_CUSTOM_ACTION_TYPE
NDIS_GFT_FLOW_ENTRY_ID
NDIS_GFT_TABLE_ID
NDIS_IF_COUNTED_STRING
NDIS_IF_PHYSICAL_ADDRESS
NDIS_ISOLATION_ID_NAME
NDIS_MEDIA_CONNECT_STATE
NDIS_MEDIA_DUPLEX_STATE
NDIS_NIC_SWITCH_FRIENDLYNAME
NDIS_PORT_CONTROLL_STATE
NDIS_QOS_SQ_ID
NDIS_QUEUE_NAME
NDIS_RECEIVE_FILTER_ID
NDIS_RECEIVE_QUEUE_GROUP_ID
NDIS_RECEIVE_QUEUE_ID
NDIS_ROUTING_DOMAIN_ID
NDIS_ROUTING_DOMAIN_NAME
NDIS_RSS_CAPS_FLAGS
NDIS_SRIOV_FUNCTION_ID
NDIS_SWITCH_EXTENSION_FRIENDLYNAME
NDIS_SWITCH_FRIENDLYNAME
NDIS_SWITCH_NAME
NDIS_SWITCH_NIC_FRIENDLYNAME
NDIS_SWITCH_NIC_INDEX
NDIS_SWITCH_NIC_NAME
NDIS_SWITCH_OBJECT_ID
NDIS_SWITCH_OBJECT_INSTANCE_ID
NDIS_SWITCH_OBJECT_SERIALIZATION_VERSION
NDIS_SWITCH_OBJECT_VERSION
NDIS_SWITCH_PORT_FRIENDLYNAME
NDIS_SWITCH_PORT_ID
NDIS_SWITCH_PORT_NAME
NDIS_SWITCH_PORT_PROPERTY_PROFILE_CDN_LABEL
NDIS_SWITCH_PORT_PROPERTY_PROFILE_NAME
NDIS_VENDOR_NAME
NDIS_VF_RID
NDIS_VLAN_ID
NDIS_VM_FRIENDLYNAME
NDIS_VM_NAME
NDIS_VPORT_NAME
NDR_CCONTEXT
NETRESOURCE
NET_IFINDEX
NET_IFTYPE
NET_IF_ALIAS
NET_IF_COMPARTMENT_ID
NET_IF_COMPARTMENT_SCOPE
NET_IF_NETWORK_GUID
NET_IF_OBJECT_ID
NET_IF_RCV_ADDRESS
NET_LUID
NET_PHYSICAL_LOCATION
NEWTEXTMETRIC
NEWTEXTMETRICEX
NLS_FUNCTION
NMCII_FLAGS
NMCLICK
NMCSAEI_FLAGS
NMSELECT
NONCLIENTMETRICS
NOTIFICATION_MASK
NOTIFYICONDATA
NPADPCMCOEFSET
NPADPCMEWAVEFORMAT
NPADPCMWAVEFORMAT
NPAPTXWAVEFORMAT
NPAUDIOFILE_AF10WAVEFORMAT
NPAUDIOFILE_AF36WAVEFORMAT
NPAUXCAPS
NPAUXCAPS2
NPCONTRESCR10WAVEFORMAT
NPCONTRESVQLPCWAVEFORMAT
NPCREATIVEADPCMWAVEFORMAT
NPCREATIVEFASTSPEECH10WAVEFORMAT
NPCREATIVEFASTSPEECH8WAVEFORMAT
NPCSIMAADPCMWAVEFORMAT
NPDEVMODE
NPDIALOGICOKIADPCMWAVEFORMAT
NPDIGIADPCMWAVEFORMAT
NPDIGIFIXWAVEFORMAT
NPDIGIREALWAVEFORMAT
NPDIGISTDWAVEFORMAT
NPDRMWAVEFORMAT
NPDVIADPCMWAVEFORMAT
NPECHOSC1WAVEFORMAT
NPECHOWAVEFILTER
NPEXTLOGFONT
NPFMTOWNS_SND_WAVEFORMAT
NPG721_ADPCMWAVEFORMAT
NPG723_ADPCMWAVEFORMAT
NPGSM610WAVEFORMAT
NPHEAACWAVEFORMAT
NPHEAACWAVEINFO
NPIMAADPCMWAVEFORMAT
NPIMEMENUITEMINFO
NPJOYCAPS
NPJOYCAPS2
NPLOGFONT
NPMEDIASPACEADPCMWAVEFORMAT
NPMIDIINCAPS
NPMIDIINCAPS2
NPMIDIOUTCAPS
NPMIDIOUTCAPS2
NPMPEG1WAVEFORMAT
NPMPEGLAYER3WAVEFORMAT
NPNEWTEXTMETRIC
NPNMS_VBXADPCMWAVEFORMAT
NPOLIADPCMWAVEFORMAT
NPOLICELPWAVEFORMAT
NPOLIGSMWAVEFORMAT
NPOLIOPRWAVEFORMAT
NPOLISBCWAVEFORMAT
NPOUTLINETEXTMETRIC
NPPATTERN
NPPCMWAVEFORMAT
NPPOLYTEXT
NPRECTL
NPREGISTERWORD
NPRGNDATA
NPRGNDATAHEADER
NPSIERRAADPCMWAVEFORMAT
NPSONARCWAVEFORMAT
NPSTR
NPSTYLEBUF
NPTEXTMETRIC
NPTRUESPEECHWAVEFORMAT
NPVOLUMEWAVEFILTER
NPWAVEFILTER
NPWAVEFORMAT
NPWAVEFORMATEX
NPWAVEFORMATIEEEFLOATEX
NPWAVEFORMATPCMEX
NPWAVEINCAPS
NPWAVEINCAPS2
NPWAVEOUTCAPS
NPWAVEOUTCAPS2
NPWNDCLASS
NPWNDCLASSEX
NPYAMAHA_ADPCMWAVEFORMAT
NSTCECLICKTYPE
NSTCEHITTEST
NSTCITEMSTATE
NSTCROOTSTYLE
NSTCSTYLE
NTSTATUS
NUMBERFMT
NWPSTR
OFNOTIFY
OFNOTIFYEX
OLDFONTENUMPROC
OLECHAR
OLECLIPFORMAT
OLE_COLOR
OLE_HANDLE
OLE_XPOS_HIMETRIC
OLE_XSIZE_HIMETRIC
OLE_YPOS_HIMETRIC
OLE_YSIZE_HIMETRIC
OPENCARDNAME
OPENCARDNAME_EX
OPENCARD_SEARCH_CRITERIA
OPENFILENAME
OPENFILENAME_NT4
OPEN_AS_INFO_FLAGS
OPEN_PRINTER_PROPS_INFO
OPERATION_ID
OPPROGDLGF
OSVERSIONINFO
OSVERSIONINFOEX
OUTLINETEXTMETRIC
PACCESS_ALLOWED_ACE
PACCESS_DENIED_ACE
PACCESS_MASK
PACCESS_TOKEN
PACE_HEADER
PACL
PACL_REVISION_INFORMATION
PACL_SIZE_INFORMATION
PACTCTX
PADDJOB_INFO_1
PADDRINFOEX
PADDRINFOT
PADPCMCOEFSET
PADPCMEWAVEFORMAT
PADPCMWAVEFORMAT
PAGESETUPDLG
PAPTXWAVEFORMAT
PARAM_OFFSETTABLE
PARSEDURL
PATTERN
PAUDIOFILE_AF10WAVEFORMAT
PAUDIOFILE_AF36WAVEFORMAT
PAUXCAPS
PAUXCAPS2
PAVIEDITSTREAM
PAVIFILE
PAVIPERSISTFILE
PAVISTREAM
PAVISTREAMING
PAXESLIST
PAXISINFO
PBAD_MEMORY_CALLBACK_ROUTINE
PBAD_TRACK_NUMBER
PBOOL
PBOOLEAN
PBYTE
PCABINET_INFO
PCACTCTX
PCACTCTXA
PCACTCTXW
PCACTCTX_SECTION_KEYED_DATA
PCACTCTX_SECTION_KEYED_DATA_2600
PCACTCTX_SECTION_KEYED_DATA_ASSEMBLY_METADATA
PCASSEMBLY_FILE_DETAILED_INFORMATION
PCCERT_CHAIN_CONTEXT
PCCERT_CHAIN_ELEMENT
PCCERT_CONTEXT
PCCERT_CRL_CONTEXT_PAIR
PCCERT_ENHKEY_USAGE
PCCERT_EXTENSION
PCCERT_SELECT_CHAIN_PARA
PCCERT_SELECT_CRITERIA
PCCERT_SERVER_OCSP_RESPONSE_CONTEXT
PCCERT_SIMPLE_CHAIN
PCCERT_STORE_PROV_FIND_INFO
PCCERT_STRONG_SIGN_PARA
PCCH
PCCHOOSEFONT
PCCHOOSEFONTA
PCCHOOSEFONTW
PCCMINVOKECOMMANDINFO
PCCMINVOKECOMMANDINFOEX
PCCOMBOEXITEMA
PCCOMBOEXITEMW
PCCRL_CONTEXT
PCCRYPT_OID_INFO
PCCTL_CONTEXT
PCCTL_USAGE
PCDELEGATEITEMID
PCDEVNAMES
PCGESTUREINFO
PCH
PCHAR
PCIMAGE_DELAYLOAD_DESCRIPTOR
PCIMAGE_POLICY_ENTRY
PCIMAGE_POLICY_METADATA
PCLAIMS_BLOB
PCMSGHDR
PCMSG_ATTR
PCNZCH
PCNZTCH
PCNZWCH
PCOMPRESSOR_HANDLE
PCONDITION_VARIABLE
PCONNECTIONPOINT
PCONNECTIONPOINTCONTAINER
PCONTEXT
PCONTRESCR10WAVEFORMAT
PCONTRESVQLPCWAVEFORMAT
PCORE_PRINTER_DRIVER
PCORRELATION_VECTOR
PCPRINTPAGERANGE
PCRAWINPUTDEVICE
PCREATIVEADPCMWAVEFORMAT
PCREATIVEFASTSPEECH10WAVEFORMAT
PCREATIVEFASTSPEECH8WAVEFORMAT
PCREDIRECTION_DESCRIPTOR
PCREDIRECTION_FUNCTION_DESCRIPTOR
PCRITICAL_SECTION
PCRITICAL_SECTION_DEBUG
PCRM_PROTOCOL_ID
PCRYPT_PASSWORD_CREDENTIALS
PCSFV_SETITEMPOS
PCSIMAADPCMWAVEFORMAT
PCSPPHONEID
PCSTR
PCTCH
PCTOUCHINPUT
PCTSTR
PCUCSCHAR
PCUCSSTR
PCUNZTCH
PCUNZWCH
PCUSERIALIZEDPROPSTORAGE
PCUTSTR
PCUUCSCHAR
PCUUCSSTR
PCUWCHAR
PCUWSTR
PCUZZTSTR
PCUZZWSTR
PCWCH
PCWCHAR
PCWSTR
PCZPCSTR
PCZPCWSTR
PCZPSTR
PCZPWSTR
PCZZSTR
PCZZTSTR
PCZZWSTR
PCredHandle
PCtxtHandle
PDATATYPES_INFO_1
PDECOMPRESSOR_HANDLE
PDELEGATEITEMID
PDETAILSINFO
PDEVMODE
PDEVPROPGUID
PDEVPROPID
PDEVPROPTYPE
PDEVPROP_BOOLEAN
PDIALOGICOKIADPCMWAVEFORMAT
PDIGIADPCMWAVEFORMAT
PDIGIFIXWAVEFORMAT
PDIGIREALWAVEFORMAT
PDIGISTDWAVEFORMAT
PDISPLAY_DEVICE
PDLGITEMTEMPLATE
PDLGITEMTEMPLATEA
PDLGITEMTEMPLATEW
PDLL_DIRECTORY_COOKIE
PDMODE
PDOC_INFO_1
PDOC_INFO_2
PDOC_INFO_3
PDOT11_COUNTRY_OR_REGION_STRING
PDOT11_HESSID
PDOT11_MAC_ADDRESS
PDOT11_SUPPORTED_DATA_RATES_VALUE_V1
PDRIVER_INFO_1
PDRIVER_INFO_2
PDRIVER_INFO_3
PDRIVER_INFO_4
PDRIVER_INFO_5
PDRIVER_INFO_6
PDRIVER_INFO_8
PDRMWAVEFORMAT
PDRVCALLBACK
PDVIADPCMWAVEFORMAT
PDWORD
PDWORD32
PDWORD64
PDWORDLONG
PDWORD_PTR
PECHOSC1WAVEFORMAT
PECHOWAVEFILTER
PENUMACSTRING
PENUMCONNECTIONPOINTS
PENUMCONNECTIONS
PENUMLOGFONTEXDV
PENUMTEXTMETRIC
PEN_FLAGS
PEN_MASK
PERCEIVEDFLAG
PERSIST_SPROPSTORE_FLAGS
PEXCEPTION_RECORD
PEXCEPTION_REGISTRATION_RECORD
PEXCEPTION_ROUTINE
PEXECUTION_STATE
PEXTLOGFONT
PFILEPATHS
PFILEPATHS_SIGNERINFO
PFILE_IN_CABINET_INFO
PFILE_PROVIDER_EXTERNAL_INFO
PFIXED_INFO
PFLOAT
PFLOAT128
PFLOATING_SAVE_AREA
PFMTOWNS_SND_WAVEFORMAT
PFN_RPCNOTIFICATION_ROUTINE
PFOLDERSETTINGS
PFORMAT_STRING
PFORM_INFO_1
PFORM_INFO_2
PG721_ADPCMWAVEFORMAT
PG723_ADPCMWAVEFORMAT
PGENERIC_MAPPING
PGETFRAME
PGET_RUNTIME_FUNCTION_CALLBACK
PGSM610WAVEFORMAT
PHACMDRIVER
PHACMDRIVERID
PHACMOBJ
PHACMSTREAM
PHALF_PTR
PHANDLE
PHANDLE64
PHCRYPTASYNC
PHDEVNOTIFY
PHEAACWAVEFORMAT
PHEAACWAVEINFO
PHEAPENTRY32
PHEAPLIST32
PHELPWININFO
PHKEY
PHPOWERNOTIFY
PHTTP_CLIENT_CONNECTION_ID
PHTTP_CLIENT_REQUEST_ID
PHTTP_CLIENT_STREAM_ID
PHTTP_CONNECTION_ID
PHTTP_OPAQUE_ID
PHTTP_RAW_CONNECTION_ID
PHTTP_REQUEST
PHTTP_REQUEST_ID
PHTTP_RESPONSE
PHTTP_SERVER_SESSION_ID
PHTTP_SERVICE_CONFIG_CACHE_PARAM
PHTTP_SERVICE_CONFIG_SETTING_PARAM
PHTTP_SERVICE_CONFIG_TIMEOUT_PARAM
PHTTP_URL_GROUP_ID
PHUSKEY
PIActiveScriptParse
PIActiveScriptParseProcedure
PIActiveScriptParseProcedure2
PIActiveScriptParseProcedureOld
PICMPV6_ECHO_REPLY
PICONINFO
PICONINFOEX
PICONMETRICS
PIF_COUNTED_STRING
PIF_INDEX
PIF_LUID
PIF_PHYSICAL_ADDRESS
PIMAADPCMWAVEFORMAT
PIMAGEHLP_CONTEXT
PIMAGE_AMD64_RUNTIME_FUNCTION_ENTRY
PIMAGE_AUX_SYMBOL
PIMAGE_AUX_SYMBOL_EX
PIMAGE_AUX_SYMBOL_TOKEN_DEF
PIMAGE_AXP64_RUNTIME_FUNCTION_ENTRY
PIMAGE_BASE_RELOCATION
PIMAGE_BDD_DYNAMIC_RELOCATION
PIMAGE_BDD_INFO
PIMAGE_DYNAMIC_RELOCATION
PIMAGE_DYNAMIC_RELOCATION_V2
PIMAGE_ENCLAVE_CONFIG
PIMAGE_EPILOGUE_DYNAMIC_RELOCATION_HEADER
PIMAGE_FUNCTION_OVERRIDE_DYNAMIC_RELOCATION
PIMAGE_FUNCTION_OVERRIDE_HEADER
PIMAGE_IA64_RUNTIME_FUNCTION_ENTRY
PIMAGE_IMPORT_CONTROL_TRANSFER_DYNAMIC_RELOCATION
PIMAGE_IMPORT_DESCRIPTOR
PIMAGE_INDIR_CONTROL_TRANSFER_DYNAMIC_RELOCATION
PIMAGE_LINENUMBER
PIMAGE_LOAD_CONFIG_DIRECTORY
PIMAGE_NT_HEADERS
PIMAGE_OPTIONAL_HEADER
PIMAGE_PROLOGUE_DYNAMIC_RELOCATION_HEADER
PIMAGE_RELOCATION
PIMAGE_RUNTIME_FUNCTION_ENTRY
PIMAGE_SWITCHTABLE_BRANCH_DYNAMIC_RELOCATION
PIMAGE_SYMBOL
PIMAGE_SYMBOL_EX
PIMAGE_THUNK_DATA
PIMAGE_THUNK_DATA32
PIMAGE_THUNK_DATA64
PIMAGE_TLS_DIRECTORY
PIMAGE_TLS_DIRECTORY32
PIMAGE_TLS_DIRECTORY64
PIMEMENUITEMINFO
PINIT_ONCE
PINT
PINT16
PINT32
PINT64
PINT8
PINTERFACE_TIMESTAMP_CONFIG_CHANGE_CALLBACK
PINT_PTR
PIO_COUNTERS
PIP_ADAPTER_ADDRESSES
PIP_ADAPTER_ANYCAST_ADDRESS
PIP_ADAPTER_DNS_SERVER_ADDRESS
PIP_ADAPTER_GATEWAY_ADDRESS
PIP_ADAPTER_MULTICAST_ADDRESS
PIP_ADAPTER_PREFIX
PIP_ADAPTER_UNICAST_ADDRESS
PIP_ADAPTER_WINS_SERVER_ADDRESS
PIP_INTERFACE_NAME_INFO
PIP_PER_ADAPTER_INFO
PJOB_INFO_1
PJOB_INFO_2
PJOB_INFO_4
PJOYCAPS
PJOYCAPS2
PKAFFINITY
PKSPIN_LOCK
PLARGE_INTEGER
PLCID
PLIST_ENTRY32
PLIST_ENTRY64
PLOGFONT
PLONG
PLONG32
PLONG64
PLONGLONG
PLONG_PTR
PLUID_AND_ATTRIBUTES_ARRAY
PMCI_ANIM_OPEN_PARMS
PMCI_ANIM_RECT_PARMS
PMCI_ANIM_WINDOW_PARMS
PMCI_LOAD_PARMS
PMCI_OPEN_PARMS
PMCI_OVLY_LOAD_PARMS
PMCI_OVLY_OPEN_PARMS
PMCI_OVLY_SAVE_PARMS
PMCI_OVLY_WINDOW_PARMS
PMCI_SAVE_PARMS
PMCI_SYSINFO_PARMS
PMCI_VD_ESCAPE_PARMS
PMCI_WAVE_OPEN_PARMS
PMEDIASPACEADPCMWAVEFORMAT
PMFT_ENUM_DATA
PMIBICMPSTATS_EX
PMIB_ICMP_EX
PMIB_IPADDRROW
PMIB_IPMCAST_MFE_STATS_EX
PMIB_IPMCAST_OIF
PMIB_IPMCAST_OIF_STATS
PMIB_IPNETROW
PMIB_IPSTATS
PMIB_MFE_STATS_TABLE_EX
PMIB_TCPROW
PMIB_TCPSTATS
PMIDIINCAPS
PMIDIINCAPS2
PMIDIOUTCAPS
PMIDIOUTCAPS2
PMIDL_STUBLESS_PROXY_INFO
PMIDL_STUB_DESC
PMIDL_XMIT_TYPE
PMINIDUMP_HANDLE_DESCRIPTOR_N
PMINIDUMP_MISC_INFO_N
PMINIDUMP_PROCESS_VM_COUNTERS_N
PMINIDUMP_SYSTEM_MEMORY_INFO_N
PMIXERCAPS
PMIXERCAPS2
PMIXERCONTROL
PMIXERCONTROLDETAILS_LISTTEXT
PMIXERLINE
PMIXERLINECONTROLS
PMODULEENTRY32
PMODULEENTRY32W
PMONHSZSTRUCT
PMONITOR_INFO_1
PMONITOR_INFO_2
PMPEG1WAVEFORMAT
PMPEGLAYER3WAVEFORMAT
PMSGBOXPARAMS
PMULTIKEYHELP
PNCryptBuffer
PNCryptBufferDesc
PNDIS_GFP_PROFILE_ID
PNDIS_GFT_COUNTER_ID
PNDIS_GFT_CUSTOM_ACTION_TYPE
PNDIS_GFT_FLOW_ENTRY_ID
PNDIS_GFT_TABLE_ID
PNDIS_IF_COUNTED_STRING
PNDIS_IF_PHYSICAL_ADDRESS
PNDIS_ISOLATION_ID_NAME
PNDIS_MEDIA_CONNECT_STATE
PNDIS_MEDIA_DUPLEX_STATE
PNDIS_NIC_SWITCH_FRIENDLYNAME
PNDIS_PORT_CONTROLL_STATE
PNDIS_QOS_SQ_ID
PNDIS_QUEUE_NAME
PNDIS_RECEIVE_FILTER_ID
PNDIS_RECEIVE_QUEUE_GROUP_ID
PNDIS_RECEIVE_QUEUE_ID
PNDIS_ROUTING_DOMAIN_ID
PNDIS_ROUTING_DOMAIN_NAME
PNDIS_SRIOV_FUNCTION_ID
PNDIS_STATISTICS_VALUE
PNDIS_STATISTICS_VALUE_EX
PNDIS_SWITCH_EXTENSION_FRIENDLYNAME
PNDIS_SWITCH_FRIENDLYNAME
PNDIS_SWITCH_NAME
PNDIS_SWITCH_NIC_FRIENDLYNAME
PNDIS_SWITCH_NIC_INDEX
PNDIS_SWITCH_NIC_NAME
PNDIS_SWITCH_OBJECT_ID
PNDIS_SWITCH_OBJECT_INSTANCE_ID
PNDIS_SWITCH_OBJECT_SERIALIZATION_VERSION
PNDIS_SWITCH_OBJECT_VERSION
PNDIS_SWITCH_PORT_FRIENDLYNAME
PNDIS_SWITCH_PORT_ID
PNDIS_SWITCH_PORT_NAME
PNDIS_SWITCH_PORT_PROPERTY_PROFILE_CDN_LABEL
PNDIS_SWITCH_PORT_PROPERTY_PROFILE_NAME
PNDIS_VENDOR_NAME
PNDIS_VF_RID
PNDIS_VM_FRIENDLYNAME
PNDIS_VM_NAME
PNDIS_VPORT_NAME
PNET_IFINDEX
PNET_IFTYPE
PNET_IF_ALIAS
PNET_IF_COMPARTMENT_ID
PNET_IF_COMPARTMENT_SCOPE
PNET_IF_NETWORK_GUID
PNET_IF_OBJECT_ID
PNET_IF_RCV_ADDRESS
PNET_LUID
PNET_PHYSICAL_LOCATION
PNEWTEXTMETRIC
PNMS_VBXADPCMWAVEFORMAT
PNONCLIENTMETRICS
PNOTIFYICONDATA
PNTSTATUS
PNT_TIB
PNZCH
PNZTCH
PNZWCH
POINTER_64_INT
POINTER_FLAGS
POINTER_INPUT_TYPE
POLEUPDATE
POLIADPCMWAVEFORMAT
POLICELPWAVEFORMAT
POLIGSMWAVEFORMAT
POLIOPRWAVEFORMAT
POLISBCWAVEFORMAT
POLYTEXT
POPENCARDNAME
POPENCARDNAME_EX
POPENCARD_SEARCH_CRITERIA
POPEN_PRINTER_PROPS_INFO
PORT_INFO_1
PORT_INFO_2
PORT_INFO_3
POSVERSIONINFO
POSVERSIONINFOEX
POUTLINETEXTMETRIC
POUT_OF_PROCESS_FUNCTION_TABLE_CALLBACK
POWER_REQUEST_CONTEXT
PPARAM_OFFSETTABLE
PPARSEDURL
PPATTERN
PPCMWAVEFORMAT
PPOLYTEXT
PPORT_INFO_1
PPORT_INFO_2
PPORT_INFO_3
PPOWER_REQUEST_CONTEXT
PPRINTER_CONNECTION_INFO_1
PPRINTER_DEFAULTS
PPRINTER_ENUM_VALUES
PPRINTER_INFO_1
PPRINTER_INFO_2
PPRINTER_INFO_4
PPRINTER_INFO_5
PPRINTER_INFO_7
PPRINTER_INFO_8
PPRINTER_INFO_9
PPRINTER_OPTIONS
PPRINTPROCESSOR_INFO_1
PPROCESSENTRY32
PPROCESSENTRY32W
PPROPPRG
PPROVIDOR_INFO_1
PPROVIDOR_INFO_2
PPVALUE
PQUERYHANDLER
PREAD_USN_JOURNAL_DATA
PRECTL
PREGISTERWORD
PRGNDATA
PRGNDATAHEADER
PRINTDLG
PRINTDLGEX
PRINTEROP_FLAGS
PRINTER_CONNECTION_INFO_1
PRINTER_DEFAULTS
PRINTER_ENUM_VALUES
PRINTER_INFO_1
PRINTER_INFO_2
PRINTER_INFO_4
PRINTER_INFO_5
PRINTER_INFO_7
PRINTER_INFO_8
PRINTER_INFO_9
PRINTER_OPTIONS
PRINTPROCESSOR_INFO_1
PROPENUMPROC
PROPENUMPROCA
PROPENUMPROCEX
PROPENUMPROCEXA
PROPENUMPROCEXW
PROPENUMPROCW
PROPERTYUI_FLAGS
PROPERTYUI_FORMAT_FLAGS
PROPERTYUI_NAME_FLAGS
PROPID
PROPSHEETHEADERA
PROPSHEETHEADERW
PROPSHEETPAGEA
PROPSHEETPAGEA_LATEST
PROPSHEETPAGEW
PROPSHEETPAGEW_LATEST
PROPSHEETPAGE_RESOURCE
PROPVAR_PAD1
PROPVAR_PAD2
PROPVAR_PAD3
PROVIDOR_INFO_1
PROVIDOR_INFO_2
PRPCOLEMESSAGE
PRPC_INTERFACE_GROUP
PRTL_REFERENCE_COUNT
PRTL_REFERENCE_COUNT32
PRTL_UMS_SCHEDULER_ENTRY_POINT
PSAVEPOINT_ID
PSCARDCONTEXT
PSCARDHANDLE
PSCARD_READERSTATE
PSCARD_T0_REQUEST
PSCARD_T1_REQUEST
PSCODE
PSCOPE_TABLE
PSC_NOTIFICATION_CALLBACK
PSECURITY_ATTRIBUTES_OPAQUE
PSECURITY_CONTEXT_TRACKING_MODE
PSECURITY_DESCRIPTOR
PSECURITY_DESCRIPTOR_CONTROL
PSECURITY_INFORMATION
PSECURITY_INTEGER
PSECURITY_STRING
PSEC_WINNT_AUTH_IDENTITY_OPAQUE
PSERVICE_CONTROL_STATUS_REASON_PARAMS
PSERVICE_NOTIFY
PSERVICE_NOTIFYA
PSERVICE_NOTIFYW
PSERVICE_NOTIFY_2
PSE_SIGNING_LEVEL
PSHORT
PSID
PSID_AND_ATTRIBUTES_ARRAY
PSID_HASH_ENTRY
PSIERRAADPCMWAVEFORMAT
PSIZEL
PSIZE_T
PSOCKADDR_IN6
PSOCKADDR_STORAGE
PSOLE_AUTHENTICATION_SERVICE
PSONARCWAVEFORMAT
PSOURCE_MEDIA
PSPPHONEID
PSP_ADDPROPERTYPAGE_DATA
PSP_ALTPLATFORM_INFO
PSP_BACKUP_QUEUE_PARAMS
PSP_BACKUP_QUEUE_PARAMS_A
PSP_BACKUP_QUEUE_PARAMS_V1
PSP_BACKUP_QUEUE_PARAMS_V2
PSP_BACKUP_QUEUE_PARAMS_W
PSP_DEVICE_INTERFACE_DETAIL_DATA
PSP_DEVINFO_LIST_DETAIL_DATA
PSP_DEVINSTALL_PARAMS
PSP_DRVINFO_DATA
PSP_DRVINFO_DATA_A
PSP_DRVINFO_DATA_V1
PSP_DRVINFO_DATA_V2
PSP_DRVINFO_DATA_W
PSP_DRVINFO_DETAIL_DATA
PSP_FILE_COPY_PARAMS
PSP_INF_SIGNER_INFO
PSP_INF_SIGNER_INFO_A
PSP_INF_SIGNER_INFO_V1
PSP_INF_SIGNER_INFO_V2
PSP_INF_SIGNER_INFO_W
PSP_INTERFACE_DEVICE_DATA
PSP_INTERFACE_DEVICE_DETAIL_DATA
PSP_INTERFACE_DEVICE_DETAIL_DATA_A
PSP_INTERFACE_DEVICE_DETAIL_DATA_W
PSP_LOG_TOKEN
PSP_ORIGINAL_FILE_INFO
PSP_POWERMESSAGEWAKE_PARAMS
PSP_REGISTER_CONTROL_STATUS
PSP_SELECTDEVICE_PARAMS
PSP_TROUBLESHOOTER_PARAMS
PSRWLOCK
PSSIZE_T
PSTR
PSTYLEBUF
PSYNCHRONIZATION_BARRIER
PSYSTEM_ALARM_ACE
PSYSTEM_AUDIT_ACE
PSZ
PSecPkgContext_DatagramSizes
PTBYTE
PTCH
PTCHAR
PTEXTMETRIC
PTHREADENTRY32
PTOKEN_TYPE
PTP_CALLBACK_ENVIRON
PTP_VERSION
PTRANSACTION_NOTIFICATION_PROMOTE_ARGUMENT
PTRUESPEECHWAVEFORMAT
PTSTR
PTimeStamp
PUCHAR
PUCSCHAR
PUCSSTR
PUHALF_PTR
PUINT
PUINT16
PUINT32
PUINT64
PUINT8
PUINT_PTR
PULARGE_INTEGER
PULONG
PULONG32
PULONG64
PULONGLONG
PULONG_PTR
PUMS_COMPLETION_LIST
PUMS_CONTEXT
PUMS_SCHEDULER_ENTRY_POINT
PUNZTCH
PUNZWCH
PUOW
PUSERIALIZEDPROPSTORAGE
PUSHORT
PUSN_JOURNAL_DATA
PUSN_RECORD
PUTSTR
PUUCSCHAR
PUUCSSTR
PUWSTR
PUWSTR_C
PUZZTSTR
PUZZWSTR
PVALENT
PVALUE
PVOID
PVOID64
PVOLUMEWAVEFILTER
PWAVEFILTER
PWAVEFORMAT
PWAVEFORMATEX
PWAVEFORMATIEEEFLOATEX
PWAVEFORMATPCMEX
PWAVEINCAPS
PWAVEINCAPS2
PWAVEOUTCAPS
PWAVEOUTCAPS2
PWCH
PWCHAR
PWIN32_FIND_DATA
PWINDOWPLACEMENT
PWNDCLASS
PWNDCLASSEX
PWORD
PWOW64_CONTEXT
PWOW64_FLOATING_SAVE_AREA
PWSANAMESPACE_INFO
PWSANAMESPACE_INFOEX
PWSANSCLASSINFO
PWSAQUERYSET
PWSAQUERYSET2
PWSASERVICECLASSINFO
PWSTR
PXMM_SAVE_AREA32
PYAMAHA_ADPCMWAVEFORMAT
PZPCSTR
PZPCWSTR
PZPSTR
PZPTSTR
PZPWSTR
PZZSTR
PZZTSTR
PZZWSTR
PixelFormat
Priority_802_3
QUERY_SERVICE_CONFIG
QUERY_SERVICE_LOCK_STATUS
READ_USN_JOURNAL_DATA
REAL
REFCATID
REFERENCE_TIME
REGISTERWORD
REGSAM
REMOTE_NAME_INFO
RPCOLEDATAREP
RPC_AUTHZ_HANDLE
RPC_AUTH_IDENTITY_HANDLE
RPC_BINDING_HANDLE
RPC_BUFPTR
RPC_CALL_ATTRIBUTES
RPC_CSTR
RPC_CWSTR
RPC_EP_INQ_HANDLE
RPC_IF_HANDLE
RPC_INTERFACE_GROUP
RPC_LENGTH
RPC_NS_HANDLE
RPC_SS_THREAD_HANDLE
RPC_STATUS
RPC_WSTR
RTL_REFERENCE_COUNT
RTL_REFERENCE_COUNT32
RVA
RVA64
SAVEPOINT_ID
SCARDCONTEXT
SCARDHANDLE
SCARD_READERSTATE
SCODE
SCOPE_NAME
SCOPE_TABLE
SCRIPTTHREADID
SC_LOCK
SECURITY_CONTEXT_TRACKING_MODE
SECURITY_DESCRIPTOR_CONTROL
SECURITY_INFORMATION
SECURITY_INTEGER
SECURITY_PCSTR
SECURITY_PSTR
SECURITY_STATUS
SECURITY_STRING
SEC_CHAR
SEC_WCHAR
SENDASYNCPROC
SERIALKEYS
SERVICETYPE
SERVICE_CONTROL_STATUS_REASON_PARAMS
SERVICE_DESCRIPTION
SERVICE_FAILURE_ACTIONS
SERVICE_NOTIFY
SERVICE_NOTIFYA
SERVICE_NOTIFYW
SERVICE_NOTIFY_2
SERVICE_REQUIRED_PRIVILEGES_INFO
SERVICE_TABLE_ENTRY
SET_PARTITION_INFORMATION_GPT
SET_PARTITION_INFORMATION_MBR
SE_SIGNING_LEVEL
SFBS_FLAGS
SFGAOF
SHANDLE_PTR
SHCOLSTATEF
SHCOLUMNID
SHCONTF
SHCT_FLAGS
SHELLEXECUTEINFO
SHELLVIEWID
SHFILEINFO
SHFILEOPSTRUCT
SHGDNF
SHNAMEMAPPING
SHORT_
SICHINTF
SID_HASH_ENTRY
SIIGBF
SIZEL
SIZE_T
SNB
SN_CHAR
SOCKADDR_IN6
SOCKADDR_STORAGE
SOCKET
SORTDIRECTION
SOUNDSENTRY
SOURCE_MEDIA
SOURCE_TEXT_ATTR
SPBEGINF
SPHANDLE
SPINITF
SPI_TYPE
SPPHONEID
SP_ADDPROPERTYPAGE_DATA
SP_ALTPLATFORM_INFO
SP_BACKUP_QUEUE_PARAMS
SP_BACKUP_QUEUE_PARAMS_A
SP_BACKUP_QUEUE_PARAMS_V1
SP_BACKUP_QUEUE_PARAMS_V2
SP_BACKUP_QUEUE_PARAMS_W
SP_DEVICE_INTERFACE_DETAIL_DATA
SP_DEVINFO_LIST_DETAIL_DATA
SP_DEVINSTALL_PARAMS
SP_DRVINFO_DATA
SP_DRVINFO_DATA_A
SP_DRVINFO_DATA_V1
SP_DRVINFO_DATA_V2
SP_DRVINFO_DATA_W
SP_DRVINFO_DETAIL_DATA
SP_FILE_COPY_PARAMS
SP_INF_SIGNER_INFO
SP_INF_SIGNER_INFO_A
SP_INF_SIGNER_INFO_V1
SP_INF_SIGNER_INFO_V2
SP_INF_SIGNER_INFO_W
SP_INTERFACE_DEVICE_DATA
SP_INTERFACE_DEVICE_DETAIL_DATA
SP_INTERFACE_DEVICE_DETAIL_DATA_A
SP_INTERFACE_DEVICE_DETAIL_DATA_W
SP_LOG_TOKEN
SP_ORIGINAL_FILE_INFO
SP_POWERMESSAGEWAKE_PARAMS
SP_REGISTER_CONTROL_STATUS
SP_SELECTDEVICE_PARAMS
SP_TROUBLESHOOTER_PARAMS
SRRF
SRWLOCK
SRes
SSIZE_T
STARTUPINFO
STARTUPINFOEX
STGFMT
STGMEDIUM
STGTRANSCONFIRMATION
STIF_FLAGS
STRSAFE_LPCSTR
STRSAFE_LPCUWSTR
STRSAFE_LPCWSTR
STRSAFE_LPSTR
STRSAFE_LPWSTR
STRSAFE_PCNZCH
STRSAFE_PCNZWCH
STRSAFE_PCUNZWCH
STYLEBUF
SV3CVW3_FLAGS
SVGIO
SVSIF
SYNCHRONIZATION_BARRIER
SecPkgContext_DatagramSizes
SizeT
Size_
SpeechLanguageId
TASKDIALOG_COMMON_BUTTON_FLAGS
TASKDIALOG_FLAGS
TASKOWNERID
TBYTE_
TCHAR
TEXTMETRIC
TEXTMETRICOLE
TEXT_DOC_ATTR
THREAD_FUNC_RET_TYPE
THREAD_STATE
TIMEFMT_ENUMPROCA
TIMEFMT_ENUMPROCW
TIMERPROC
TOUCH_FLAGS
TOUCH_MASK
TP_CALLBACK_ENVIRON
TP_VERSION
TP_WAIT_RESULT
TRANSACTION_NOTIFICATION_PROMOTE_ARGUMENT
TRANSFER_ADVISE_STATE
TRANSFER_SOURCE_FLAGS
TVITEMEX
TWOCC
TimeStamp
UCHAR
UCSCHAR
UHALF_PTR
UILANGUAGE_ENUMPROCA
UILANGUAGE_ENUMPROCW
UINT
UINT16
UINT32
UINT64
UINT8
UINT_PTR
UInt16
UInt32
UInt64
ULONG
ULONG32
ULONG64
ULONGLONG
ULONG_PTR
UNIVERSAL_NAME_INFO
UOW
UP_BYTE_BLOB
UP_DWORD_BLOB
UP_FLAGGED_BYTE_BLOB
UP_FLAGGED_WORD_BLOB
UP_WORD_BLOB
URL_COMPONENTSW
USHORT
USN
USN_JOURNAL_DATA
USN_RECORD
UUID
UWORD
VALENT
VARIANTARG
VARIANT_BOOL
VARTYPE
WAITORTIMERCALLBACK
WAVECALLBACK
WAVEFORMATIEEEFLOATEX
WAVEFORMATPCMEX
WAVEINCAPS
WAVEINCAPS2
WAVEOUTCAPS
WAVEOUTCAPS2
WCHAR
WIN32_FIND_DATA
WINHTTP_PROXY_CHANGE_REGISTRATION_HANDLE
WINHTTP_PROXY_INFOW
WINSTAENUMPROC
WINSTAENUMPROCA
WINSTAENUMPROCW
WNDCLASS
WNDCLASSEX
WNDENUMPROC
WPARAM
WRes
WSAEVENT
WSANAMESPACE_INFO
WSANAMESPACE_INFOEX
WSANSCLASSINFO
WSAPROTOCOL_INFO
WSAQUERYSET
WSAQUERYSET2
WSASERVICECLASSINFO
XMM_SAVE_AREA32
_SECURITY_INTEGER
boolean
byte
cs_byte
dwControl
error_status_t
handle_t
hyper
ptrdiff_t
size_t
socklen_t
u_char
u_int
u_int64
u_long
u_short
wchar_t
wireASYNC_STGMEDIUM
wireBSTR
wireCLIPFORMAT
wireFLAG_STGMEDIUM
wireHACCEL
wireHBITMAP
wireHBRUSH
wireHDC
wireHENHMETAFILE
wireHFONT
wireHGLOBAL
wireHICON
wireHMENU
wireHMETAFILE
wireHMETAFILEPICT
wireHMONITOR
wireHPALETTE
wireHRGN
wireHWND
wirePIDL
wirePSAFEARRAY
wireSNB
wireSTGMEDIUM
