ACCESS_REASON_TYPE=4
ACENUMOPTION=4
ACL_INFORMATION_CLASS=4
ACTCTX_COMPATIBILITY_ELEMENT_TYPE=4
ACTCTX_REQUESTED_RUN_LEVEL=4
ACTIVATEFLAGS=4
ACTIVATEOPTIONS=4
ACTIVATIONTYPE=4
ACTIVATION_CONTEXT_INFO_CLASS=4
ADDRESS_MODE=4
ADJACENT_DISPLAY_EDGES=4
ADVF=4
AEROWIZARDPARTS=4
AHE_TYPE=4
AHTYPE=4
APPDOCLISTTYPE=4
APPLICATION_VIEW_MIN_WIDTH=4
APPLICATION_VIEW_ORIENTATION=4
APPLICATION_VIEW_SIZE_PREFERENCE=4
APPLICATION_VIEW_STATE=4
APTTYPE=4
APTTYPEQUALIFIER=4
ARM64_FNPDATA_CR=4
ARM64_FNPDATA_FLAGS=4
ARROWBTNSTATES=4
AR_STATE=4
ASSOCCLASS=4
ASSOCDATA=4
ASSOCENUM=4
ASSOCIATIONLEVEL=4
ASSOCIATIONTYPE=4
ASSOCKEY=4
ASSOCSTR=4
ASSOC_FILTER=4
ATTACHMENT_ACTION=4
ATTACHMENT_PROMPT=4
AUDIT_EVENT_TYPE=4
AUTHENTICATEF=4
AUTOCOMPLETELISTOPTIONS=4
AUTOCOMPLETEOPTIONS=4
AgileReferenceOptions=4
ApplicationType=4
BACKGROUNDSTATES=4
BACKGROUNDWITHBORDERSTATES=4
BALLOONSTATES=4
BALLOONSTEMSTATES=4
BANNER_NOTIFICATION_EVENT=4
BARBACKGROUNDSTATES=4
BARITEMSTATES=4
BCRYPT_HASH_OPERATION_TYPE=4
BCRYPT_MULTI_OPERATION_TYPE=4
BIDI_TYPE=4
BINDF=4
BINDF2=4
BINDHANDLETYPES=4
BINDINFOF=4
BINDINFO_OPTIONS=4
BINDSPEED=4
BINDSTATUS=4
BINDSTRING=4
BINDVERB=4
BIND_FLAGS=4
BIN_TYPES=4
BODYSTATES=4
BORDERSTATES=4
BORDER_HSCROLLSTATES=4
BORDER_HVSCROLLSTATES=4
BORDER_NOSCROLLSTATES=4
BORDER_VSCROLLSTATES=4
BP_ANIMATIONSTYLE=4
BP_BUFFERFORMAT=4
BREAKPOINT_STATE=4
BREAKREASON=4
BREAKRESUMEACTION=4
BSCF=4
BUTTONPARTS=4
BrowserNavConstants=4
BrushType=4
CALLCONV=4
CALLTYPE=4
CAPTIONSTATES=4
CATEGORYINFO_FLAGS=4
CATSORT_FLAGS=4
CBLAS_DIAG=4
CBLAS_IDENTIFIER=4
CBLAS_LAYOUT=4
CBLAS_OFFSET=4
CBLAS_SIDE=4
CBLAS_STORAGE=4
CBLAS_TRANSPOSE=4
CBLAS_UPLO=4
CDCONTROLSTATEF=4
CHANGEKIND=4
CHANGER_DEVICE_PROBLEM_TYPE=4
CHECKBOXSTATES=4
CHEVRONSTATES=4
CHEVRONVERTSTATES=4
CH_DESCRIPTION_TYPE=4
CIP_STATUS=4
CLOSEBUTTONSTATES=4
CLOSESTATES=4
CLSCTX=4
CM_ENUM_FLAGS=4
CM_MASK=4
CM_SET_WIDTH_VALUE=4
CM_STATE=4
COINIT=4
COINITBASE=4
COLLAPSEBUTTONSTATES=4
COMBOBOXPARTS=4
COMBOBOXSTYLESTATES=4
COMMANDLINKGLYPHSTATES=4
COMMANDLINKSTATES=4
COMMUNICATIONSPARTS=4
COMPARTMENT_ID=4
COMPRESS_INFORMATION_CLASS=4
COMPUTER_NAME_FORMAT=4
COMSD=4
CONDITION_OPERATION=4
CONDITION_TYPE=4
CONTENTAREASTATES=4
CONTENTLINKSTATES=4
CONTENTPANESTATES=4
CONTROLLABELSTATES=4
CONTROLPANELPARTS=4
COPYFILE2_COPY_PHASE=4
COPYFILE2_MESSAGE_ACTION=4
COPYFILE2_MESSAGE_TYPE=4
COPYSTATES=4
COWAIT_FLAGS=4
CO_MARSHALING_CONTEXT_ATTRIBUTES=4
CPU_SET_INFORMATION_TYPE=4
CPVIEW=4
CREATELINKSTATES=4
CSVFS_DISK_CONNECTIVITY=4
CSV_CONTROL_OP=4
CTRLINFO=4
CUEBANNERSTATES=4
CWMO_FLAGS=4
ColorAdjustType=4
ColorChannelFlags=4
ColorMatrixFlags=4
ColorMode=4
CombineMode=4
CommandStateChangeConstants=4
CompositingMode=4
CompositingQuality=4
ConvertToEmfPlusFlags=4
CoordinateSpace=4
CurveAdjustments=4
CurveChannel=4
CustomLineCapType=4
D3D12_AUTO_BREADCRUMB_OP=4
D3D12_AXIS_SHADING_RATE=4
D3D12_BACKGROUND_PROCESSING_MODE=4
D3D12_BARRIER_ACCESS=4
D3D12_BARRIER_LAYOUT=4
D3D12_BARRIER_SYNC=4
D3D12_BARRIER_TYPE=4
D3D12_BLEND=4
D3D12_BLEND_OP=4
D3D12_BUFFER_SRV_FLAGS=4
D3D12_BUFFER_UAV_FLAGS=4
D3D12_CLEAR_FLAGS=4
D3D12_COLOR_WRITE_ENABLE=4
D3D12_COMMAND_LIST_FLAGS=4
D3D12_COMMAND_LIST_SUPPORT_FLAGS=4
D3D12_COMMAND_LIST_TYPE=4
D3D12_COMMAND_POOL_FLAGS=4
D3D12_COMMAND_QUEUE_FLAGS=4
D3D12_COMMAND_QUEUE_PRIORITY=4
D3D12_COMMAND_RECORDER_FLAGS=4
D3D12_COMPARISON_FUNC=4
D3D12_CONSERVATIVE_RASTERIZATION_MODE=4
D3D12_CONSERVATIVE_RASTERIZATION_TIER=4
D3D12_CPU_PAGE_PROPERTY=4
D3D12_CROSS_NODE_SHARING_TIER=4
D3D12_CULL_MODE=4
D3D12_DEBUG_COMMAND_LIST_PARAMETER_TYPE=4
D3D12_DEBUG_DEVICE_PARAMETER_TYPE=4
D3D12_DEBUG_FEATURE=4
D3D12_DEPTH_WRITE_MASK=4
D3D12_DESCRIPTOR_HEAP_FLAGS=4
D3D12_DESCRIPTOR_HEAP_TYPE=4
D3D12_DESCRIPTOR_RANGE_FLAGS=4
D3D12_DESCRIPTOR_RANGE_TYPE=4
D3D12_DEVICE_FACTORY_FLAGS=4
D3D12_DEVICE_FLAGS=4
D3D12_DRED_ALLOCATION_TYPE=4
D3D12_DRED_DEVICE_STATE=4
D3D12_DRED_ENABLEMENT=4
D3D12_DRED_FLAGS=4
D3D12_DRED_PAGE_FAULT_FLAGS=4
D3D12_DRED_VERSION=4
D3D12_DRIVER_MATCHING_IDENTIFIER_STATUS=4
D3D12_DSV_DIMENSION=4
D3D12_DSV_FLAGS=4
D3D12_ELEMENTS_LAYOUT=4
D3D12_EXPORT_FLAGS=4
D3D12_FEATURE=4
D3D12_FENCE_FLAGS=4
D3D12_FILL_MODE=4
D3D12_FILTER=4
D3D12_FILTER_REDUCTION_TYPE=4
D3D12_FILTER_TYPE=4
D3D12_FORMAT_SUPPORT1=4
D3D12_FORMAT_SUPPORT2=4
D3D12_GPU_BASED_VALIDATION_FLAGS=4
D3D12_GPU_BASED_VALIDATION_PIPELINE_STATE_CREATE_FLAGS=4
D3D12_GPU_BASED_VALIDATION_SHADER_PATCH_MODE=4
D3D12_GRAPHICS_STATES=4
D3D12_HEAP_FLAGS=4
D3D12_HEAP_SERIALIZATION_TIER=4
D3D12_HEAP_TYPE=4
D3D12_HIT_GROUP_TYPE=4
D3D12_HIT_KIND=4
D3D12_INDEX_BUFFER_STRIP_CUT_VALUE=4
D3D12_INDIRECT_ARGUMENT_TYPE=4
D3D12_INPUT_CLASSIFICATION=4
D3D12_LIFETIME_STATE=4
D3D12_LOGIC_OP=4
D3D12_MEASUREMENTS_ACTION=4
D3D12_MEMORY_POOL=4
D3D12_MESH_SHADER_TIER=4
D3D12_MESSAGE_CALLBACK_FLAGS=4
D3D12_MESSAGE_CATEGORY=4
D3D12_MESSAGE_ID=4
D3D12_MESSAGE_SEVERITY=4
D3D12_META_COMMAND_PARAMETER_FLAGS=4
D3D12_META_COMMAND_PARAMETER_STAGE=4
D3D12_META_COMMAND_PARAMETER_TYPE=4
D3D12_MULTIPLE_FENCE_WAIT_FLAGS=4
D3D12_MULTISAMPLE_QUALITY_LEVEL_FLAGS=4
D3D12_PIPELINE_STATE_FLAGS=4
D3D12_PIPELINE_STATE_SUBOBJECT_TYPE=4
D3D12_PREDICATION_OP=4
D3D12_PRIMITIVE_TOPOLOGY_TYPE=4
D3D12_PROGRAMMABLE_SAMPLE_POSITIONS_TIER=4
D3D12_PROTECTED_RESOURCE_SESSION_FLAGS=4
D3D12_PROTECTED_RESOURCE_SESSION_SUPPORT_FLAGS=4
D3D12_PROTECTED_SESSION_STATUS=4
D3D12_QUERY_HEAP_TYPE=4
D3D12_QUERY_TYPE=4
D3D12_RAYTRACING_ACCELERATION_STRUCTURE_BUILD_FLAGS=4
D3D12_RAYTRACING_ACCELERATION_STRUCTURE_COPY_MODE=4
D3D12_RAYTRACING_ACCELERATION_STRUCTURE_POSTBUILD_INFO_TYPE=4
D3D12_RAYTRACING_ACCELERATION_STRUCTURE_TYPE=4
D3D12_RAYTRACING_GEOMETRY_FLAGS=4
D3D12_RAYTRACING_GEOMETRY_TYPE=4
D3D12_RAYTRACING_INSTANCE_FLAGS=4
D3D12_RAYTRACING_PIPELINE_FLAGS=4
D3D12_RAYTRACING_TIER=4
D3D12_RAY_FLAGS=4
D3D12_RENDER_PASS_BEGINNING_ACCESS_TYPE=4
D3D12_RENDER_PASS_ENDING_ACCESS_TYPE=4
D3D12_RENDER_PASS_FLAGS=4
D3D12_RENDER_PASS_TIER=4
D3D12_RESIDENCY_FLAGS=4
D3D12_RESIDENCY_PRIORITY=4
D3D12_RESOLVE_MODE=4
D3D12_RESOURCE_BARRIER_FLAGS=4
D3D12_RESOURCE_BARRIER_TYPE=4
D3D12_RESOURCE_BINDING_TIER=4
D3D12_RESOURCE_DIMENSION=4
D3D12_RESOURCE_FLAGS=4
D3D12_RESOURCE_HEAP_TIER=4
D3D12_RESOURCE_STATES=4
D3D12_RLDO_FLAGS=4
D3D12_ROOT_DESCRIPTOR_FLAGS=4
D3D12_ROOT_PARAMETER_TYPE=4
D3D12_ROOT_SIGNATURE_FLAGS=4
D3D12_RTV_DIMENSION=4
D3D12_SAMPLER_FEEDBACK_TIER=4
D3D12_SERIALIZED_DATA_TYPE=4
D3D12_SHADER_CACHE_CONTROL_FLAGS=4
D3D12_SHADER_CACHE_FLAGS=4
D3D12_SHADER_CACHE_KIND_FLAGS=4
D3D12_SHADER_CACHE_MODE=4
D3D12_SHADER_CACHE_SUPPORT_FLAGS=4
D3D12_SHADER_COMPONENT_MAPPING=4
D3D12_SHADER_MIN_PRECISION_SUPPORT=4
D3D12_SHADER_VISIBILITY=4
D3D12_SHADING_RATE=4
D3D12_SHADING_RATE_COMBINER=4
D3D12_SHARED_RESOURCE_COMPATIBILITY_TIER=4
D3D12_SRV_DIMENSION=4
D3D12_STATE_OBJECT_FLAGS=4
D3D12_STATE_OBJECT_TYPE=4
D3D12_STATE_SUBOBJECT_TYPE=4
D3D12_STATIC_BORDER_COLOR=4
D3D12_STENCIL_OP=4
D3D12_TEXTURE_ADDRESS_MODE=4
D3D12_TEXTURE_BARRIER_FLAGS=4
D3D12_TEXTURE_COPY_TYPE=4
D3D12_TEXTURE_LAYOUT=4
D3D12_TILED_RESOURCES_TIER=4
D3D12_TILE_COPY_FLAGS=4
D3D12_TILE_MAPPING_FLAGS=4
D3D12_TILE_RANGE_FLAGS=4
D3D12_TRI_STATE=4
D3D12_UAV_DIMENSION=4
D3D12_VARIABLE_SHADING_RATE_TIER=4
D3D12_VIEW_INSTANCING_FLAGS=4
D3D12_VIEW_INSTANCING_TIER=4
D3D12_WAVE_MMA_TIER=4
D3D12_WRITEBUFFERIMMEDIATE_MODE=4
D3DAUTHENTICATEDCHANNELTYPE=4
D3DAUTHENTICATEDCHANNEL_PROCESSIDENTIFIERTYPE=4
D3DBACKBUFFER_TYPE=4
D3DBASISTYPE=4
D3DBLEND=4
D3DBLENDOP=4
D3DBUSTYPE=4
D3DCMPFUNC=4
D3DCOMPOSERECTSOP=4
D3DCUBEMAP_FACES=4
D3DCULL=4
D3DDEBUGMONITORTOKENS=4
D3DDECLMETHOD=4
D3DDECLTYPE=4
D3DDECLUSAGE=4
D3DDEGREETYPE=4
D3DDEVTYPE=4
D3DDISPLAYROTATION=4
D3DFILLMODE=4
D3DFOGMODE=4
D3DFORMAT=4
D3DLIGHTTYPE=4
D3DMATERIALCOLORSOURCE=4
D3DMULTISAMPLE_TYPE=4
D3DPATCHEDGESTYLE=4
D3DPOOL=4
D3DPRIMITIVETYPE=4
D3DQUERYTYPE=4
D3DRENDERSTATETYPE=4
D3DRESOURCETYPE=4
D3DSAMPLERSTATETYPE=4
D3DSAMPLER_TEXTURE_TYPE=4
D3DSCANLINEORDERING=4
D3DSHADEMODE=4
D3DSHADER_ADDRESSMODE_TYPE=4
D3DSHADER_COMPARISON=4
D3DSHADER_INSTRUCTION_OPCODE_TYPE=4
D3DSHADER_MIN_PRECISION=4
D3DSHADER_MISCTYPE_OFFSETS=4
D3DSHADER_PARAM_REGISTER_TYPE=4
D3DSHADER_PARAM_SRCMOD_TYPE=4
D3DSTATEBLOCKTYPE=4
D3DSTENCILOP=4
D3DSWAPEFFECT=4
D3DTEXTUREADDRESS=4
D3DTEXTUREFILTERTYPE=4
D3DTEXTUREOP=4
D3DTEXTURESTAGESTATETYPE=4
D3DTEXTURETRANSFORMFLAGS=4
D3DTRANSFORMSTATETYPE=4
D3DVERTEXBLENDFLAGS=4
D3DVS_ADDRESSMODE_TYPE=4
D3DVS_RASTOUT_OFFSETS=4
D3DZBUFFERTYPE=4
D3D_CBUFFER_TYPE=4
D3D_DRIVER_TYPE=4
D3D_FEATURE_LEVEL=4
D3D_INCLUDE_TYPE=4
D3D_INTERPOLATION_MODE=4
D3D_MIN_PRECISION=4
D3D_NAME=4
D3D_PARAMETER_FLAGS=4
D3D_PRIMITIVE=4
D3D_PRIMITIVE_TOPOLOGY=4
D3D_REGISTER_COMPONENT_TYPE=4
D3D_RESOURCE_RETURN_TYPE=4
D3D_ROOT_SIGNATURE_VERSION=4
D3D_SHADER_CBUFFER_FLAGS=4
D3D_SHADER_INPUT_FLAGS=4
D3D_SHADER_INPUT_TYPE=4
D3D_SHADER_MODEL=4
D3D_SHADER_VARIABLE_CLASS=4
D3D_SHADER_VARIABLE_FLAGS=4
D3D_SHADER_VARIABLE_TYPE=4
D3D_SRV_DIMENSION=4
D3D_TESSELLATOR_DOMAIN=4
D3D_TESSELLATOR_OUTPUT_PRIMITIVE=4
D3D_TESSELLATOR_PARTITIONING=4
DATADIR=4
DATAOBJ_GET_ITEM_FLAGS=4
DATEBORDERSTATES=4
DATEPICKERPARTS=4
DATETEXTSTATES=4
DCOM_CALL_STATE=4
DEFAULTSAVEFOLDERTYPE=4
DEFAULT_FOLDER_MENU_RESTRICTIONS=4
DEF_SHARE_ID=4
DEP_SYSTEM_POLICY_TYPE=4
DESCKIND=4
DESKTOP_SLIDESHOW_DIRECTION=4
DESKTOP_SLIDESHOW_OPTIONS=4
DESKTOP_SLIDESHOW_STATE=4
DESKTOP_WALLPAPER_POSITION=4
DETECTION_TYPE=4
DEVELOPER_DRIVE_ENABLEMENT_STATE=4
DEVICEDUMP_COLLECTION_TYPEIDE_NOTIFICATION_TYPE=4
DEVICE_INTERNAL_STATUS_DATA_REQUEST_TYPE=4
DEVICE_INTERNAL_STATUS_DATA_SET=4
DEVICE_POWER_STATE=4
DEVICE_SCALE_FACTOR=4
DEVPROPSTORE=4
DFTI_CONFIG_PARAM=4
DFTI_CONFIG_VALUE=4
DIALOG_CONTROL_DPI_CHANGE_BEHAVIORS=4
DIALOG_DPI_CHANGE_BEHAVIORS=4
DISCARDCACHE=4
DISK_CACHE_RETENTION_PRIORITY=4
DISK_WRITE_CACHE_STATE=4
DISPIDSPRG=4
DISPIDSPTSI=4
DISPID_SpeechAudio=4
DISPID_SpeechAudioBufferInfo=4
DISPID_SpeechAudioFormat=4
DISPID_SpeechAudioStatus=4
DISPID_SpeechBaseStream=4
DISPID_SpeechCustomStream=4
DISPID_SpeechDataKey=4
DISPID_SpeechFileStream=4
DISPID_SpeechGrammarRule=4
DISPID_SpeechGrammarRuleState=4
DISPID_SpeechGrammarRuleStateTransition=4
DISPID_SpeechGrammarRuleStateTransitions=4
DISPID_SpeechGrammarRules=4
DISPID_SpeechLexicon=4
DISPID_SpeechLexiconProns=4
DISPID_SpeechLexiconPronunciation=4
DISPID_SpeechLexiconWord=4
DISPID_SpeechLexiconWords=4
DISPID_SpeechMMSysAudio=4
DISPID_SpeechMemoryStream=4
DISPID_SpeechObjectToken=4
DISPID_SpeechObjectTokenCategory=4
DISPID_SpeechObjectTokens=4
DISPID_SpeechPhoneConverter=4
DISPID_SpeechPhraseAlternate=4
DISPID_SpeechPhraseAlternates=4
DISPID_SpeechPhraseBuilder=4
DISPID_SpeechPhraseElement=4
DISPID_SpeechPhraseElements=4
DISPID_SpeechPhraseInfo=4
DISPID_SpeechPhraseProperties=4
DISPID_SpeechPhraseProperty=4
DISPID_SpeechPhraseReplacement=4
DISPID_SpeechPhraseReplacements=4
DISPID_SpeechPhraseRule=4
DISPID_SpeechPhraseRules=4
DISPID_SpeechRecoContext=4
DISPID_SpeechRecoContextEvents=4
DISPID_SpeechRecoResult=4
DISPID_SpeechRecoResult2=4
DISPID_SpeechRecoResultTimes=4
DISPID_SpeechRecognizer=4
DISPID_SpeechRecognizerStatus=4
DISPID_SpeechVoice=4
DISPID_SpeechVoiceEvent=4
DISPID_SpeechVoiceStatus=4
DISPID_SpeechWaveFormatEx=4
DISPID_SpeechXMLRecoResult=4
DISPLAYCONFIG_COLOR_ENCODING=4
DISPLAYCONFIG_DEVICE_INFO_TYPE=4
DISPLAYCONFIG_MODE_INFO_TYPE=4
DISPLAYCONFIG_PIXELFORMAT=4
DISPLAYCONFIG_ROTATION=4
DISPLAYCONFIG_SCALING=4
DISPLAYCONFIG_SCANLINE_ORDERING=4
DISPLAYCONFIG_TOPOLOGY_ID=4
DISPLAYCONFIG_VIDEO_OUTPUT_TECHNOLOGY=4
DNS_SERVER_PROPERTY_TYPE=4
DOCMISC=4
DOCUMENTNAMETYPE=4
DOMNodeType=4
DOT11_ACK_POLICY=4
DOT11_AC_PARAM=4
DOT11_ANQP_QUERY_RESULT=4
DOT11_ASSOCIATION_STATE=4
DOT11_AUTH_ALGORITHM=4
DOT11_BAND=4
DOT11_BSS_TYPE=4
DOT11_CIPHER_ALGORITHM=4
DOT11_DIRECTION=4
DOT11_DIVERSITY_SUPPORT=4
DOT11_DS_INFO=4
DOT11_HOP_ALGO_ADOPTED=4
DOT11_KEY_DIRECTION=4
DOT11_MANUFACTURING_CALLBACK_TYPE=4
DOT11_MANUFACTURING_SELF_TEST_TYPE=4
DOT11_MANUFACTURING_TEST_TYPE=4
DOT11_OFFLOAD_TYPE=4
DOT11_PHY_TYPE=4
DOT11_POWER_MODE=4
DOT11_POWER_MODE_REASON=4
DOT11_RESET_TYPE=4
DOT11_SCAN_TYPE=4
DOT11_TEMP_TYPE=4
DOT11_UPDATE_IE_OP=4
DOT11_WFD_DISCOVER_TYPE=4
DOT11_WFD_SCAN_TYPE=4
DOT11_WPS_CONFIG_METHOD=4
DOT11_WPS_DEVICE_PASSWORD_ID=4
DOWNHORZSTATES=4
DOWNSTATES=4
DPI_AWARENESS=4
DPI_HOSTING_BEHAVIOR=4
DRAGDROPPARTS=4
DROPDOWNBUTTONLEFTSTATES=4
DROPDOWNBUTTONRIGHTSTATES=4
DROPDOWNITEMSTATES=4
DROPIMAGETYPE=4
DSAFIPSVERSION_ENUM=4
DSH_FLAGS=4
DUPLICATE_EXTENTS_STATE=4
DVASPECT=4
DVASPECT2=4
DVASPECTINFOFLAG=4
DVEXTENTMODE=4
DXGI_COLOR_SPACE_TYPE=4
DXGI_FORMAT=4
DashCap=4
DashStyle=4
DebugEventLevel=4
DitherType=4
DriverStringOptions=4
EBcj2Enc_FinishMode=4
ECC_CURVE_ALG_ID_ENUM=4
ECC_CURVE_TYPE_ENUM=4
EC_ENDOFLINE=4
EC_HOST_UI_MODE=4
EC_SEARCHWEB_ENTRYPOINT=4
ECoderFinishMode=4
ECoderStatus=4
EDGE_GESTURE_KIND=4
EDITBORDER_HSCROLLSTATES=4
EDITBORDER_HVSCROLLSTATES=4
EDITBORDER_NOSCROLLSTATES=4
EDITBORDER_VSCROLLSTATES=4
EDITPARTS=4
EDITTEXTSTATES=4
EDIT_CONTROL_FEATURE=4
ELEMENT_TYPE=4
ELzma2ParseStatus=4
ELzmaFinishMode=4
ELzmaStatus=4
EMtDecParseState=4
ENLISTMENT_INFORMATION_CLASS=4
EOLE_AUTHENTICATION_CAPABILITIES=4
EPrintPropertyType=4
EPrintXPSJobOperation=4
EPrintXPSJobProgress=4
ERRORRESUMEACTION=4
ESzFilterMode=4
ESzSeek=4
EXPANDBUTTONSTATES=4
EXPANDOBUTTONSTATES=4
EXPLORERBARPARTS=4
EXPLORER_BROWSER_FILL_FLAGS=4
EXPLORER_BROWSER_OPTIONS=4
EXTCONN=4
EX_PROP_INFO_FLAGS=4
EXzState=4
EmfPlusRecordType=4
EmfToWmfBitsFlags=4
EmfType=4
EncoderParameterValueType=4
EncoderValue=4
ExtendedErrorParamTypes=4
FDAP=4
FDE_OVERWRITE_RESPONSE=4
FDE_SHAREVIOLATION_RESPONSE=4
FD_FLAGS=4
FEEDBACK_TYPE=4
FFFP_MODE=4
FILETYPEATTRIBUTEFLAGS=4
FILE_FLUSH_MODE=4
FILE_ID_TYPE=4
FILE_INFO_BY_HANDLE_CLASS=4
FILE_OPERATION_FLAGS2=4
FILE_STORAGE_TIER_CLASS=4
FILE_STORAGE_TIER_MEDIA_TYPE=4
FILE_USAGE_TYPE=4
FILE_WRITE_FLAGS=4
FILLSTATES=4
FILLVERTSTATES=4
FINDEX_INFO_LEVELS=4
FINDEX_SEARCH_OPS=4
FIRMWARE_TYPE=4
FLYOUTPARTS=4
FLYOUT_PLACEMENT=4
FOLDERFLAGS=4
FOLDERLOGICALVIEWMODE=4
FOLDERVIEWMODE=4
FOLDERVIEWOPTIONS=4
FOLDER_ENUM_MODE=4
FRAMEBOTTOMSTATES=4
FRAMELEFTSTATES=4
FRAMERIGHTSTATES=4
FRAMESTATES=4
FS_BPIO_INFLAGS=4
FS_BPIO_OPERATIONS=4
FS_BPIO_OUTFLAGS=4
FUNCFLAGS=4
FUNCKIND=4
FVTEXTTYPE=4
FillMode=4
FlushIntention=4
FontStyle=4
GETPROPERTYSTOREFLAGS=4
GET_FILEEX_INFO_LEVELS=4
GLOBALOPT_EH_VALUES=4
GLOBALOPT_PROPERTIES=4
GLOBALOPT_RO_FLAGS=4
GLOBALOPT_RPCTP_VALUES=4
GLOBALOPT_UNMARSHALING_POLICY_VALUES=4
GLYPHSTATES=4
GRIPPERSTATES=4
GROUPBOXSTATES=4
GROUPHEADERLINESTATES=4
GROUPHEADERSTATES=4
GUIDKIND=4
GdiplusStartupParams=4
GenericFontFamily=4
GpTestControlEnum=4
HANDEDNESS=4
HARDWARE_COUNTER_TYPE=4
HASHALGORITHM_ENUM=4
HEADERAREASTATES=4
HEADERCLOSESTATES=4
HEADERDROPDOWNFILTERSTATES=4
HEADERDROPDOWNSTATES=4
HEADERITEMLEFTSTATES=4
HEADERITEMRIGHTSTATES=4
HEADERITEMSTATES=4
HEADEROVERFLOWSTATES=4
HEADERPARTS=4
HEADERPINSTATES=4
HEADERSORTARROWSTATES=4
HEADERSTYLESTATES=4
HEAP_INFORMATION_CLASS=4
HELPBUTTONSTATES=4
HELPLINKSTATES=4
HIBERFILE_BUCKET_SIZE=4
HITRESULT=4
HOMEGROUPSHARINGCHOICES=4
HORZSCROLLSTATES=4
HORZTHUMBSTATES=4
HOTGLYPHSTATES=4
HOVERBACKGROUNDSTATES=4
HTTP_503_RESPONSE_VERBOSITY=4
HTTP_AUTHENTICATION_HARDENING_LEVELS=4
HTTP_AUTH_STATUS=4
HTTP_CACHE_POLICY_TYPE=4
HTTP_CREATE_REQUEST_QUEUE_PROPERTY_ID=4
HTTP_DATA_CHUNK_TYPE=4
HTTP_DELEGATE_REQUEST_PROPERTY_ID=4
HTTP_ENABLED_STATE=4
HTTP_FEATURE_ID=4
HTTP_HEADER_ID=4
HTTP_LOGGING_ROLLOVER_TYPE=4
HTTP_LOGGING_TYPE=4
HTTP_LOG_DATA_TYPE=4
HTTP_PERFORMANCE_PARAM_TYPE=4
HTTP_PROTECTION_LEVEL_TYPE=4
HTTP_QOS_SETTING_TYPE=4
HTTP_REQUEST_AUTH_TYPE=4
HTTP_REQUEST_INFO_TYPE=4
HTTP_REQUEST_PROPERTY=4
HTTP_REQUEST_SIZING_TYPE=4
HTTP_REQUEST_TIMING_TYPE=4
HTTP_RESPONSE_INFO_TYPE=4
HTTP_SCHEME=4
HTTP_SERVER_PROPERTY=4
HTTP_SERVICE_BINDING_TYPE=4
HTTP_SERVICE_CONFIG_CACHE_KEY=4
HTTP_SERVICE_CONFIG_ID=4
HTTP_SERVICE_CONFIG_QUERY_TYPE=4
HTTP_SERVICE_CONFIG_SETTING_KEY=4
HTTP_SERVICE_CONFIG_TIMEOUT_KEY=4
HTTP_SSL_SERVICE_CONFIG_EX_PARAM_TYPE=4
HTTP_VERB=4
HYPERLINKTEXTSTATES=4
HatchStyle=4
HistogramFormat=4
HotkeyPrefix=4
ICMP4_TYPE=4
ICMP6_TYPE=4
IDL_CS_CONVERT=4
IEBARMENUSTATES=4
IEObjectType=4
IESHORTCUTFLAGS=4
IF_ACCESS_TYPE=4
IF_ADMINISTRATIVE_STATE=4
IF_OPER_STATUS=4
IGNOREMIME=4
IMAGEHLP_EXTENDED_OPTIONS=4
IMAGEHLP_HD_TYPE=4
IMAGEHLP_SF_TYPE=4
IMAGEHLP_SYMBOL_TYPE_INFO=4
IMAGE_AUX_SYMBOL_TYPE=4
IMAGE_POLICY_ENTRY_TYPE=4
IMAGE_POLICY_ID=4
IMPORT_OBJECT_NAME_TYPE=4
IMPORT_OBJECT_TYPE=4
INPUT_MESSAGE_DEVICE_TYPE=4
INPUT_MESSAGE_ORIGIN_ID=4
INTERNAL_IF_OPER_STATUS=4
INTERNETFEATURELIST=4
INVOKEKIND=4
IPPROTO=4
ITEMSTATES=4
ImageType=4
InterpolationMode=4
JOBOBJECTINFOCLASS=4
JOBOBJECT_IO_ATTRIBUTION_CONTROL_FLAGS=4
JOBOBJECT_RATE_CONTROL_TOLERANCE=4
JOBOBJECT_RATE_CONTROL_TOLERANCE_INTERVAL=4
JOB_OBJECT_IO_RATE_CONTROL_FLAGS=4
JOB_OBJECT_NET_RATE_CONTROL_FLAGS=4
KF_CATEGORY=4
KHYPH=4
KNOWNDESTCATEGORY=4
KNOWN_FOLDER_FLAG=4
KTMOBJECT_TYPE=4
LABELSTATES=4
LATENCY_TIME=4
LIBFLAGS=4
LIBRARYFOLDERFILTER=4
LIBRARYMANAGEDIALOGOPTIONS=4
LIBRARYOPTIONFLAGS=4
LIBRARYSAVEFLAGS=4
LINKHEADERSTATES=4
LINKSTATES=4
LISTBOXPARTS=4
LISTITEMSTATES=4
LISTVIEWPARTS=4
LMR_QUERY_INFO_CLASS=4
LOCKTYPE=4
LOGICAL_PROCESSOR_RELATIONSHIP=4
LRPC_SYSTEM_HANDLE_MARSHAL_DIRECTION=4
LineCap=4
LineJoin=4
LinearGradientMode=4
MACHINE_ATTRIBUTES=4
MANDATORY_LEVEL=4
MAXBUTTONSTATES=4
MAXCAPTIONSTATES=4
MDICLOSEBUTTONSTATES=4
MDIMINBUTTONSTATES=4
MDIRESTOREBUTTONSTATES=4
MEDIAPLAYBACK_STATE=4
MEDIA_TYPE=4
MEMCTX=4
MEMORY_RESOURCE_NOTIFICATION_TYPE=4
MEM_DEDICATED_ATTRIBUTE_TYPE=4
MEM_EXTENDED_PARAMETER_TYPE=4
MEM_SECTION_EXTENDED_PARAMETER_TYPE=4
MENUPARTS=4
MENU_POPUPSUBMENU_HCHOT=4
MERGE_UPDATE_STATUS=4
MIB_IF_ENTRY_LEVEL=4
MIB_IF_TABLE_LEVEL=4
MIB_IPFORWARD_TYPE=4
MIB_IPNET_TYPE=4
MIB_IPSTATS_FORWARDING=4
MIB_NOTIFICATION_TYPE=4
MIB_TCP_STATE=4
MINBUTTONSTATES=4
MINCAPTIONSTATES=4
MINIDUMP_CALLBACK_TYPE=4
MINIDUMP_HANDLE_OBJECT_INFORMATION_TYPE=4
MINIDUMP_SECONDARY_FLAGS=4
MINIDUMP_STREAM_TYPE=4
MINIDUMP_TYPE=4
MKL_COMPACT_PACK=4
MKL_DIAG=4
MKL_LAYOUT=4
MKL_SIDE=4
MKL_TRANSPOSE=4
MKL_UPLO=4
MKRREDUCE=4
MKSYS=4
MODULE_WRITE_FLAGS=4
MONIKERPROPERTY=4
MONITOR_APP_VISIBILITY=4
MONITOR_DISPLAY_STATE=4
MOVESTATES=4
MSHCTX=4
MSHLFLAGS=4
MULTICAST_MODE_TYPE=4
MatrixOrder=4
MetafileFrameUnit=4
MetafileType=4
NAMESPACEWALKFLAG=4
NATIVE_DISPLAY_ORIENTATION=4
NAVIGATIONPARTS=4
NAV_BACKBUTTONSTATES=4
NAV_FORWARDBUTTONSTATES=4
NAV_MENUBUTTONSTATES=4
NDIS_802_11_AUTHENTICATION_MODE=4
NDIS_802_11_MEDIA_STREAM_MODE=4
NDIS_802_11_NETWORK_INFRASTRUCTURE=4
NDIS_802_11_NETWORK_TYPE=4
NDIS_802_11_POWER_MODE=4
NDIS_802_11_PRIVACY_FILTER=4
NDIS_802_11_RADIO_STATUS=4
NDIS_802_11_RELOAD_DEFAULTS=4
NDIS_802_11_STATUS_TYPE=4
NDIS_802_11_WEP_STATUS=4
NDIS_802_5_RING_STATE=4
NDIS_ARP_HEADER_FIELD=4
NDIS_DEVICE_POWER_STATE=4
NDIS_FDDI_ATTACHMENT_TYPE=4
NDIS_FDDI_LCONNECTION_STATE=4
NDIS_FDDI_RING_MGT_STATE=4
NDIS_FRAME_HEADER=4
NDIS_GFP_TABLE_TYPE=4
NDIS_GFP_WILDCARD_MATCH_TYPE=4
NDIS_GFT_COUNTER_TYPE=4
NDIS_GFT_COUNTER_UPDATE_FREQUENCY=4
NDIS_GFT_COUNTER_VALUE_QUERY_METHOD=4
NDIS_GFT_FLOW_ENTRY_CACHE_HINT=4
NDIS_GFT_FLOW_ENTRY_STATE=4
NDIS_GFT_FLOW_ENTRY_TYPE=4
NDIS_GFT_HEADER_GROUP_TRANSPOSITION_ACTION=4
NDIS_GFT_PROFILE_TYPE=4
NDIS_GFT_WILDCARD_ACTION=4
NDIS_HARDWARE_STATUS=4
NDIS_HYPERVISOR_PARTITION_TYPE=4
NDIS_INTERRUPT_MODERATION=4
NDIS_IPV4_HEADER_FIELD=4
NDIS_IPV6_HEADER_FIELD=4
NDIS_ISOLATION_MODE=4
NDIS_MAC_HEADER_FIELD=4
NDIS_MAC_PACKET_TYPE=4
NDIS_MEDIA_STATE=4
NDIS_MEDIUM=4
NDIS_NETWORK_CHANGE_TYPE=4
NDIS_NIC_SWITCH_TYPE=4
NDIS_NIC_SWITCH_VPORT_INTERRUPT_MODERATION=4
NDIS_NIC_SWITCH_VPORT_STATE=4
NDIS_PHYSICAL_MEDIUM=4
NDIS_PM_ADMIN_CONFIG_STATE=4
NDIS_PM_CAPABILITY_STATE=4
NDIS_PM_PROTOCOL_OFFLOAD_TYPE=4
NDIS_PM_WAKE_REASON_TYPE=4
NDIS_PM_WOL_PACKET=4
NDIS_PORT_AUTHORIZATION_STATE=4
NDIS_PORT_CONTROL_STATE=4
NDIS_PROCESSOR_VENDOR=4
NDIS_QOS_SQ_TYPE=4
NDIS_RECEIVE_FILTER_TEST=4
NDIS_RECEIVE_FILTER_TYPE=4
NDIS_RECEIVE_QUEUE_OPERATIONAL_STATE=4
NDIS_RECEIVE_QUEUE_TYPE=4
NDIS_RFC6877_464XLAT_OFFLOAD_OPTIONS=4
NDIS_RSS_PROFILE=4
NDIS_SUPPORTED_PAUSE_FUNCTIONS=4
NDIS_SWITCH_FEATURE_STATUS_TYPE=4
NDIS_SWITCH_NIC_STATE=4
NDIS_SWITCH_NIC_TYPE=4
NDIS_SWITCH_PORT_FEATURE_STATUS_TYPE=4
NDIS_SWITCH_PORT_PROPERTY_TYPE=4
NDIS_SWITCH_PORT_PVLAN_MODE=4
NDIS_SWITCH_PORT_STATE=4
NDIS_SWITCH_PORT_TYPE=4
NDIS_SWITCH_PORT_VLAN_MODE=4
NDIS_SWITCH_PROPERTY_TYPE=4
NDIS_UDP_HEADER_FIELD=4
NDIS_WAN_HEADER_FORMAT=4
NDIS_WAN_MEDIUM_SUBTYPE=4
NDIS_WAN_QUALITY=4
NDK_RDMA_TECHNOLOGY=4
NET_ADDRESS_FORMAT=4
NET_IF_ACCESS_TYPE=4
NET_IF_ADMIN_STATUS=4
NET_IF_CONNECTION_TYPE=4
NET_IF_DIRECTION_TYPE=4
NET_IF_MEDIA_CONNECT_STATE=4
NET_IF_MEDIA_DUPLEX_STATE=4
NET_IF_OPER_STATUS=4
NET_IF_RCV_ADDRESS_TYPE=4
NL_ADDRESS_TYPE=4
NL_BANDWIDTH_FLAG=4
NL_DAD_STATE=4
NL_INTERFACE_NETWORK_CATEGORY_STATE=4
NL_LINK_LOCAL_ADDRESS_BEHAVIOR=4
NL_NEIGHBOR_STATE=4
NL_NETWORK_CATEGORY=4
NL_NETWORK_CONNECTIVITY_COST_HINT=4
NL_NETWORK_CONNECTIVITY_LEVEL_HINT=4
NL_PREFIX_ORIGIN=4
NL_ROUTER_DISCOVERY_BEHAVIOR=4
NL_ROUTE_ORIGIN=4
NL_ROUTE_PROTOCOL=4
NL_SUFFIX_ORIGIN=4
NONESTATES=4
NORMALGROUPCOLLAPSESTATES=4
NORMALGROUPEXPANDSTATES=4
NORM_FORM=4
NSTCFOLDERCAPABILITIES=4
NSTCGNI=4
NSTCSTYLE2=4
NWMF=4
NewProcessCauseConstants=4
OBJECT_ATTRIB_FLAGS=4
OFFER_PRIORITY=4
OFFLOAD_CONF_ALGO=4
OFFLOAD_INTEGRITY_ALGO=4
OFFLOAD_OPERATION_E=4
OIBDG_FLAGS=4
OLECLOSE=4
OLECMDEXECOPT=4
OLECMDF=4
OLECMDID=4
OLECMDID_BROWSERSTATEFLAG=4
OLECMDID_OPTICAL_ZOOMFLAG=4
OLECMDID_PAGEACTIONFLAG=4
OLECMDID_REFRESHFLAG=4
OLECMDID_VIEWPORT_MODE_FLAG=4
OLECMDID_WINDOWSTATE_FLAG=4
OLECMDTEXTF=4
OLECONTF=4
OLEDCFLAGS=4
OLEGETMONIKER=4
OLELINKBIND=4
OLEMISC=4
OLEOPT_RENDER=4
OLEOPT_UPDATE=4
OLERENDER=4
OLESTATUS=4
OLEUPDATE=4
OLEVERBATTRIB=4
OLEWHICHMK=4
OLE_NOTIFICATION=4
OLE_RELEASE_METHOD=4
OLE_SERVER_USE=4
ORIENTATION_PREFERENCE=4
OS_DEPLOYEMENT_STATE_VALUES=4
ObjectType=4
OfflineFolderStatus=4
PACKAGE_EXECUTION_STATE=4
PAGEACTION_UI=4
PARSEACTION=4
PARTITION_STYLE=4
PATHCCH_OPTIONS=4
PDOPSTATUS=4
PENDINGMSG=4
PENDINGTYPE=4
PERCEIVED=4
PHONETICALPHABET=4
PICTUREATTRIBUTES=4
PIDMSI_STATUS_VALUE=4
PI_FLAGS=4
PKA_FLAGS=4
PLACEHOLDER_STATES=4
PMTUD_STATE=4
POINTERINACTIVE=4
POINTER_BUTTON_CHANGE_TYPE=4
POINTER_DEVICE_CURSOR_TYPE=4
POINTER_DEVICE_TYPE=4
POINTER_FEEDBACK_MODE=4
POPUPCHECKBACKGROUNDSTATES=4
POPUPCHECKSTATES=4
POPUPITEMFOCUSABLESTATES=4
POPUPITEMKBFOCUSSTATES=4
POPUPITEMSTATES=4
POPUPSUBMENUSTATES=4
POWER_ACTION=4
POWER_INFORMATION_LEVEL=4
POWER_MONITOR_REQUEST_REASON=4
POWER_MONITOR_REQUEST_TYPE=4
POWER_PLATFORM_ROLE=4
POWER_REQUEST_TYPE=4
POWER_SETTING_ALTITUDE=4
POWER_USER_PRESENCE_TYPE=4
PRINTER_OPTION_FLAGS=4
PRINTFLAG=4
PRINT_EXECUTION_CONTEXT=4
PRIORITY_HINT=4
PROCESSOR_CACHE_TYPE=4
PROCESS_INFORMATION_CLASS=4
PROCESS_MEMORY_EXHAUSTION_TYPE=4
PROCESS_MITIGATION_POLICY=4
PROC_THREAD_ATTRIBUTE_NUM=4
PROGRESSPARTS=4
PROPBAG2_TYPE=4
PROPDESC_AGGREGATION_TYPE=4
PROPDESC_COLUMNINDEX_TYPE=4
PROPDESC_CONDITION_TYPE=4
PROPDESC_DISPLAYTYPE=4
PROPDESC_ENUMFILTER=4
PROPDESC_FORMAT_FLAGS=4
PROPDESC_GROUPING_RANGE=4
PROPDESC_RELATIVEDESCRIPTION_TYPE=4
PROPDESC_SEARCHINFO_FLAGS=4
PROPDESC_SORTDESCRIPTION=4
PROPDESC_TYPE_FLAGS=4
PROPDESC_VIEW_FLAGS=4
PROPENUMTYPE=4
PROPERTYORIGIN=4
PROPPAGESTATUS=4
PROP_INFO_FLAGS=4
PROXY_PHASE=4
PSC_STATE=4
PSUACTION=4
PUAF=4
PUAFOUT=4
PUSHBUTTONDROPDOWNSTATES=4
PUSHBUTTONSTATES=4
PaletteFlags=4
PaletteType=4
PathPointType=4
PenAlignment=4
PenType=4
PixelOffsetMode=4
QACONTAINERFLAGS=4
QUERYOPTION=4
QUERY_FILE_LAYOUT_FILTER_TYPE=4
QUERY_USER_NOTIFICATION_STATE=4
QUEUE_USER_APC_FLAGS=4
QualityMode=4
RADIOBUTTONSTATES=4
READER_SEL_REQUEST_MATCH_TYPE=4
READONLYSTATES=4
READYSTATE=4
READ_DIRECTORY_NOTIFY_INFORMATION_CLASS=4
REBARPARTS=4
REFS_SMR_VOLUME_GC_ACTION=4
REFS_SMR_VOLUME_GC_METHOD=4
REFS_SMR_VOLUME_GC_STATE=4
REGCLS=4
REGKIND=4
RESOURCEMANAGER_INFORMATION_CLASS=4
RESTOREBUTTONSTATES=4
RESTRICTIONS=4
RPCOPT_PROPERTIES=4
RPCOPT_SERVER_LOCALITY_VALUES=4
RPC_ADDRESS_CHANGE_TYPE=4
RPC_ASYNC_EVENT=4
RPC_HTTP_REDIRECTOR_STAGE=4
RPC_NOTIFICATIONS=4
RPC_NOTIFICATION_TYPES=4
RTL_SYSTEM_GLOBAL_DATA_ID=4
RTL_UMS_SCHEDULER_REASON=4
RTL_UMS_THREAD_INFO_CLASS=4
RefreshConstants=4
ReplacesCorHdrNumericDefines=4
RpcCallClientLocality=4
RpcCallType=4
RpcLocalAddressFormat=4
RpcPerfCounters=4
SASL_AUTHZID_STATE=4
SCM_BUS_FIRMWARE_ACTIVATION_STATE=4
SCM_BUS_PROPERTY_ID=4
SCM_BUS_QUERY_TYPE=4
SCM_BUS_SET_TYPE=4
SCM_PD_FIRMWARE_ACTIVATION_STATE=4
SCM_PD_HEALTH_STATUS=4
SCM_PD_LAST_FW_ACTIVATION_STATUS=4
SCM_PD_MEDIA_REINITIALIZATION_STATUS=4
SCM_PD_OPERATIONAL_STATUS=4
SCM_PD_OPERATIONAL_STATUS_REASON=4
SCM_PD_PROPERTY_ID=4
SCM_PD_QUERY_TYPE=4
SCM_PD_SET_TYPE=4
SCM_REGION_FLAG=4
SCNRT_STATUS=4
SCOPE_LEVEL=4
SCRIPTGCTYPE=4
SCRIPTLANGUAGEVERSION=4
SCRIPTSTATE=4
SCRIPTTHREADSTATE=4
SCRIPTTRACEINFO=4
SCRIPTUICHANDLING=4
SCRIPTUICITEM=4
SCROLLBARPARTS=4
SCROLLBARSTYLESTATES=4
SC_ACTION_TYPE=4
SC_ENUM_TYPE=4
SC_EVENT_TYPE=4
SC_STATUS_TYPE=4
SECPKG_ATTR_LCT_STATUS=4
SECPKG_CRED_CLASS=4
SECTIONTITLELINKSTATES=4
SECURITY_IMPERSONATION_LEVEL=4
SEC_APPLICATION_PROTOCOL_NEGOTIATION_EXT=4
SEC_APPLICATION_PROTOCOL_NEGOTIATION_STATUS=4
SEC_TRAFFIC_SECRET_TYPE=4
SERVERCALL=4
SERVERSILO_STATE=4
SERVICE_DIRECTORY_TYPE=4
SERVICE_ERROR_TYPE=4
SERVICE_LOAD_TYPE=4
SERVICE_NODE_TYPE=4
SERVICE_REGISTRY_STATE_TYPE=4
SERVICE_SHARED_DIRECTORY_TYPE=4
SERVICE_SHARED_REGISTRY_STATE_TYPE=4
SE_IMAGE_SIGNATURE_TYPE=4
SF_TYPE=4
SHARD=4
SHARE_ROLE=4
SHCOLSTATE=4
SHELL_LINK_DATA_FLAGS=4
SHGFP_TYPE=4
SHGLOBALCOUNTER=4
SHOWCALENDARBUTTONRIGHTSTATES=4
SHREGDEL_FLAGS=4
SHREGENUM_FLAGS=4
SHRINK_VOLUME_REQUEST_TYPES=4
SHSTOCKICONID=4
SIATTRIBFLAGS=4
SID_NAME_USE=4
SIGDN=4
SIZEBOXSTATES=4
SLGP_FLAGS=4
SLR_FLAGS=4
SMALLCAPTIONSTATES=4
SMALLCLOSEBUTTONSTATES=4
SMALLFRAMEBOTTOMSTATES=4
SMALLFRAMELEFTSTATES=4
SMALLFRAMERIGHTSTATES=4
SORT_ORDER_TYPE=4
SPACTION=4
SPADAPTATIONRELEVANCE=4
SPADAPTATIONSETTINGS=4
SPAUDIOOPTIONS=4
SPAUDIOSTATE=4
SPBOOKMARKOPTIONS=4
SPCATEGORYTYPE=4
SPCFGNOTIFY=4
SPCFGRULEATTRIBUTES=4
SPCOMMITFLAGS=4
SPCONTEXTSTATE=4
SPDATAKEYLOCATION=4
SPDISPLAYATTRIBUTES=4
SPEAKFLAGS=4
SPECIALGROUPCOLLAPSESTATES=4
SPECIALGROUPEXPANDSTATES=4
SPENDSRSTREAMFLAGS=4
SPEVENTENUM=4
SPEVENTLPARAMTYPE=4
SPFILEMODE=4
SPGRAMMAROPTIONS=4
SPGRAMMARSTATE=4
SPGRAMMARWORDTYPE=4
SPINPARTS=4
SPINTERFERENCE=4
SPLEXICONTYPE=4
SPLITTERSTATES=4
SPLITTERVERTSTATES=4
SPLOADOPTIONS=4
SPMATCHINGMODE=4
SPPARTOFSPEECH=4
SPPHRASEPROPERTYUNIONTYPE=4
SPPHRASERNG=4
SPPRONUNCIATIONFLAGS=4
SPPROPSRC=4
SPRECOEVENTFLAGS=4
SPRECOSTATE=4
SPRESULTTYPE=4
SPRULEINFOOPT=4
SPRULESTATE=4
SPRUNSTATE=4
SPSEMANTICFORMAT=4
SPSHORTCUTTYPE=4
SPSTREAMFORMAT=4
SPSTREAMFORMATTYPE=4
SPTEXT=4
SPTRANSITIONTYPE=4
SPVACTIONS=4
SPVALUETYPE=4
SPVESACTIONS=4
SPVFEATURE=4
SPVISEMES=4
SPVLIMITS=4
SPVPRIORITY=4
SPVSKIPTYPE=4
SPWORDINFOOPT=4
SPWORDPRONOUNCEABLE=4
SPWORDTYPE=4
SPXMLRESULTOPTIONS=4
STANDARDSTATES=4
STATFLAG=4
STATUSPARTS=4
STDMSHLFLAGS=4
STGC=4
STGMOVE=4
STGOP=4
STGTY=4
STORAGE_ASSOCIATION_TYPE=4
STORAGE_ATTRIBUTE_MGMT_ACTION=4
STORAGE_BUS_TYPE=4
STORAGE_COMPONENT_HEALTH_STATUS=4
STORAGE_COUNTER_TYPE=4
STORAGE_CRYPTO_ALGORITHM_ID=4
STORAGE_CRYPTO_KEY_SIZE=4
STORAGE_DEVICE_FORM_FACTOR=4
STORAGE_DEVICE_POWER_CAP_UNITS=4
STORAGE_DIAGNOSTIC_LEVEL=4
STORAGE_DIAGNOSTIC_TARGET_TYPE=4
STORAGE_DISK_HEALTH_STATUS=4
STORAGE_DISK_OPERATIONAL_STATUS=4
STORAGE_ENCRYPTION_TYPE=4
STORAGE_IDENTIFIER_CODE_SET=4
STORAGE_IDENTIFIER_TYPE=4
STORAGE_ID_NAA_FORMAT=4
STORAGE_MEDIA_TYPE=4
STORAGE_OPERATIONAL_STATUS_REASON=4
STORAGE_PORT_CODE_SET=4
STORAGE_POWERUP_REASON_TYPE=4
STORAGE_PROPERTY_ID=4
STORAGE_PROTOCOL_ATA_DATA_TYPE=4
STORAGE_PROTOCOL_NVME_DATA_TYPE=4
STORAGE_PROTOCOL_TYPE=4
STORAGE_PROTOCOL_UFS_DATA_TYPE=4
STORAGE_PROVIDER_FILE_FLAGS=4
STORAGE_QUERY_TYPE=4
STORAGE_RESERVE_ID=4
STORAGE_RPMB_COMMAND_TYPE=4
STORAGE_RPMB_FRAME_TYPE=4
STORAGE_SANITIZE_METHOD=4
STORAGE_SET_TYPE=4
STORAGE_TIER_CLASS=4
STORAGE_TIER_MEDIA_TYPE=4
STORAGE_ZONED_DEVICE_TYPES=4
STORAGE_ZONES_ATTRIBUTES=4
STORAGE_ZONE_CONDITION=4
STORAGE_ZONE_TYPES=4
STPFLAG=4
STREAM_INFO_LEVELS=4
STREAM_SEEK=4
STRRET_TYPE=4
STUB_PHASE=4
SVUIA_STATUS=4
SYM_TYPE=4
SYNC_ENGINE_STATE_FLAGS=4
SYNC_TRANSFER_STATUS=4
SYSBUTTONSTATES=4
SYSGEOCLASS=4
SYSGEOTYPE=4
SYSKIND=4
SYSNLS_FUNCTION=4
SYSTEMCLOSEHCHOTSTATES=4
SYSTEMCLOSESTATES=4
SYSTEMMAXIMIZEHCHOTSTATES=4
SYSTEMMAXIMIZESTATES=4
SYSTEMMINIMIZEHCHOTSTATES=4
SYSTEMMINIMIZESTATES=4
SYSTEMRESTOREHCHOTSTATES=4
SYSTEMRESTORESTATES=4
SYSTEM_POWER_CONDITION=4
SYSTEM_POWER_STATE=4
SZM_FLAGS=4
SecDelegationType=4
SecureLockIconConstants=4
SetupFileLogInfo=4
SharedVirtualDiskHandleState=4
SharedVirtualDiskSupportType=4
ShellFolderViewOptions=4
ShellSpecialFolderConstants=4
ShellWindowFindWindowOptions=4
ShellWindowTypeConstants=4
ShutdownType=4
SmoothingMode=4
SpeechAudioFormatType=4
SpeechAudioState=4
SpeechBookmarkOptions=4
SpeechDataKeyLocation=4
SpeechDiscardType=4
SpeechDisplayAttributes=4
SpeechEmulationCompareFlags=4
SpeechEngineConfidence=4
SpeechFormatType=4
SpeechGrammarRuleStateTransitionType=4
SpeechGrammarState=4
SpeechGrammarWordType=4
SpeechInterference=4
SpeechLexiconType=4
SpeechLoadOption=4
SpeechPartOfSpeech=4
SpeechRecoContextState=4
SpeechRecoEvents=4
SpeechRecognitionType=4
SpeechRecognizerState=4
SpeechRetainedAudioOptions=4
SpeechRuleAttributes=4
SpeechRuleState=4
SpeechRunState=4
SpeechSpecialTransitionType=4
SpeechStreamFileMode=4
SpeechStreamSeekPositionType=4
SpeechTokenContext=4
SpeechTokenShellFolder=4
SpeechVisemeFeature=4
SpeechVisemeType=4
SpeechVoiceEvents=4
SpeechVoicePriority=4
SpeechVoiceSpeakFlags=4
SpeechWordPronounceable=4
SpeechWordType=4
StringAlignment=4
StringDigitSubstitute=4
StringFormatFlags=4
StringTrimming=4
SymTagEnum=4
TABITEMBOTHEDGESTATES=4
TABITEMLEFTEDGESTATES=4
TABITEMRIGHTEDGESTATES=4
TABITEMSTATES=4
TABPARTS=4
TABSTATES=4
TAPE_DRIVE_PROBLEM_TYPE=4
TASKDIALOGPARTS=4
TASKDIALOG_ELEMENTS=4
TASKDIALOG_ICON_ELEMENTS=4
TASKDIALOG_MESSAGES=4
TASKDIALOG_NOTIFICATIONS=4
TASKLINKSTATES=4
TA_PROPERTY=4
TA_PROPERTY_FLAG=4
TA_TIMINGFUNCTION_TYPE=4
TA_TRANSFORM_FLAG=4
TA_TRANSFORM_TYPE=4
TBPFLAG=4
TCPIP_OWNER_MODULE_INFO_CLASS=4
TCP_BOOLEAN_OPTIONAL=4
TCP_CONNECTION_OFFLOAD_STATE=4
TCP_ESTATS_TYPE=4
TCP_RTO_ALGORITHM=4
TCP_SOFT_ERROR=4
TCP_TABLE_CLASS=4
TEXTMODE=4
TEXTSELECTIONGRIPPERPARTS=4
TEXTSTYLEPARTS=4
THDTYPE=4
THEMESIZE=4
THREAD_INFORMATION_CLASS=4
THREAD_WRITE_FLAGS=4
THUMBBOTTOMSTATES=4
THUMBBUTTONFLAGS=4
THUMBBUTTONMASK=4
THUMBLEFTSTATES=4
THUMBRIGHTSTATES=4
THUMBSTATES=4
THUMBTOPSTATES=4
THUMBVERTSTATES=4
TICSSTATES=4
TICSVERTSTATES=4
TITLEBARSTATES=4
TOKEN_ELEVATION_TYPE=4
TOKEN_INFORMATION_CLASS=4
TOKEN_TYPE=4
TOOLBARPARTS=4
TOOLBARSTYLESTATES=4
TOOLTIPPARTS=4
TOOLTIP_DISMISS_FLAGS=4
TOPTABITEMBOTHEDGESTATES=4
TOPTABITEMLEFTEDGESTATES=4
TOPTABITEMRIGHTEDGESTATES=4
TOPTABITEMSTATES=4
TP_CALLBACK_PRIORITY=4
TRACKBARPARTS=4
TRACKBARSTYLESTATES=4
TRACKSTATES=4
TRACKVERTSTATES=4
TRANSACTIONMANAGER_INFORMATION_CLASS=4
TRANSACTION_INFORMATION_CLASS=4
TRANSACTION_OUTCOME=4
TRANSACTION_STATE=4
TRANSPARENTBACKGROUNDSTATES=4
TRANSPARENTBARSTATES=4
TRANSPARENTBARVERTSTATES=4
TREEITEMSTATES=4
TREEVIEWPARTS=4
TUNNEL_TYPE=4
TVITEMPART=4
TYMED=4
TYPEFLAGS=4
TYPEKIND=4
TYSPEC=4
TextRenderingHint=4
UASFLAGS=4
UDP_ENCAP_TYPE=4
UDP_TABLE_CLASS=4
UNDOCK_REASON=4
UNDONAMEID=4
UPDATEMETADATASTATES=4
UPHORZSTATES=4
UPSTATES=4
URLIS=4
URLTEMPLATE=4
URLZONE=4
URLZONEREG=4
URL_ENCODING=4
URL_PART=4
URL_SCHEME=4
USERCLASSTYPE=4
USERTILEPARTS=4
USER_ACTIVITY_PRESENCE=4
USER_MARSHAL_CB_TYPE=4
Unit=4
Uri_HOST_TYPE=4
Uri_PROPERTY=4
VARENUM=4
VARFLAGS=4
VARKIND=4
VERTSCROLLSTATES=4
VERTTHUMBSTATES=4
VIEWSTATUS=4
VIRTUAL_STORAGE_BEHAVIOR_CODE=4
VPCOLORFLAGS=4
VPWATERMARKFLAGS=4
WARNINGSTATES=4
WELL_KNOWN_SID_TYPE=4
WIN32_MEMORY_INFORMATION_CLASS=4
WIN32_MEMORY_PARTITION_INFORMATION_CLASS=4
WINDOWPARTS=4
WINDOWTHEMEATTRIBUTETYPE=4
WINHTTP_PROXY_SETTINGS_TYPE=4
WINHTTP_REQUEST_STAT_ENTRY=4
WINHTTP_REQUEST_TIME_ENTRY=4
WINHTTP_SECURE_DNS_SETTING=4
WINHTTP_WEB_SOCKET_BUFFER_TYPE=4
WINHTTP_WEB_SOCKET_CLOSE_STATUS=4
WINHTTP_WEB_SOCKET_OPERATION=4
WPCSETTING=4
WRENCHSTATES=4
WRITE_CACHE_CHANGE=4
WRITE_CACHE_ENABLE=4
WRITE_CACHE_TYPE=4
WRITE_THROUGH=4
WSACOMPLETIONTYPE=4
WSAECOMPARATOR=4
WSAESETSERVICEOP=4
WarpMode=4
WrapMode=4
XFORMCOORDS=4
XLAT_SIDE=4
XMLELEM_TYPE=4
ZAFLAGS=4
_BROWSERFRAMEOPTIONS=4
_CDBE_ACTIONS=4
_EXPCMDFLAGS=4
_EXPCMDSTATE=4
_EXPLORERPANESTATE=4
_EXPPS=4
_FILEOPENDIALOGOPTIONS=4
_KF_DEFINITION_FLAGS=4
_KF_REDIRECTION_CAPABILITIES=4
_KF_REDIRECT_FLAGS=4
_LI_METRIC=4
_NMCII_FLAGS=4
_NMCSAEI_FLAGS=4
_NSTCECLICKTYPE=4
_NSTCEHITTEST=4
_NSTCITEMSTATE=4
_NSTCROOTSTYLE=4
_NSTCSTYLE=4
_OPPROGDLGF=4
_PDMODE=4
_PERSIST_SPROPSTORE_FLAGS=4
_PROPERTYUI_FLAGS=4
_PROPERTYUI_FORMAT_FLAGS=4
_PROPERTYUI_NAME_FLAGS=4
_SHCONTF=4
_SHGDNF=4
_SICHINTF=4
_SIIGBF=4
_SPBEGINF=4
_SPINITF=4
_SV3CVW3_FLAGS=4
_SVGIO=4
_SVSIF=4
_TASKDIALOG_COMMON_BUTTON_FLAGS=4
_TASKDIALOG_FLAGS=4
_TRANSFER_ADVISE_STATE=4
_TRANSFER_SOURCE_FLAGS=4
__MIDL_IInternetZoneManager_0001=4
__MIDL___MIDL_itf_dbgprop_0000_0000_0001=4
__MIDL___MIDL_itf_dbgprop_0000_0000_0002=4
__SAL_YesNo=4
mkl_jit_status_t=4
sparse_checker_error_values=4
sparse_diag_type_t=4
sparse_fill_mode_t=4
sparse_index_base_t=4
sparse_layout_t=4
sparse_matrix_formats=4
sparse_matrix_indexing=4
sparse_matrix_message_levels=4
sparse_matrix_print_styles=4
sparse_matrix_structures=4
sparse_matrix_type_t=4
sparse_memory_usage_t=4
sparse_operation_t=4
sparse_qr_hint_t=4
sparse_request_t=4
sparse_sor_type_t=4
sparse_status_t=4
system_handle_t=4
tagBANDSITECID=4
tagCDBURNINGEXTENSIONRET=4
tagDESKBANDCID=4
tagDTI_ADTIWUI=4
tagMENUBANDHANDLERCID=4
tagMENUPOPUPPOPUPFLAGS=4
tagMENUPOPUPSELECT=4
tagOPEN_AS_INFO_FLAGS=4
tagPOINTER_INPUT_TYPE=4
tagSFBS_FLAGS=4
tagSMINFOFLAGS=4
tagSMINFOMASK=4
tagSMINFOTYPE=4
tagSORTDIRECTION=4
verbose_mode_t=4
